2026-03-02 18:17:22,205 INFO: [mhc/mhc-I/mouse/H2-K] page=0 offset=0 n=1000
2026-03-02 18:18:01,711 INFO: [mhc/mhc-I/mouse/H2-K] page=1 offset=1000 n=1000
2026-03-02 18:18:41,580 INFO: [mhc/mhc-I/mouse/H2-K] page=2 offset=2000 n=1000
2026-03-02 18:19:21,368 INFO: [mhc/mhc-I/mouse/H2-K] page=3 offset=3000 n=1000
2026-03-02 18:20:00,986 INFO: [mhc/mhc-I/mouse/H2-K] page=4 offset=4000 n=1000
2026-03-02 18:20:39,569 INFO: [mhc/mhc-I/mouse/H2-K] page=5 offset=5000 n=1000
2026-03-02 18:21:19,142 INFO: [mhc/mhc-I/mouse/H2-K] page=6 offset=6000 n=1000
2026-03-02 18:21:58,683 INFO: [mhc/mhc-I/mouse/H2-K] page=7 offset=7000 n=1000
2026-03-02 18:22:38,721 INFO: [mhc/mhc-I/mouse/H2-K] page=8 offset=8000 n=1000
2026-03-02 18:23:17,808 INFO: [mhc/mhc-I/mouse/H2-K] page=9 offset=9000 n=1000
2026-03-02 18:23:57,357 INFO: [mhc/mhc-I/mouse/H2-K] page=10 offset=10000 n=1000
2026-03-02 18:24:36,461 INFO: [mhc/mhc-I/mouse/H2-K] page=11 offset=11000 n=1000
2026-03-02 18:25:16,080 INFO: [mhc/mhc-I/mouse/H2-K] page=12 offset=12000 n=1000
2026-03-02 18:25:56,103 INFO: [mhc/mhc-I/mouse/H2-K] page=13 offset=13000 n=1000
2026-03-02 18:26:35,907 INFO: [mhc/mhc-I/mouse/H2-K] page=14 offset=14000 n=1000
2026-03-02 18:27:15,562 INFO: [mhc/mhc-I/mouse/H2-K] page=15 offset=15000 n=1000
2026-03-02 18:27:59,075 INFO: [mhc/mhc-I/mouse/H2-K] page=16 offset=16000 n=1000
2026-03-02 18:28:39,296 INFO: [mhc/mhc-I/mouse/H2-K] page=17 offset=17000 n=1000
2026-03-02 18:29:18,507 INFO: [mhc/mhc-I/mouse/H2-K] page=18 offset=18000 n=1000
2026-03-02 18:29:58,004 INFO: [mhc/mhc-I/mouse/H2-K] page=19 offset=19000 n=1000
2026-03-02 18:30:36,795 INFO: [mhc/mhc-I/mouse/H2-K] page=20 offset=20000 n=1000
2026-03-02 18:31:16,345 INFO: [mhc/mhc-I/mouse/H2-K] page=21 offset=21000 n=1000
2026-03-02 18:31:55,724 INFO: [mhc/mhc-I/mouse/H2-K] page=22 offset=22000 n=1000
2026-03-02 18:32:35,729 INFO: [mhc/mhc-I/mouse/H2-K] page=23 offset=23000 n=1000
2026-03-02 18:33:16,236 INFO: [mhc/mhc-I/mouse/H2-K] page=24 offset=24000 n=1000
2026-03-02 18:33:55,900 INFO: [mhc/mhc-I/mouse/H2-K] page=25 offset=25000 n=1000
2026-03-02 18:34:35,756 INFO: [mhc/mhc-I/mouse/H2-K] page=26 offset=26000 n=1000
2026-03-02 18:35:15,498 INFO: [mhc/mhc-I/mouse/H2-K] page=27 offset=27000 n=1000
2026-03-02 18:35:55,169 INFO: [mhc/mhc-I/mouse/H2-K] page=28 offset=28000 n=1000
2026-03-02 18:36:34,227 INFO: [mhc/mhc-I/mouse/H2-K] page=29 offset=29000 n=1000
2026-03-02 18:37:15,532 INFO: [mhc/mhc-I/mouse/H2-K] page=30 offset=30000 n=1000
2026-03-02 18:37:55,100 INFO: [mhc/mhc-I/mouse/H2-K] page=31 offset=31000 n=1000
2026-03-02 18:38:35,355 INFO: [mhc/mhc-I/mouse/H2-K] page=32 offset=32000 n=1000
2026-03-02 18:39:14,740 INFO: [mhc/mhc-I/mouse/H2-K] page=33 offset=33000 n=1000
2026-03-02 18:39:54,013 INFO: [mhc/mhc-I/mouse/H2-K] page=34 offset=34000 n=1000
2026-03-02 18:40:33,585 INFO: [mhc/mhc-I/mouse/H2-K] page=35 offset=35000 n=1000
2026-03-02 18:41:13,280 INFO: [mhc/mhc-I/mouse/H2-K] page=36 offset=36000 n=1000
2026-03-02 18:41:52,837 INFO: [mhc/mhc-I/mouse/H2-K] page=37 offset=37000 n=1000
2026-03-02 18:42:32,130 INFO: [mhc/mhc-I/mouse/H2-K] page=38 offset=38000 n=1000
2026-03-02 18:43:11,796 INFO: [mhc/mhc-I/mouse/H2-K] page=39 offset=39000 n=1000
2026-03-02 18:43:52,788 INFO: [mhc/mhc-I/mouse/H2-K] page=40 offset=40000 n=1000
2026-03-02 18:44:33,358 INFO: [mhc/mhc-I/mouse/H2-K] page=41 offset=41000 n=1000
2026-03-02 18:45:13,516 INFO: [mhc/mhc-I/mouse/H2-K] page=42 offset=42000 n=1000
2026-03-02 18:45:53,786 INFO: [mhc/mhc-I/mouse/H2-K] page=43 offset=43000 n=1000
2026-03-02 18:46:33,338 INFO: [mhc/mhc-I/mouse/H2-K] page=44 offset=44000 n=1000
2026-03-02 18:47:14,141 INFO: [mhc/mhc-I/mouse/H2-K] page=45 offset=45000 n=1000
2026-03-02 18:47:54,769 INFO: [mhc/mhc-I/mouse/H2-K] page=46 offset=46000 n=1000
2026-03-02 18:48:35,043 INFO: [mhc/mhc-I/mouse/H2-K] page=47 offset=47000 n=1000
2026-03-02 18:49:16,441 INFO: [mhc/mhc-I/mouse/H2-K] page=48 offset=48000 n=1000
2026-03-02 18:49:58,305 INFO: [mhc/mhc-I/mouse/H2-K] page=49 offset=49000 n=1000
2026-03-02 18:50:39,603 INFO: [mhc/mhc-I/mouse/H2-K] page=50 offset=50000 n=1000
2026-03-02 18:51:20,062 INFO: [mhc/mhc-I/mouse/H2-K] page=51 offset=51000 n=1000
2026-03-02 18:52:01,497 INFO: [mhc/mhc-I/mouse/H2-K] page=52 offset=52000 n=1000
2026-03-02 18:52:42,670 INFO: [mhc/mhc-I/mouse/H2-K] page=53 offset=53000 n=1000
2026-03-02 18:53:23,515 INFO: [mhc/mhc-I/mouse/H2-K] page=54 offset=54000 n=1000
2026-03-02 18:54:03,704 INFO: [mhc/mhc-I/mouse/H2-K] page=55 offset=55000 n=1000
2026-03-02 18:54:43,531 INFO: [mhc/mhc-I/mouse/H2-K] page=56 offset=56000 n=1000
2026-03-02 18:55:25,242 INFO: [mhc/mhc-I/mouse/H2-K] page=57 offset=57000 n=1000
2026-03-02 18:56:08,882 INFO: [mhc/mhc-I/mouse/H2-K] page=58 offset=58000 n=1000
2026-03-02 18:56:51,183 INFO: [mhc/mhc-I/mouse/H2-K] page=59 offset=59000 n=1000
2026-03-02 18:57:33,138 INFO: [mhc/mhc-I/mouse/H2-K] page=60 offset=60000 n=1000
2026-03-02 18:58:17,801 INFO: [mhc/mhc-I/mouse/H2-K] page=61 offset=61000 n=1000
2026-03-02 18:59:05,373 INFO: [mhc/mhc-I/mouse/H2-K] page=62 offset=62000 n=1000
2026-03-02 18:59:48,987 INFO: [mhc/mhc-I/mouse/H2-K] page=63 offset=63000 n=1000
2026-03-02 19:00:33,853 INFO: [mhc/mhc-I/mouse/H2-K] page=64 offset=64000 n=1000
2026-03-02 19:01:22,501 INFO: [mhc/mhc-I/mouse/H2-K] page=65 offset=65000 n=1000
2026-03-02 19:02:07,092 INFO: [mhc/mhc-I/mouse/H2-K] page=66 offset=66000 n=1000
2026-03-02 19:02:51,569 INFO: [mhc/mhc-I/mouse/H2-K] page=67 offset=67000 n=1000
2026-03-02 19:03:34,840 INFO: [mhc/mhc-I/mouse/H2-K] page=68 offset=68000 n=1000
2026-03-02 19:04:18,593 INFO: [mhc/mhc-I/mouse/H2-K] page=69 offset=69000 n=1000
2026-03-02 19:05:03,442 INFO: [mhc/mhc-I/mouse/H2-K] page=70 offset=70000 n=1000
2026-03-02 19:05:47,804 INFO: [mhc/mhc-I/mouse/H2-K] page=71 offset=71000 n=1000
2026-03-02 19:06:33,395 INFO: [mhc/mhc-I/mouse/H2-K] page=72 offset=72000 n=1000
2026-03-02 19:07:20,007 INFO: [mhc/mhc-I/mouse/H2-K] page=73 offset=73000 n=1000
2026-03-02 19:08:05,355 INFO: [mhc/mhc-I/mouse/H2-K] page=74 offset=74000 n=1000
2026-03-02 19:08:51,876 INFO: [mhc/mhc-I/mouse/H2-K] page=75 offset=75000 n=1000
2026-03-02 19:09:39,030 INFO: [mhc/mhc-I/mouse/H2-K] page=76 offset=76000 n=1000
2026-03-02 19:10:25,820 INFO: [mhc/mhc-I/mouse/H2-K] page=77 offset=77000 n=1000
2026-03-02 19:11:08,771 INFO: [mhc/mhc-I/mouse/H2-K] page=78 offset=78000 n=1000
2026-03-02 19:11:51,683 INFO: [mhc/mhc-I/mouse/H2-K] page=79 offset=79000 n=1000
2026-03-02 19:12:34,822 INFO: [mhc/mhc-I/mouse/H2-K] page=80 offset=80000 n=1000
2026-03-02 19:13:20,229 INFO: [mhc/mhc-I/mouse/H2-K] page=81 offset=81000 n=1000
2026-03-02 19:14:08,029 INFO: [mhc/mhc-I/mouse/H2-K] page=82 offset=82000 n=1000
2026-03-02 19:14:53,090 INFO: [mhc/mhc-I/mouse/H2-K] page=83 offset=83000 n=1000
2026-03-02 19:15:39,274 INFO: [mhc/mhc-I/mouse/H2-K] page=84 offset=84000 n=1000
2026-03-02 19:16:27,197 INFO: [mhc/mhc-I/mouse/H2-K] page=85 offset=85000 n=1000
2026-03-02 19:17:08,511 INFO: [mhc/mhc-I/mouse/H2-K] page=86 offset=86000 n=1000
2026-03-02 19:17:50,533 INFO: [mhc/mhc-I/mouse/H2-K] page=87 offset=87000 n=104
2026-03-02 19:18:31,060 INFO: [mhc/mhc-I/mouse/H2-K] page=88 offset=88000 n=0
2026-03-02 19:18:40,373 INFO: [tcell/mhc-I/mouse/H2-K] page=0 offset=0 n=908
2026-03-02 19:18:42,119 INFO: [tcell/mhc-I/mouse/H2-K] page=1 offset=1000 n=0
2026-03-02 19:19:29,492 INFO: [mhc/mhc-I/mouse/H2-D] page=0 offset=0 n=1000
2026-03-02 19:20:16,772 INFO: [mhc/mhc-I/mouse/H2-D] page=1 offset=1000 n=1000
2026-03-02 19:21:01,460 INFO: [mhc/mhc-I/mouse/H2-D] page=2 offset=2000 n=1000
2026-03-02 19:21:45,888 INFO: [mhc/mhc-I/mouse/H2-D] page=3 offset=3000 n=1000
2026-03-02 19:24:05,718 ERROR: Error en petición a https://query-api.iedb.org/mhc_export página 4: ('Connection broken: IncompleteRead(2538833 bytes read, 2656675 more expected)', IncompleteRead(2538833 bytes read, 2656675 more expected))
2026-03-02 19:24:12,187 INFO: [tcell/mhc-I/mouse/H2-D] page=0 offset=0 n=444
2026-03-02 19:24:13,745 INFO: [tcell/mhc-I/mouse/H2-D] page=1 offset=1000 n=0
2026-03-02 19:25:20,972 INFO: [mhc/mhc-I/mouse/H2-L] page=0 offset=0 n=38
2026-03-02 19:26:08,148 INFO: [mhc/mhc-I/mouse/H2-L] page=1 offset=1000 n=0
2026-03-02 19:26:23,521 INFO: [tcell/mhc-I/mouse/H2-L] page=0 offset=0 n=101
2026-03-02 19:26:25,258 INFO: [tcell/mhc-I/mouse/H2-L] page=1 offset=1000 n=0
2026-03-02 19:28:52,314 INFO: [mhc/mhc-II/mouse/H2-IA] page=0 offset=0 n=1000
2026-03-02 19:29:46,397 INFO: [mhc/mhc-II/mouse/H2-IA] page=1 offset=1000 n=1000
2026-03-02 19:30:42,962 INFO: [mhc/mhc-II/mouse/H2-IA] page=2 offset=2000 n=1000
2026-03-02 19:31:40,664 INFO: [mhc/mhc-II/mouse/H2-IA] page=3 offset=3000 n=1000
2026-03-02 19:32:31,481 INFO: [mhc/mhc-II/mouse/H2-IA] page=4 offset=4000 n=1000
2026-03-02 19:33:17,186 INFO: [mhc/mhc-II/mouse/H2-IA] page=5 offset=5000 n=1000
2026-03-02 19:34:04,622 INFO: [mhc/mhc-II/mouse/H2-IA] page=6 offset=6000 n=1000
2026-03-02 19:34:54,585 INFO: [mhc/mhc-II/mouse/H2-IA] page=7 offset=7000 n=1000
2026-03-02 19:35:42,235 INFO: [mhc/mhc-II/mouse/H2-IA] page=8 offset=8000 n=1000
2026-03-02 19:36:26,554 INFO: [mhc/mhc-II/mouse/H2-IA] page=9 offset=9000 n=1000
2026-03-02 19:37:12,760 INFO: [mhc/mhc-II/mouse/H2-IA] page=10 offset=10000 n=1000
2026-03-02 19:37:57,888 INFO: [mhc/mhc-II/mouse/H2-IA] page=11 offset=11000 n=1000
2026-03-02 19:38:42,622 INFO: [mhc/mhc-II/mouse/H2-IA] page=12 offset=12000 n=1000
2026-03-02 19:39:26,794 INFO: [mhc/mhc-II/mouse/H2-IA] page=13 offset=13000 n=1000
2026-03-02 19:40:13,416 INFO: [mhc/mhc-II/mouse/H2-IA] page=14 offset=14000 n=1000
2026-03-02 19:41:05,549 INFO: [mhc/mhc-II/mouse/H2-IA] page=15 offset=15000 n=1000
2026-03-02 19:41:53,780 INFO: [mhc/mhc-II/mouse/H2-IA] page=16 offset=16000 n=1000
2026-03-02 19:42:38,505 INFO: [mhc/mhc-II/mouse/H2-IA] page=17 offset=17000 n=1000
2026-03-02 19:43:22,084 INFO: [mhc/mhc-II/mouse/H2-IA] page=18 offset=18000 n=1000
2026-03-02 19:44:05,230 INFO: [mhc/mhc-II/mouse/H2-IA] page=19 offset=19000 n=1000
2026-03-02 19:44:48,573 INFO: [mhc/mhc-II/mouse/H2-IA] page=20 offset=20000 n=394
2026-03-02 19:45:30,998 INFO: [mhc/mhc-II/mouse/H2-IA] page=21 offset=21000 n=0
2026-03-02 19:45:35,721 INFO: [tcell/mhc-II/mouse/H2-IA] page=0 offset=0 n=1000
2026-03-02 19:45:39,782 INFO: [tcell/mhc-II/mouse/H2-IA] page=1 offset=1000 n=806
2026-03-02 19:45:41,369 INFO: [tcell/mhc-II/mouse/H2-IA] page=2 offset=2000 n=0
2026-03-02 19:46:24,441 INFO: [mhc/mhc-II/mouse/H2-IE] page=0 offset=0 n=190
2026-03-02 19:47:07,314 INFO: [mhc/mhc-II/mouse/H2-IE] page=1 offset=1000 n=0
2026-03-02 19:47:09,870 INFO: [tcell/mhc-II/mouse/H2-IE] page=0 offset=0 n=144
2026-03-02 19:47:11,534 INFO: [tcell/mhc-II/mouse/H2-IE] page=1 offset=1000 n=0
2026-03-02 19:47:52,699 INFO: [mhc/mhc-I/human/HLA-A] page=0 offset=0 n=1000
2026-03-02 19:48:35,877 INFO: [mhc/mhc-I/human/HLA-A] page=1 offset=1000 n=1000
2026-03-02 19:49:19,378 INFO: [mhc/mhc-I/human/HLA-A] page=2 offset=2000 n=1000
2026-03-02 19:50:02,597 INFO: [mhc/mhc-I/human/HLA-A] page=3 offset=3000 n=1000
2026-03-02 19:50:45,973 INFO: [mhc/mhc-I/human/HLA-A] page=4 offset=4000 n=1000
2026-03-02 19:51:29,139 INFO: [mhc/mhc-I/human/HLA-A] page=5 offset=5000 n=1000
2026-03-02 19:52:12,542 INFO: [mhc/mhc-I/human/HLA-A] page=6 offset=6000 n=1000
2026-03-02 19:52:55,771 INFO: [mhc/mhc-I/human/HLA-A] page=7 offset=7000 n=1000
2026-03-02 19:53:38,578 INFO: [mhc/mhc-I/human/HLA-A] page=8 offset=8000 n=1000
2026-03-02 19:54:23,738 INFO: [mhc/mhc-I/human/HLA-A] page=9 offset=9000 n=1000
2026-03-02 19:55:08,156 INFO: [mhc/mhc-I/human/HLA-A] page=10 offset=10000 n=1000
2026-03-02 19:55:51,877 INFO: [mhc/mhc-I/human/HLA-A] page=11 offset=11000 n=1000
2026-03-02 19:56:34,552 INFO: [mhc/mhc-I/human/HLA-A] page=12 offset=12000 n=1000
2026-03-02 19:57:17,000 INFO: [mhc/mhc-I/human/HLA-A] page=13 offset=13000 n=1000
2026-03-02 19:57:59,971 INFO: [mhc/mhc-I/human/HLA-A] page=14 offset=14000 n=1000
2026-03-02 19:58:42,182 INFO: [mhc/mhc-I/human/HLA-A] page=15 offset=15000 n=1000
2026-03-02 19:59:24,337 INFO: [mhc/mhc-I/human/HLA-A] page=16 offset=16000 n=1000
2026-03-02 20:00:06,976 INFO: [mhc/mhc-I/human/HLA-A] page=17 offset=17000 n=1000
2026-03-02 20:00:53,706 INFO: [mhc/mhc-I/human/HLA-A] page=18 offset=18000 n=1000
2026-03-02 20:01:40,676 INFO: [mhc/mhc-I/human/HLA-A] page=19 offset=19000 n=1000
2026-03-02 20:02:26,345 INFO: [mhc/mhc-I/human/HLA-A] page=20 offset=20000 n=1000
2026-03-02 20:03:10,783 INFO: [mhc/mhc-I/human/HLA-A] page=21 offset=21000 n=1000
2026-03-02 20:03:53,977 INFO: [mhc/mhc-I/human/HLA-A] page=22 offset=22000 n=1000
2026-03-02 20:04:37,079 INFO: [mhc/mhc-I/human/HLA-A] page=23 offset=23000 n=1000
2026-03-02 20:05:19,427 INFO: [mhc/mhc-I/human/HLA-A] page=24 offset=24000 n=1000
2026-03-02 20:06:02,840 INFO: [mhc/mhc-I/human/HLA-A] page=25 offset=25000 n=1000
2026-03-02 20:06:47,198 INFO: [mhc/mhc-I/human/HLA-A] page=26 offset=26000 n=1000
2026-03-02 20:07:30,711 INFO: [mhc/mhc-I/human/HLA-A] page=27 offset=27000 n=1000
2026-03-02 20:08:13,661 INFO: [mhc/mhc-I/human/HLA-A] page=28 offset=28000 n=1000
2026-03-02 20:08:57,241 INFO: [mhc/mhc-I/human/HLA-A] page=29 offset=29000 n=1000
2026-03-02 20:09:41,952 INFO: [mhc/mhc-I/human/HLA-A] page=30 offset=30000 n=1000
2026-03-02 20:10:26,809 INFO: [mhc/mhc-I/human/HLA-A] page=31 offset=31000 n=1000
2026-03-02 20:11:10,988 INFO: [mhc/mhc-I/human/HLA-A] page=32 offset=32000 n=1000
2026-03-02 20:11:54,130 INFO: [mhc/mhc-I/human/HLA-A] page=33 offset=33000 n=1000
2026-03-02 20:12:38,326 INFO: [mhc/mhc-I/human/HLA-A] page=34 offset=34000 n=1000
2026-03-02 20:13:22,261 INFO: [mhc/mhc-I/human/HLA-A] page=35 offset=35000 n=1000
2026-03-02 20:14:06,388 INFO: [mhc/mhc-I/human/HLA-A] page=36 offset=36000 n=1000
2026-03-02 20:14:49,958 INFO: [mhc/mhc-I/human/HLA-A] page=37 offset=37000 n=1000
2026-03-02 20:15:32,528 INFO: [mhc/mhc-I/human/HLA-A] page=38 offset=38000 n=1000
2026-03-02 20:16:15,086 INFO: [mhc/mhc-I/human/HLA-A] page=39 offset=39000 n=1000
2026-03-02 20:16:57,530 INFO: [mhc/mhc-I/human/HLA-A] page=40 offset=40000 n=1000
2026-03-02 20:17:39,809 INFO: [mhc/mhc-I/human/HLA-A] page=41 offset=41000 n=1000
2026-03-02 20:18:23,946 INFO: [mhc/mhc-I/human/HLA-A] page=42 offset=42000 n=1000
2026-03-02 20:19:08,018 INFO: [mhc/mhc-I/human/HLA-A] page=43 offset=43000 n=1000
2026-03-02 20:19:52,000 INFO: [mhc/mhc-I/human/HLA-A] page=44 offset=44000 n=1000
2026-03-02 20:20:35,330 INFO: [mhc/mhc-I/human/HLA-A] page=45 offset=45000 n=1000
2026-03-02 20:21:17,659 INFO: [mhc/mhc-I/human/HLA-A] page=46 offset=46000 n=1000
2026-03-02 20:21:58,235 INFO: [mhc/mhc-I/human/HLA-A] page=47 offset=47000 n=1000
2026-03-02 20:22:40,477 INFO: [mhc/mhc-I/human/HLA-A] page=48 offset=48000 n=1000
2026-03-02 20:23:24,026 INFO: [mhc/mhc-I/human/HLA-A] page=49 offset=49000 n=1000
2026-03-02 20:24:08,223 INFO: [mhc/mhc-I/human/HLA-A] page=50 offset=50000 n=1000
2026-03-02 20:24:52,424 INFO: [mhc/mhc-I/human/HLA-A] page=51 offset=51000 n=1000
2026-03-02 20:25:34,742 INFO: [mhc/mhc-I/human/HLA-A] page=52 offset=52000 n=1000
2026-03-02 20:26:16,540 INFO: [mhc/mhc-I/human/HLA-A] page=53 offset=53000 n=1000
2026-03-02 20:26:58,220 INFO: [mhc/mhc-I/human/HLA-A] page=54 offset=54000 n=1000
2026-03-02 20:27:41,526 INFO: [mhc/mhc-I/human/HLA-A] page=55 offset=55000 n=1000
2026-03-02 20:28:24,675 INFO: [mhc/mhc-I/human/HLA-A] page=56 offset=56000 n=1000
2026-03-02 20:29:08,058 INFO: [mhc/mhc-I/human/HLA-A] page=57 offset=57000 n=1000
2026-03-02 20:29:51,165 INFO: [mhc/mhc-I/human/HLA-A] page=58 offset=58000 n=1000
2026-03-02 20:30:35,964 INFO: [mhc/mhc-I/human/HLA-A] page=59 offset=59000 n=1000
2026-03-02 20:31:22,497 INFO: [mhc/mhc-I/human/HLA-A] page=60 offset=60000 n=1000
2026-03-02 20:32:08,825 INFO: [mhc/mhc-I/human/HLA-A] page=61 offset=61000 n=1000
2026-03-02 20:32:51,833 INFO: [mhc/mhc-I/human/HLA-A] page=62 offset=62000 n=1000
2026-03-02 20:33:36,312 INFO: [mhc/mhc-I/human/HLA-A] page=63 offset=63000 n=1000
2026-03-02 20:34:19,337 INFO: [mhc/mhc-I/human/HLA-A] page=64 offset=64000 n=1000
2026-03-02 20:35:02,205 INFO: [mhc/mhc-I/human/HLA-A] page=65 offset=65000 n=1000
2026-03-02 20:35:43,896 INFO: [mhc/mhc-I/human/HLA-A] page=66 offset=66000 n=1000
2026-03-02 20:36:27,995 INFO: [mhc/mhc-I/human/HLA-A] page=67 offset=67000 n=1000
2026-03-02 20:37:11,914 INFO: [mhc/mhc-I/human/HLA-A] page=68 offset=68000 n=1000
2026-03-02 20:37:55,290 INFO: [mhc/mhc-I/human/HLA-A] page=69 offset=69000 n=1000
2026-03-02 20:38:38,544 INFO: [mhc/mhc-I/human/HLA-A] page=70 offset=70000 n=1000
2026-03-02 20:39:20,384 INFO: [mhc/mhc-I/human/HLA-A] page=71 offset=71000 n=1000
2026-03-02 20:40:01,144 INFO: [mhc/mhc-I/human/HLA-A] page=72 offset=72000 n=1000
2026-03-02 20:40:43,443 INFO: [mhc/mhc-I/human/HLA-A] page=73 offset=73000 n=1000
2026-03-02 20:41:26,048 INFO: [mhc/mhc-I/human/HLA-A] page=74 offset=74000 n=1000
2026-03-02 20:42:08,230 INFO: [mhc/mhc-I/human/HLA-A] page=75 offset=75000 n=1000
2026-03-02 20:42:50,025 INFO: [mhc/mhc-I/human/HLA-A] page=76 offset=76000 n=1000
2026-03-02 20:43:32,043 INFO: [mhc/mhc-I/human/HLA-A] page=77 offset=77000 n=1000
2026-03-02 20:44:13,483 INFO: [mhc/mhc-I/human/HLA-A] page=78 offset=78000 n=1000
2026-03-02 20:44:55,288 INFO: [mhc/mhc-I/human/HLA-A] page=79 offset=79000 n=1000
2026-03-02 20:45:37,373 INFO: [mhc/mhc-I/human/HLA-A] page=80 offset=80000 n=1000
2026-03-02 20:46:20,241 INFO: [mhc/mhc-I/human/HLA-A] page=81 offset=81000 n=1000
2026-03-02 20:47:03,008 INFO: [mhc/mhc-I/human/HLA-A] page=82 offset=82000 n=1000
2026-03-02 20:47:45,069 INFO: [mhc/mhc-I/human/HLA-A] page=83 offset=83000 n=1000
2026-03-02 20:48:26,535 INFO: [mhc/mhc-I/human/HLA-A] page=84 offset=84000 n=1000
2026-03-02 20:49:09,412 INFO: [mhc/mhc-I/human/HLA-A] page=85 offset=85000 n=1000
2026-03-02 20:49:51,047 INFO: [mhc/mhc-I/human/HLA-A] page=86 offset=86000 n=1000
2026-03-02 20:50:33,130 INFO: [mhc/mhc-I/human/HLA-A] page=87 offset=87000 n=1000
2026-03-02 20:51:16,663 INFO: [mhc/mhc-I/human/HLA-A] page=88 offset=88000 n=1000
2026-03-02 20:51:59,867 INFO: [mhc/mhc-I/human/HLA-A] page=89 offset=89000 n=1000
2026-03-02 20:52:42,463 INFO: [mhc/mhc-I/human/HLA-A] page=90 offset=90000 n=1000
2026-03-02 20:53:24,142 INFO: [mhc/mhc-I/human/HLA-A] page=91 offset=91000 n=1000
2026-03-02 20:54:05,283 INFO: [mhc/mhc-I/human/HLA-A] page=92 offset=92000 n=1000
2026-03-02 20:54:46,953 INFO: [mhc/mhc-I/human/HLA-A] page=93 offset=93000 n=1000
2026-03-02 20:55:27,740 INFO: [mhc/mhc-I/human/HLA-A] page=94 offset=94000 n=1000
2026-03-02 20:56:09,581 INFO: [mhc/mhc-I/human/HLA-A] page=95 offset=95000 n=1000
2026-03-02 20:56:51,660 INFO: [mhc/mhc-I/human/HLA-A] page=96 offset=96000 n=1000
2026-03-02 20:57:33,265 INFO: [mhc/mhc-I/human/HLA-A] page=97 offset=97000 n=1000
2026-03-02 20:58:16,287 INFO: [mhc/mhc-I/human/HLA-A] page=98 offset=98000 n=1000
2026-03-02 20:58:57,040 INFO: [mhc/mhc-I/human/HLA-A] page=99 offset=99000 n=1000
2026-03-02 20:59:40,037 INFO: [mhc/mhc-I/human/HLA-A] page=100 offset=100000 n=1000
2026-03-02 21:00:29,469 INFO: [mhc/mhc-I/human/HLA-A] page=101 offset=101000 n=1000
2026-03-02 21:01:30,010 ERROR: Error en petición a https://query-api.iedb.org/mhc_export página 102: HTTPSConnectionPool(host='query-api.iedb.org', port=443): Read timed out. (read timeout=60)
2026-03-02 21:01:42,548 INFO: [tcell/mhc-I/human/HLA-A] page=0 offset=0 n=1000
2026-03-02 21:01:47,139 INFO: [tcell/mhc-I/human/HLA-A] page=1 offset=1000 n=1000
2026-03-02 21:01:51,519 INFO: [tcell/mhc-I/human/HLA-A] page=2 offset=2000 n=1000
2026-03-02 21:01:55,851 INFO: [tcell/mhc-I/human/HLA-A] page=3 offset=3000 n=1000
2026-03-02 21:02:00,164 INFO: [tcell/mhc-I/human/HLA-A] page=4 offset=4000 n=1000
2026-03-02 21:02:04,615 INFO: [tcell/mhc-I/human/HLA-A] page=5 offset=5000 n=1000
2026-03-02 21:02:09,241 INFO: [tcell/mhc-I/human/HLA-A] page=6 offset=6000 n=1000
2026-03-02 21:02:13,298 INFO: [tcell/mhc-I/human/HLA-A] page=7 offset=7000 n=1000
2026-03-02 21:02:16,977 INFO: [tcell/mhc-I/human/HLA-A] page=8 offset=8000 n=703
2026-03-02 21:02:18,629 INFO: [tcell/mhc-I/human/HLA-A] page=9 offset=9000 n=0
2026-03-02 21:03:41,940 ERROR: Error en petición a https://query-api.iedb.org/mhc_export página 0: HTTPSConnectionPool(host='query-api.iedb.org', port=443): Read timed out. (read timeout=60)
2026-03-02 21:03:46,356 INFO: [tcell/mhc-I/human/HLA-B] page=0 offset=0 n=878
2026-03-02 21:03:48,187 INFO: [tcell/mhc-I/human/HLA-B] page=1 offset=1000 n=0
2026-03-02 21:04:49,200 INFO: [mhc/mhc-I/human/HLA-C] page=0 offset=0 n=1000
2026-03-02 21:05:49,753 ERROR: Error en petición a https://query-api.iedb.org/mhc_export página 1: HTTPSConnectionPool(host='query-api.iedb.org', port=443): Read timed out. (read timeout=60)
2026-03-02 21:05:52,851 INFO: [tcell/mhc-I/human/HLA-C] page=0 offset=0 n=244
2026-03-02 21:05:54,538 INFO: [tcell/mhc-I/human/HLA-C] page=1 offset=1000 n=0
2026-03-02 21:06:55,105 ERROR: Error en petición a https://query-api.iedb.org/mhc_export página 0: HTTPSConnectionPool(host='query-api.iedb.org', port=443): Read timed out. (read timeout=60)
2026-03-02 21:07:01,184 INFO: [tcell/mhc-II/human/HLA-DR] page=0 offset=0 n=1000
2026-03-02 21:07:05,623 INFO: [tcell/mhc-II/human/HLA-DR] page=1 offset=1000 n=1000
2026-03-02 21:07:10,202 INFO: [tcell/mhc-II/human/HLA-DR] page=2 offset=2000 n=1000
2026-03-02 21:07:14,696 INFO: [tcell/mhc-II/human/HLA-DR] page=3 offset=3000 n=1000
2026-03-02 21:07:19,024 INFO: [tcell/mhc-II/human/HLA-DR] page=4 offset=4000 n=1000
2026-03-02 21:07:22,753 INFO: [tcell/mhc-II/human/HLA-DR] page=5 offset=5000 n=613
2026-03-02 21:07:24,685 INFO: [tcell/mhc-II/human/HLA-DR] page=6 offset=6000 n=0
2026-03-02 21:08:25,304 ERROR: Error en petición a https://query-api.iedb.org/mhc_export página 0: HTTPSConnectionPool(host='query-api.iedb.org', port=443): Read timed out. (read timeout=60)
2026-03-02 21:08:30,354 INFO: [tcell/mhc-II/human/HLA-DQ] page=0 offset=0 n=682
2026-03-02 21:08:31,977 INFO: [tcell/mhc-II/human/HLA-DQ] page=1 offset=1000 n=0
2026-03-02 21:09:30,792 INFO: [mhc/mhc-II/human/HLA-DP] page=0 offset=0 n=1000
2026-03-02 21:10:31,342 ERROR: Error en petición a https://query-api.iedb.org/mhc_export página 1: HTTPSConnectionPool(host='query-api.iedb.org', port=443): Read timed out. (read timeout=60)
2026-03-02 21:10:34,095 INFO: [tcell/mhc-II/human/HLA-DP] page=0 offset=0 n=277
2026-03-02 21:10:35,773 INFO: [tcell/mhc-II/human/HLA-DP] page=1 offset=1000 n=0
2026-03-02 21:10:35,785 INFO: All MHC, T cell, and merged data files have been generated successfully.
