2026-03-11 00:08:39,639 INFO: === mouse mhc-I H2-K mhc ===
2026-03-11 00:09:19,267 INFO: GET mhc_export page=0 offset=0 n=500
2026-03-11 00:09:56,378 INFO: GET mhc_export page=1 offset=500 n=500
2026-03-11 00:10:34,819 INFO: GET mhc_export page=2 offset=1000 n=500
2026-03-11 00:11:12,740 INFO: GET mhc_export page=3 offset=1500 n=500
2026-03-11 00:11:50,152 INFO: GET mhc_export page=4 offset=2000 n=500
2026-03-11 00:12:28,066 INFO: GET mhc_export page=5 offset=2500 n=500
2026-03-11 00:13:05,855 INFO: GET mhc_export page=6 offset=3000 n=500
2026-03-11 00:13:43,565 INFO: GET mhc_export page=7 offset=3500 n=500
2026-03-11 00:14:21,745 INFO: GET mhc_export page=8 offset=4000 n=500
2026-03-11 00:15:00,059 INFO: GET mhc_export page=9 offset=4500 n=500
2026-03-11 00:15:37,900 INFO: GET mhc_export page=10 offset=5000 n=500
2026-03-11 00:16:16,422 INFO: GET mhc_export page=11 offset=5500 n=500
2026-03-11 00:16:54,240 INFO: GET mhc_export page=12 offset=6000 n=500
2026-03-11 00:17:31,720 INFO: GET mhc_export page=13 offset=6500 n=500
2026-03-11 00:18:09,253 INFO: GET mhc_export page=14 offset=7000 n=500
2026-03-11 00:18:46,472 INFO: GET mhc_export page=15 offset=7500 n=500
2026-03-11 00:19:24,040 INFO: GET mhc_export page=16 offset=8000 n=500
2026-03-11 00:20:00,760 INFO: GET mhc_export page=17 offset=8500 n=500
2026-03-11 00:20:37,864 INFO: GET mhc_export page=18 offset=9000 n=500
2026-03-11 00:21:15,652 INFO: GET mhc_export page=19 offset=9500 n=500
2026-03-11 00:21:54,759 INFO: GET mhc_export page=20 offset=10000 n=500
2026-03-11 00:22:34,146 INFO: GET mhc_export page=21 offset=10500 n=500
2026-03-11 00:23:13,008 INFO: GET mhc_export page=22 offset=11000 n=500
2026-03-11 00:23:50,933 INFO: GET mhc_export page=23 offset=11500 n=500
2026-03-11 00:24:28,723 INFO: GET mhc_export page=24 offset=12000 n=500
2026-03-11 00:25:05,686 INFO: GET mhc_export page=25 offset=12500 n=500
2026-03-11 00:25:43,126 INFO: GET mhc_export page=26 offset=13000 n=500
2026-03-11 00:26:21,243 INFO: GET mhc_export page=27 offset=13500 n=500
2026-03-11 00:26:58,707 INFO: GET mhc_export page=28 offset=14000 n=500
2026-03-11 00:27:36,051 INFO: GET mhc_export page=29 offset=14500 n=500
2026-03-11 00:28:12,955 INFO: GET mhc_export page=30 offset=15000 n=500
2026-03-11 00:28:50,406 INFO: GET mhc_export page=31 offset=15500 n=500
2026-03-11 00:29:28,306 INFO: GET mhc_export page=32 offset=16000 n=500
2026-03-11 00:30:05,982 INFO: GET mhc_export page=33 offset=16500 n=500
2026-03-11 00:30:43,472 INFO: GET mhc_export page=34 offset=17000 n=500
2026-03-11 00:31:20,727 INFO: GET mhc_export page=35 offset=17500 n=500
2026-03-11 00:31:58,718 INFO: GET mhc_export page=36 offset=18000 n=500
2026-03-11 00:32:36,466 INFO: GET mhc_export page=37 offset=18500 n=500
2026-03-11 00:33:13,293 INFO: GET mhc_export page=38 offset=19000 n=500
2026-03-11 00:33:50,347 INFO: GET mhc_export page=39 offset=19500 n=500
2026-03-11 00:34:27,765 INFO: GET mhc_export page=40 offset=20000 n=500
2026-03-11 00:35:05,406 INFO: GET mhc_export page=41 offset=20500 n=500
2026-03-11 00:35:43,093 INFO: GET mhc_export page=42 offset=21000 n=500
2026-03-11 00:36:20,789 INFO: GET mhc_export page=43 offset=21500 n=500
2026-03-11 00:36:58,528 INFO: GET mhc_export page=44 offset=22000 n=500
2026-03-11 00:37:36,496 INFO: GET mhc_export page=45 offset=22500 n=500
2026-03-11 00:38:14,095 INFO: GET mhc_export page=46 offset=23000 n=500
2026-03-11 00:38:51,824 INFO: GET mhc_export page=47 offset=23500 n=500
2026-03-11 00:39:29,218 INFO: GET mhc_export page=48 offset=24000 n=500
2026-03-11 00:40:06,151 INFO: GET mhc_export page=49 offset=24500 n=500
2026-03-11 00:40:43,698 INFO: GET mhc_export page=50 offset=25000 n=500
2026-03-11 00:41:21,329 INFO: GET mhc_export page=51 offset=25500 n=500
2026-03-11 00:42:00,015 INFO: GET mhc_export page=52 offset=26000 n=500
2026-03-11 00:42:38,366 INFO: GET mhc_export page=53 offset=26500 n=500
2026-03-11 00:43:16,726 INFO: GET mhc_export page=54 offset=27000 n=500
2026-03-11 00:43:55,810 INFO: GET mhc_export page=55 offset=27500 n=500
2026-03-11 00:44:34,567 INFO: GET mhc_export page=56 offset=28000 n=500
2026-03-11 00:45:12,762 INFO: GET mhc_export page=57 offset=28500 n=500
2026-03-11 00:45:52,753 INFO: GET mhc_export page=58 offset=29000 n=500
2026-03-11 00:46:33,195 INFO: GET mhc_export page=59 offset=29500 n=500
2026-03-11 00:47:13,340 INFO: GET mhc_export page=60 offset=30000 n=500
2026-03-11 00:47:53,662 INFO: GET mhc_export page=61 offset=30500 n=500
2026-03-11 00:48:34,102 INFO: GET mhc_export page=62 offset=31000 n=500
2026-03-11 00:49:13,393 INFO: GET mhc_export page=63 offset=31500 n=500
2026-03-11 00:49:51,651 INFO: GET mhc_export page=64 offset=32000 n=500
2026-03-11 00:50:29,521 INFO: GET mhc_export page=65 offset=32500 n=500
2026-03-11 00:51:08,651 INFO: GET mhc_export page=66 offset=33000 n=500
2026-03-11 00:51:47,116 INFO: GET mhc_export page=67 offset=33500 n=500
2026-03-11 00:52:25,047 INFO: GET mhc_export page=68 offset=34000 n=500
2026-03-11 00:53:03,726 INFO: GET mhc_export page=69 offset=34500 n=500
2026-03-11 00:53:41,638 INFO: GET mhc_export page=70 offset=35000 n=500
2026-03-11 00:54:20,005 INFO: GET mhc_export page=71 offset=35500 n=500
2026-03-11 00:54:57,941 INFO: GET mhc_export page=72 offset=36000 n=500
2026-03-11 00:55:36,249 INFO: GET mhc_export page=73 offset=36500 n=500
2026-03-11 00:56:14,455 INFO: GET mhc_export page=74 offset=37000 n=500
2026-03-11 00:56:53,732 INFO: GET mhc_export page=75 offset=37500 n=500
2026-03-11 00:57:31,430 INFO: GET mhc_export page=76 offset=38000 n=500
2026-03-11 00:58:09,404 INFO: GET mhc_export page=77 offset=38500 n=500
2026-03-11 00:58:47,041 INFO: GET mhc_export page=78 offset=39000 n=500
2026-03-11 00:59:25,459 INFO: GET mhc_export page=79 offset=39500 n=500
2026-03-11 01:00:04,698 INFO: GET mhc_export page=80 offset=40000 n=500
2026-03-11 01:00:44,612 INFO: GET mhc_export page=81 offset=40500 n=500
2026-03-11 01:01:25,850 INFO: GET mhc_export page=82 offset=41000 n=500
2026-03-11 01:02:06,622 INFO: GET mhc_export page=83 offset=41500 n=500
2026-03-11 01:02:47,009 INFO: GET mhc_export page=84 offset=42000 n=500
2026-03-11 01:03:26,690 INFO: GET mhc_export page=85 offset=42500 n=500
2026-03-11 01:04:05,044 INFO: GET mhc_export page=86 offset=43000 n=500
2026-03-11 01:04:43,437 INFO: GET mhc_export page=87 offset=43500 n=500
2026-03-11 01:05:21,057 INFO: GET mhc_export page=88 offset=44000 n=500
2026-03-11 01:05:59,806 INFO: GET mhc_export page=89 offset=44500 n=500
2026-03-11 01:06:38,168 INFO: GET mhc_export page=90 offset=45000 n=500
2026-03-11 01:07:16,959 INFO: GET mhc_export page=91 offset=45500 n=500
2026-03-11 01:07:57,315 INFO: GET mhc_export page=92 offset=46000 n=500
2026-03-11 01:08:36,675 INFO: GET mhc_export page=93 offset=46500 n=500
2026-03-11 01:11:16,038 INFO: GET mhc_export page=94 offset=47000 n=500
2026-03-11 01:11:56,206 INFO: GET mhc_export page=95 offset=47500 n=500
2026-03-11 01:12:35,202 INFO: GET mhc_export page=96 offset=48000 n=500
2026-03-11 01:13:13,819 INFO: GET mhc_export page=97 offset=48500 n=500
2026-03-11 01:13:53,450 INFO: GET mhc_export page=98 offset=49000 n=500
2026-03-11 01:14:33,662 INFO: GET mhc_export page=99 offset=49500 n=500
2026-03-11 01:15:12,533 INFO: GET mhc_export page=100 offset=50000 n=500
2026-03-11 01:15:51,053 INFO: GET mhc_export page=101 offset=50500 n=500
2026-03-11 01:16:28,721 INFO: GET mhc_export page=102 offset=51000 n=500
2026-03-11 01:17:08,739 INFO: GET mhc_export page=103 offset=51500 n=500
2026-03-11 01:17:46,689 INFO: GET mhc_export page=104 offset=52000 n=500
2026-03-11 01:18:26,412 INFO: GET mhc_export page=105 offset=52500 n=500
2026-03-11 01:19:05,351 INFO: GET mhc_export page=106 offset=53000 n=500
2026-03-11 01:19:44,802 INFO: GET mhc_export page=107 offset=53500 n=500
2026-03-11 01:20:24,788 INFO: GET mhc_export page=108 offset=54000 n=500
2026-03-11 01:21:04,661 INFO: GET mhc_export page=109 offset=54500 n=500
2026-03-11 01:21:43,900 INFO: GET mhc_export page=110 offset=55000 n=500
2026-03-11 01:22:21,851 INFO: GET mhc_export page=111 offset=55500 n=500
2026-03-11 01:22:59,838 INFO: GET mhc_export page=112 offset=56000 n=500
2026-03-11 01:23:38,551 INFO: GET mhc_export page=113 offset=56500 n=500
2026-03-11 01:24:17,479 INFO: GET mhc_export page=114 offset=57000 n=500
2026-03-11 01:24:55,172 INFO: GET mhc_export page=115 offset=57500 n=500
2026-03-11 01:25:34,339 INFO: GET mhc_export page=116 offset=58000 n=500
2026-03-11 01:26:13,328 INFO: GET mhc_export page=117 offset=58500 n=500
2026-03-11 01:26:51,836 INFO: GET mhc_export page=118 offset=59000 n=500
2026-03-11 01:27:30,350 INFO: GET mhc_export page=119 offset=59500 n=500
2026-03-11 01:28:08,818 INFO: GET mhc_export page=120 offset=60000 n=500
2026-03-11 01:30:29,300 INFO: GET mhc_export page=121 offset=60500 n=500
2026-03-11 01:31:08,144 INFO: GET mhc_export page=122 offset=61000 n=500
2026-03-11 01:31:46,280 INFO: GET mhc_export page=123 offset=61500 n=500
2026-03-11 01:32:25,248 INFO: GET mhc_export page=124 offset=62000 n=500
2026-03-11 01:33:05,786 INFO: GET mhc_export page=125 offset=62500 n=500
2026-03-11 01:33:46,190 INFO: GET mhc_export page=126 offset=63000 n=500
2026-03-11 01:34:26,990 INFO: GET mhc_export page=127 offset=63500 n=500
2026-03-11 01:35:07,866 INFO: GET mhc_export page=128 offset=64000 n=500
2026-03-11 01:35:48,852 INFO: GET mhc_export page=129 offset=64500 n=500
2026-03-11 01:36:29,420 INFO: GET mhc_export page=130 offset=65000 n=500
2026-03-11 01:37:10,760 INFO: GET mhc_export page=131 offset=65500 n=500
2026-03-11 01:37:51,383 INFO: GET mhc_export page=132 offset=66000 n=500
2026-03-11 01:38:32,216 INFO: GET mhc_export page=133 offset=66500 n=500
2026-03-11 01:39:43,007 INFO: GET mhc_export page=134 offset=67000 n=500
2026-03-11 01:40:23,579 INFO: GET mhc_export page=135 offset=67500 n=500
2026-03-11 01:41:04,012 INFO: GET mhc_export page=136 offset=68000 n=500
2026-03-11 01:41:44,203 INFO: GET mhc_export page=137 offset=68500 n=500
2026-03-11 01:42:24,642 INFO: GET mhc_export page=138 offset=69000 n=500
2026-03-11 01:43:04,171 INFO: GET mhc_export page=139 offset=69500 n=500
2026-03-11 01:43:43,897 INFO: GET mhc_export page=140 offset=70000 n=500
2026-03-11 01:44:24,956 INFO: GET mhc_export page=141 offset=70500 n=500
2026-03-11 01:45:06,251 INFO: GET mhc_export page=142 offset=71000 n=500
2026-03-11 01:45:47,252 INFO: GET mhc_export page=143 offset=71500 n=500
2026-03-11 01:46:28,271 INFO: GET mhc_export page=144 offset=72000 n=500
2026-03-11 01:47:08,283 INFO: GET mhc_export page=145 offset=72500 n=500
2026-03-11 01:47:47,595 INFO: GET mhc_export page=146 offset=73000 n=500
2026-03-11 01:48:26,140 INFO: GET mhc_export page=147 offset=73500 n=500
2026-03-11 01:49:04,743 INFO: GET mhc_export page=148 offset=74000 n=500
2026-03-11 01:49:43,041 INFO: GET mhc_export page=149 offset=74500 n=500
2026-03-11 01:50:21,417 INFO: GET mhc_export page=150 offset=75000 n=500
2026-03-11 01:51:00,005 INFO: GET mhc_export page=151 offset=75500 n=500
2026-03-11 01:51:38,661 INFO: GET mhc_export page=152 offset=76000 n=500
2026-03-11 01:52:17,104 INFO: GET mhc_export page=153 offset=76500 n=500
2026-03-11 01:52:55,246 INFO: GET mhc_export page=154 offset=77000 n=500
2026-03-11 01:53:33,474 INFO: GET mhc_export page=155 offset=77500 n=500
2026-03-11 01:54:11,631 INFO: GET mhc_export page=156 offset=78000 n=500
2026-03-11 01:54:49,198 INFO: GET mhc_export page=157 offset=78500 n=500
2026-03-11 01:55:26,910 INFO: GET mhc_export page=158 offset=79000 n=500
2026-03-11 01:56:04,398 INFO: GET mhc_export page=159 offset=79500 n=500
2026-03-11 01:56:42,863 INFO: GET mhc_export page=160 offset=80000 n=500
2026-03-11 01:57:21,108 INFO: GET mhc_export page=161 offset=80500 n=500
2026-03-11 01:57:59,949 INFO: GET mhc_export page=162 offset=81000 n=500
2026-03-11 01:58:38,723 INFO: GET mhc_export page=163 offset=81500 n=500
2026-03-11 01:59:16,447 INFO: GET mhc_export page=164 offset=82000 n=500
2026-03-11 01:59:54,133 INFO: GET mhc_export page=165 offset=82500 n=500
2026-03-11 02:00:57,478 INFO: GET mhc_export page=166 offset=83000 n=500
2026-03-11 02:02:18,036 INFO: GET mhc_export page=167 offset=83500 n=500
2026-03-11 02:10:38,364 INFO: GET mhc_export page=168 offset=84000 n=500
2026-03-11 02:11:16,624 INFO: GET mhc_export page=169 offset=84500 n=500
2026-03-11 02:11:53,507 INFO: GET mhc_export page=170 offset=85000 n=500
2026-03-11 02:12:34,477 INFO: GET mhc_export page=171 offset=85500 n=500
2026-03-11 02:13:13,855 INFO: GET mhc_export page=172 offset=86000 n=500
2026-03-11 02:13:51,786 INFO: GET mhc_export page=173 offset=86500 n=500
2026-03-11 02:14:30,452 INFO: GET mhc_export page=174 offset=87000 n=256
2026-03-11 02:15:07,826 INFO: GET mhc_export page=175 offset=87500 n=0
2026-03-11 02:15:16,118 INFO: mhc: unique_epitopes=41639 | unique_events=46647 | total_rows=87256
2026-03-11 02:15:16,384 INFO: === mouse mhc-I H2-K tcell ===
2026-03-11 02:15:24,407 INFO: GET tcell_export page=0 offset=0 n=1000
2026-03-11 02:15:25,512 INFO: GET tcell_export page=1 offset=1000 n=50
2026-03-11 02:15:26,524 INFO: GET tcell_export page=2 offset=2000 n=0
2026-03-11 02:15:26,663 INFO: tcell: unique_epitopes=410 | unique_events=439 | total_rows=1050
2026-03-11 02:15:27,138 INFO: MERGED unique epitopes -> /home/nap/lperez_nn/data/data_raw/mouse/mhc-I/H2-K/merged_unique_epitopes.csv (n=41760)
2026-03-11 02:15:27,144 INFO: === mouse mhc-I H2-D mhc ===
2026-03-11 02:16:06,098 INFO: GET mhc_export page=0 offset=0 n=500
2026-03-11 02:16:47,394 INFO: GET mhc_export page=1 offset=500 n=500
2026-03-11 02:17:28,729 INFO: GET mhc_export page=2 offset=1000 n=500
2026-03-11 02:18:07,449 INFO: GET mhc_export page=3 offset=1500 n=500
2026-03-11 02:18:44,374 INFO: GET mhc_export page=4 offset=2000 n=500
2026-03-11 02:19:21,607 INFO: GET mhc_export page=5 offset=2500 n=500
2026-03-11 02:20:25,213 INFO: GET mhc_export page=6 offset=3000 n=500
2026-03-11 02:21:03,689 INFO: GET mhc_export page=7 offset=3500 n=500
2026-03-11 02:21:43,179 INFO: GET mhc_export page=8 offset=4000 n=500
2026-03-11 02:22:21,150 INFO: GET mhc_export page=9 offset=4500 n=500
2026-03-11 02:22:58,309 INFO: GET mhc_export page=10 offset=5000 n=500
2026-03-11 02:23:35,213 INFO: GET mhc_export page=11 offset=5500 n=500
2026-03-11 02:24:12,844 INFO: GET mhc_export page=12 offset=6000 n=500
2026-03-11 02:24:50,313 INFO: GET mhc_export page=13 offset=6500 n=500
2026-03-11 02:25:35,001 INFO: GET mhc_export page=14 offset=7000 n=500
2026-03-11 02:26:11,718 INFO: GET mhc_export page=15 offset=7500 n=500
2026-03-11 02:26:48,302 INFO: GET mhc_export page=16 offset=8000 n=500
2026-03-11 02:27:24,829 INFO: GET mhc_export page=17 offset=8500 n=500
2026-03-11 02:28:02,135 INFO: GET mhc_export page=18 offset=9000 n=500
2026-03-11 02:28:39,364 INFO: GET mhc_export page=19 offset=9500 n=500
2026-03-11 02:29:16,765 INFO: GET mhc_export page=20 offset=10000 n=500
2026-03-11 02:29:54,089 INFO: GET mhc_export page=21 offset=10500 n=500
2026-03-11 02:30:33,442 INFO: GET mhc_export page=22 offset=11000 n=500
2026-03-11 02:31:12,899 INFO: GET mhc_export page=23 offset=11500 n=500
2026-03-11 02:31:53,305 INFO: GET mhc_export page=24 offset=12000 n=500
2026-03-11 02:32:33,108 INFO: GET mhc_export page=25 offset=12500 n=500
2026-03-11 02:33:12,903 INFO: GET mhc_export page=26 offset=13000 n=500
2026-03-11 02:33:50,876 INFO: GET mhc_export page=27 offset=13500 n=500
2026-03-11 02:34:28,100 INFO: GET mhc_export page=28 offset=14000 n=500
2026-03-11 02:35:05,915 INFO: GET mhc_export page=29 offset=14500 n=500
2026-03-11 02:35:42,870 INFO: GET mhc_export page=30 offset=15000 n=500
2026-03-11 02:36:19,468 INFO: GET mhc_export page=31 offset=15500 n=500
2026-03-11 02:36:57,231 INFO: GET mhc_export page=32 offset=16000 n=500
2026-03-11 02:37:34,022 INFO: GET mhc_export page=33 offset=16500 n=500
2026-03-11 02:38:10,783 INFO: GET mhc_export page=34 offset=17000 n=500
2026-03-11 02:38:48,136 INFO: GET mhc_export page=35 offset=17500 n=500
2026-03-11 02:39:24,822 INFO: GET mhc_export page=36 offset=18000 n=500
2026-03-11 02:40:01,790 INFO: GET mhc_export page=37 offset=18500 n=500
2026-03-11 02:40:38,499 INFO: GET mhc_export page=38 offset=19000 n=500
2026-03-11 02:41:15,425 INFO: GET mhc_export page=39 offset=19500 n=500
2026-03-11 02:41:52,980 INFO: GET mhc_export page=40 offset=20000 n=500
2026-03-11 02:42:30,600 INFO: GET mhc_export page=41 offset=20500 n=500
2026-03-11 02:43:07,430 INFO: GET mhc_export page=42 offset=21000 n=500
2026-03-11 02:43:44,129 INFO: GET mhc_export page=43 offset=21500 n=500
2026-03-11 02:44:21,062 INFO: GET mhc_export page=44 offset=22000 n=500
2026-03-11 02:45:10,383 INFO: GET mhc_export page=45 offset=22500 n=500
2026-03-11 02:45:47,231 INFO: GET mhc_export page=46 offset=23000 n=500
2026-03-11 02:46:24,659 INFO: GET mhc_export page=47 offset=23500 n=500
2026-03-11 02:47:02,767 INFO: GET mhc_export page=48 offset=24000 n=500
2026-03-11 02:47:40,715 INFO: GET mhc_export page=49 offset=24500 n=500
2026-03-11 02:48:17,677 INFO: GET mhc_export page=50 offset=25000 n=500
2026-03-11 02:48:55,535 INFO: GET mhc_export page=51 offset=25500 n=500
2026-03-11 02:49:35,758 INFO: GET mhc_export page=52 offset=26000 n=500
2026-03-11 02:50:13,004 INFO: GET mhc_export page=53 offset=26500 n=500
2026-03-11 02:50:50,881 INFO: GET mhc_export page=54 offset=27000 n=500
2026-03-11 02:52:05,296 INFO: GET mhc_export page=55 offset=27500 n=500
2026-03-11 02:52:42,384 INFO: GET mhc_export page=56 offset=28000 n=500
2026-03-11 02:53:19,495 INFO: GET mhc_export page=57 offset=28500 n=500
2026-03-11 02:53:57,378 INFO: GET mhc_export page=58 offset=29000 n=500
2026-03-11 02:54:34,472 INFO: GET mhc_export page=59 offset=29500 n=500
2026-03-11 02:55:11,475 INFO: GET mhc_export page=60 offset=30000 n=500
2026-03-11 02:55:49,525 INFO: GET mhc_export page=61 offset=30500 n=500
2026-03-11 02:56:27,941 INFO: GET mhc_export page=62 offset=31000 n=500
2026-03-11 02:57:27,394 INFO: GET mhc_export page=63 offset=31500 n=500
2026-03-11 02:58:05,796 INFO: GET mhc_export page=64 offset=32000 n=500
2026-03-11 02:58:44,439 INFO: GET mhc_export page=65 offset=32500 n=500
2026-03-11 02:59:23,344 INFO: GET mhc_export page=66 offset=33000 n=500
2026-03-11 03:00:02,418 INFO: GET mhc_export page=67 offset=33500 n=500
2026-03-11 03:00:43,138 INFO: GET mhc_export page=68 offset=34000 n=500
2026-03-11 03:01:24,610 INFO: GET mhc_export page=69 offset=34500 n=500
2026-03-11 03:02:05,614 INFO: GET mhc_export page=70 offset=35000 n=500
2026-03-11 03:02:46,993 INFO: GET mhc_export page=71 offset=35500 n=500
2026-03-11 03:03:26,895 INFO: GET mhc_export page=72 offset=36000 n=500
2026-03-11 03:05:50,993 INFO: GET mhc_export page=73 offset=36500 n=500
2026-03-11 03:06:32,402 INFO: GET mhc_export page=74 offset=37000 n=500
2026-03-11 03:07:18,357 INFO: GET mhc_export page=75 offset=37500 n=500
2026-03-11 03:08:03,619 INFO: GET mhc_export page=76 offset=38000 n=500
2026-03-11 03:08:46,383 INFO: GET mhc_export page=77 offset=38500 n=500
2026-03-11 03:09:29,466 INFO: GET mhc_export page=78 offset=39000 n=500
2026-03-11 03:10:10,642 INFO: GET mhc_export page=79 offset=39500 n=500
2026-03-11 03:10:48,053 INFO: GET mhc_export page=80 offset=40000 n=500
2026-03-11 03:11:25,441 INFO: GET mhc_export page=81 offset=40500 n=500
2026-03-11 03:12:03,266 INFO: GET mhc_export page=82 offset=41000 n=500
2026-03-11 03:12:40,497 INFO: GET mhc_export page=83 offset=41500 n=500
2026-03-11 03:13:18,390 INFO: GET mhc_export page=84 offset=42000 n=500
2026-03-11 03:13:55,885 INFO: GET mhc_export page=85 offset=42500 n=500
2026-03-11 03:14:33,362 INFO: GET mhc_export page=86 offset=43000 n=500
2026-03-11 03:15:10,467 INFO: GET mhc_export page=87 offset=43500 n=500
2026-03-11 03:15:49,933 INFO: GET mhc_export page=88 offset=44000 n=500
2026-03-11 03:16:30,253 INFO: GET mhc_export page=89 offset=44500 n=500
2026-03-11 03:17:12,203 INFO: GET mhc_export page=90 offset=45000 n=500
2026-03-11 03:17:59,038 INFO: GET mhc_export page=91 offset=45500 n=17
2026-03-11 03:18:42,956 INFO: GET mhc_export page=92 offset=46000 n=0
2026-03-11 03:18:46,460 INFO: mhc: unique_epitopes=19506 | unique_events=22445 | total_rows=45517
2026-03-11 03:18:46,554 INFO: === mouse mhc-I H2-D tcell ===
2026-03-11 03:18:52,670 INFO: GET tcell_export page=0 offset=0 n=519
2026-03-11 03:18:53,796 INFO: GET tcell_export page=1 offset=1000 n=0
2026-03-11 03:18:53,880 INFO: tcell: unique_epitopes=118 | unique_events=131 | total_rows=519
2026-03-11 03:18:54,098 INFO: MERGED unique epitopes -> /home/nap/lperez_nn/data/data_raw/mouse/mhc-I/H2-D/merged_unique_epitopes.csv (n=19567)
2026-03-11 03:18:54,102 INFO: === mouse mhc-I H2-L mhc ===
2026-03-11 03:19:37,031 INFO: GET mhc_export page=0 offset=0 n=44
2026-03-11 03:20:19,025 INFO: GET mhc_export page=1 offset=500 n=0
2026-03-11 03:20:19,042 INFO: mhc: unique_epitopes=16 | unique_events=19 | total_rows=44
2026-03-11 03:20:19,043 INFO: === mouse mhc-I H2-L tcell ===
2026-03-11 03:20:21,641 INFO: GET tcell_export page=0 offset=0 n=114
2026-03-11 03:20:22,847 INFO: GET tcell_export page=1 offset=1000 n=0
2026-03-11 03:20:22,890 INFO: tcell: unique_epitopes=9 | unique_events=11 | total_rows=114
2026-03-11 03:20:22,892 INFO: MERGED unique epitopes -> /home/nap/lperez_nn/data/data_raw/mouse/mhc-I/H2-L/merged_unique_epitopes.csv (n=19)
2026-03-11 03:20:22,893 INFO: === mouse mhc-II H2-IA mhc ===
2026-03-11 03:21:06,802 INFO: GET mhc_export page=0 offset=0 n=500
2026-03-11 03:21:48,279 INFO: GET mhc_export page=1 offset=500 n=500
2026-03-11 03:22:27,990 INFO: GET mhc_export page=2 offset=1000 n=500
2026-03-11 03:23:07,337 INFO: GET mhc_export page=3 offset=1500 n=500
2026-03-11 03:23:45,611 INFO: GET mhc_export page=4 offset=2000 n=500
2026-03-11 03:24:23,407 INFO: GET mhc_export page=5 offset=2500 n=500
2026-03-11 03:25:00,688 INFO: GET mhc_export page=6 offset=3000 n=500
2026-03-11 03:25:39,095 INFO: GET mhc_export page=7 offset=3500 n=500
2026-03-11 03:26:17,062 INFO: GET mhc_export page=8 offset=4000 n=500
2026-03-11 03:26:54,316 INFO: GET mhc_export page=9 offset=4500 n=500
2026-03-11 03:27:32,168 INFO: GET mhc_export page=10 offset=5000 n=500
2026-03-11 03:28:08,969 INFO: GET mhc_export page=11 offset=5500 n=500
2026-03-11 03:28:46,136 INFO: GET mhc_export page=12 offset=6000 n=500
2026-03-11 03:29:24,471 INFO: GET mhc_export page=13 offset=6500 n=500
2026-03-11 03:30:01,311 INFO: GET mhc_export page=14 offset=7000 n=500
2026-03-11 03:30:39,741 INFO: GET mhc_export page=15 offset=7500 n=500
2026-03-11 03:31:18,085 INFO: GET mhc_export page=16 offset=8000 n=500
2026-03-11 03:31:55,298 INFO: GET mhc_export page=17 offset=8500 n=500
2026-03-11 03:32:35,104 INFO: GET mhc_export page=18 offset=9000 n=500
2026-03-11 03:33:13,335 INFO: GET mhc_export page=19 offset=9500 n=500
2026-03-11 03:33:50,666 INFO: GET mhc_export page=20 offset=10000 n=500
2026-03-11 03:34:27,642 INFO: GET mhc_export page=21 offset=10500 n=500
2026-03-11 03:35:04,961 INFO: GET mhc_export page=22 offset=11000 n=500
2026-03-11 03:35:41,745 INFO: GET mhc_export page=23 offset=11500 n=500
2026-03-11 03:36:19,636 INFO: GET mhc_export page=24 offset=12000 n=500
2026-03-11 03:36:57,419 INFO: GET mhc_export page=25 offset=12500 n=500
2026-03-11 03:37:36,437 INFO: GET mhc_export page=26 offset=13000 n=500
2026-03-11 03:38:16,209 INFO: GET mhc_export page=27 offset=13500 n=500
2026-03-11 03:38:55,463 INFO: GET mhc_export page=28 offset=14000 n=500
2026-03-11 03:39:34,643 INFO: GET mhc_export page=29 offset=14500 n=500
2026-03-11 03:40:12,799 INFO: GET mhc_export page=30 offset=15000 n=500
2026-03-11 03:40:51,817 INFO: GET mhc_export page=31 offset=15500 n=500
2026-03-11 03:41:33,382 INFO: GET mhc_export page=32 offset=16000 n=500
2026-03-11 03:42:19,341 INFO: GET mhc_export page=33 offset=16500 n=500
2026-03-11 03:43:04,321 INFO: GET mhc_export page=34 offset=17000 n=500
2026-03-11 03:43:43,814 INFO: GET mhc_export page=35 offset=17500 n=500
2026-03-11 03:44:22,808 INFO: GET mhc_export page=36 offset=18000 n=500
2026-03-11 03:45:05,789 INFO: GET mhc_export page=37 offset=18500 n=500
2026-03-11 03:45:46,994 INFO: GET mhc_export page=38 offset=19000 n=500
2026-03-11 03:46:28,052 INFO: GET mhc_export page=39 offset=19500 n=500
2026-03-11 03:47:12,993 INFO: GET mhc_export page=40 offset=20000 n=500
2026-03-11 03:47:56,373 INFO: GET mhc_export page=41 offset=20500 n=179
2026-03-11 03:48:39,348 INFO: GET mhc_export page=42 offset=21000 n=0
2026-03-11 03:48:41,092 INFO: mhc: unique_epitopes=13504 | unique_events=16663 | total_rows=20679
2026-03-11 03:48:41,134 INFO: === mouse mhc-II H2-IA tcell ===
2026-03-11 03:48:46,473 INFO: GET tcell_export page=0 offset=0 n=1000
2026-03-11 03:48:48,920 INFO: GET tcell_export page=1 offset=1000 n=1000
2026-03-11 03:48:50,219 INFO: GET tcell_export page=2 offset=2000 n=101
2026-03-11 03:48:51,275 INFO: GET tcell_export page=3 offset=3000 n=0
2026-03-11 03:48:51,587 INFO: tcell: unique_epitopes=464 | unique_events=500 | total_rows=2101
2026-03-11 03:48:51,753 INFO: MERGED unique epitopes -> /home/nap/lperez_nn/data/data_raw/mouse/mhc-II/H2-IA/merged_unique_epitopes.csv (n=13823)
2026-03-11 03:48:51,756 INFO: === mouse mhc-II H2-IE mhc ===
2026-03-11 03:49:38,207 INFO: GET mhc_export page=0 offset=0 n=233
2026-03-11 03:50:21,430 INFO: GET mhc_export page=1 offset=500 n=0
2026-03-11 03:50:21,487 INFO: mhc: unique_epitopes=191 | unique_events=195 | total_rows=233
2026-03-11 03:50:21,488 INFO: === mouse mhc-II H2-IE tcell ===
2026-03-11 03:50:24,342 INFO: GET tcell_export page=0 offset=0 n=173
2026-03-11 03:50:25,454 INFO: GET tcell_export page=1 offset=1000 n=0
2026-03-11 03:50:25,503 INFO: tcell: unique_epitopes=66 | unique_events=69 | total_rows=173
2026-03-11 03:50:25,507 INFO: MERGED unique epitopes -> /home/nap/lperez_nn/data/data_raw/mouse/mhc-II/H2-IE/merged_unique_epitopes.csv (n=224)
2026-03-11 03:50:25,508 INFO: === human mhc-I HLA-A mhc ===
2026-03-11 03:51:09,398 INFO: GET mhc_export page=0 offset=0 n=500
2026-03-11 03:51:51,975 INFO: GET mhc_export page=1 offset=500 n=500
2026-03-11 03:52:35,788 INFO: GET mhc_export page=2 offset=1000 n=500
2026-03-11 03:53:19,784 INFO: GET mhc_export page=3 offset=1500 n=500
2026-03-11 03:54:07,296 INFO: GET mhc_export page=4 offset=2000 n=500
2026-03-11 03:54:52,923 INFO: GET mhc_export page=5 offset=2500 n=500
2026-03-11 03:55:38,219 INFO: GET mhc_export page=6 offset=3000 n=500
2026-03-11 03:56:24,376 INFO: GET mhc_export page=7 offset=3500 n=500
2026-03-11 03:57:07,846 INFO: GET mhc_export page=8 offset=4000 n=500
2026-03-11 03:57:50,866 INFO: GET mhc_export page=9 offset=4500 n=500
2026-03-11 03:58:32,964 INFO: GET mhc_export page=10 offset=5000 n=500
2026-03-11 03:59:14,272 INFO: GET mhc_export page=11 offset=5500 n=500
2026-03-11 03:59:57,031 INFO: GET mhc_export page=12 offset=6000 n=500
2026-03-11 04:00:41,908 INFO: GET mhc_export page=13 offset=6500 n=500
2026-03-11 04:01:25,443 INFO: GET mhc_export page=14 offset=7000 n=500
2026-03-11 04:02:09,225 INFO: GET mhc_export page=15 offset=7500 n=500
2026-03-11 04:02:51,464 INFO: GET mhc_export page=16 offset=8000 n=500
2026-03-11 04:03:34,738 INFO: GET mhc_export page=17 offset=8500 n=500
2026-03-11 04:04:18,140 INFO: GET mhc_export page=18 offset=9000 n=500
2026-03-11 04:05:02,118 INFO: GET mhc_export page=19 offset=9500 n=500
2026-03-11 04:05:47,661 INFO: GET mhc_export page=20 offset=10000 n=500
2026-03-11 04:06:32,943 INFO: GET mhc_export page=21 offset=10500 n=500
2026-03-11 04:07:17,450 INFO: GET mhc_export page=22 offset=11000 n=500
2026-03-11 04:08:05,768 INFO: GET mhc_export page=23 offset=11500 n=500
2026-03-11 04:08:52,519 INFO: GET mhc_export page=24 offset=12000 n=500
2026-03-11 04:09:37,784 INFO: GET mhc_export page=25 offset=12500 n=500
2026-03-11 04:10:22,262 INFO: GET mhc_export page=26 offset=13000 n=500
2026-03-11 04:11:07,438 INFO: GET mhc_export page=27 offset=13500 n=500
2026-03-11 04:11:51,435 INFO: GET mhc_export page=28 offset=14000 n=500
2026-03-11 04:12:38,373 INFO: GET mhc_export page=29 offset=14500 n=500
2026-03-11 04:13:24,085 INFO: GET mhc_export page=30 offset=15000 n=500
2026-03-11 04:14:10,205 INFO: GET mhc_export page=31 offset=15500 n=500
2026-03-11 04:14:55,269 INFO: GET mhc_export page=32 offset=16000 n=500
2026-03-11 04:15:38,945 INFO: GET mhc_export page=33 offset=16500 n=500
2026-03-11 04:16:20,167 INFO: GET mhc_export page=34 offset=17000 n=500
2026-03-11 04:17:01,877 INFO: GET mhc_export page=35 offset=17500 n=500
2026-03-11 04:17:43,242 INFO: GET mhc_export page=36 offset=18000 n=500
2026-03-11 04:18:24,709 INFO: GET mhc_export page=37 offset=18500 n=500
2026-03-11 04:19:04,763 INFO: GET mhc_export page=38 offset=19000 n=500
2026-03-11 04:19:44,621 INFO: GET mhc_export page=39 offset=19500 n=500
2026-03-11 04:20:25,705 INFO: GET mhc_export page=40 offset=20000 n=500
2026-03-11 04:21:06,899 INFO: GET mhc_export page=41 offset=20500 n=500
2026-03-11 04:21:47,469 INFO: GET mhc_export page=42 offset=21000 n=500
2026-03-11 04:22:30,253 INFO: GET mhc_export page=43 offset=21500 n=500
2026-03-11 04:23:11,452 INFO: GET mhc_export page=44 offset=22000 n=500
2026-03-11 04:23:55,051 INFO: GET mhc_export page=45 offset=22500 n=500
2026-03-11 04:24:37,327 INFO: GET mhc_export page=46 offset=23000 n=500
2026-03-11 04:25:16,935 INFO: GET mhc_export page=47 offset=23500 n=500
2026-03-11 04:25:57,330 INFO: GET mhc_export page=48 offset=24000 n=500
2026-03-11 04:26:39,499 INFO: GET mhc_export page=49 offset=24500 n=500
2026-03-11 04:27:20,599 INFO: GET mhc_export page=50 offset=25000 n=500
2026-03-11 04:28:01,656 INFO: GET mhc_export page=51 offset=25500 n=500
2026-03-11 04:28:45,233 INFO: GET mhc_export page=52 offset=26000 n=500
2026-03-11 04:29:25,237 INFO: GET mhc_export page=53 offset=26500 n=500
2026-03-11 04:30:07,135 INFO: GET mhc_export page=54 offset=27000 n=500
2026-03-11 04:30:48,607 INFO: GET mhc_export page=55 offset=27500 n=500
2026-03-11 04:31:29,383 INFO: GET mhc_export page=56 offset=28000 n=500
2026-03-11 04:32:10,588 INFO: GET mhc_export page=57 offset=28500 n=500
2026-03-11 04:32:50,677 INFO: GET mhc_export page=58 offset=29000 n=500
2026-03-11 04:33:30,821 INFO: GET mhc_export page=59 offset=29500 n=500
2026-03-11 04:34:10,459 INFO: GET mhc_export page=60 offset=30000 n=500
2026-03-11 04:34:50,434 INFO: GET mhc_export page=61 offset=30500 n=500
2026-03-11 04:35:30,863 INFO: GET mhc_export page=62 offset=31000 n=500
2026-03-11 04:36:10,601 INFO: GET mhc_export page=63 offset=31500 n=500
2026-03-11 04:36:51,126 INFO: GET mhc_export page=64 offset=32000 n=500
2026-03-11 04:37:31,190 INFO: GET mhc_export page=65 offset=32500 n=500
2026-03-11 04:38:10,639 INFO: GET mhc_export page=66 offset=33000 n=500
2026-03-11 04:38:50,113 INFO: GET mhc_export page=67 offset=33500 n=500
2026-03-11 04:39:29,305 INFO: GET mhc_export page=68 offset=34000 n=500
2026-03-11 04:40:08,413 INFO: GET mhc_export page=69 offset=34500 n=500
2026-03-11 04:40:47,769 INFO: GET mhc_export page=70 offset=35000 n=500
2026-03-11 04:41:27,490 INFO: GET mhc_export page=71 offset=35500 n=500
2026-03-11 04:42:06,776 INFO: GET mhc_export page=72 offset=36000 n=500
2026-03-11 04:42:47,094 INFO: GET mhc_export page=73 offset=36500 n=500
2026-03-11 04:43:25,719 INFO: GET mhc_export page=74 offset=37000 n=500
2026-03-11 04:44:04,118 INFO: GET mhc_export page=75 offset=37500 n=500
2026-03-11 04:44:43,078 INFO: GET mhc_export page=76 offset=38000 n=500
2026-03-11 04:45:22,801 INFO: GET mhc_export page=77 offset=38500 n=500
2026-03-11 04:46:02,009 INFO: GET mhc_export page=78 offset=39000 n=500
2026-03-11 04:46:41,002 INFO: GET mhc_export page=79 offset=39500 n=500
2026-03-11 04:47:20,134 INFO: GET mhc_export page=80 offset=40000 n=500
2026-03-11 04:47:59,946 INFO: GET mhc_export page=81 offset=40500 n=500
2026-03-11 04:48:39,977 INFO: GET mhc_export page=82 offset=41000 n=500
2026-03-11 04:49:19,655 INFO: GET mhc_export page=83 offset=41500 n=500
2026-03-11 04:50:01,963 INFO: GET mhc_export page=84 offset=42000 n=500
2026-03-11 04:50:42,901 INFO: GET mhc_export page=85 offset=42500 n=500
2026-03-11 04:51:23,087 INFO: GET mhc_export page=86 offset=43000 n=500
2026-03-11 04:52:03,352 INFO: GET mhc_export page=87 offset=43500 n=500
2026-03-11 04:52:43,743 INFO: GET mhc_export page=88 offset=44000 n=500
2026-03-11 04:53:23,334 INFO: GET mhc_export page=89 offset=44500 n=500
2026-03-11 04:54:02,796 INFO: GET mhc_export page=90 offset=45000 n=500
2026-03-11 04:54:42,953 INFO: GET mhc_export page=91 offset=45500 n=500
2026-03-11 04:55:23,091 INFO: GET mhc_export page=92 offset=46000 n=500
2026-03-11 04:56:02,827 INFO: GET mhc_export page=93 offset=46500 n=500
2026-03-11 04:56:43,203 INFO: GET mhc_export page=94 offset=47000 n=500
2026-03-11 04:57:22,360 INFO: GET mhc_export page=95 offset=47500 n=500
2026-03-11 04:58:02,894 INFO: GET mhc_export page=96 offset=48000 n=500
2026-03-11 04:58:43,081 INFO: GET mhc_export page=97 offset=48500 n=500
2026-03-11 04:59:23,278 INFO: GET mhc_export page=98 offset=49000 n=500
2026-03-11 05:00:03,270 INFO: GET mhc_export page=99 offset=49500 n=500
2026-03-11 05:00:47,326 INFO: GET mhc_export page=100 offset=50000 n=500
2026-03-11 05:01:28,783 INFO: GET mhc_export page=101 offset=50500 n=500
2026-03-11 05:02:11,570 INFO: GET mhc_export page=102 offset=51000 n=500
2026-03-11 05:02:53,589 INFO: GET mhc_export page=103 offset=51500 n=500
2026-03-11 05:03:33,902 INFO: GET mhc_export page=104 offset=52000 n=500
2026-03-11 05:04:14,439 INFO: GET mhc_export page=105 offset=52500 n=500
2026-03-11 05:04:54,849 INFO: GET mhc_export page=106 offset=53000 n=500
2026-03-11 05:05:34,828 INFO: GET mhc_export page=107 offset=53500 n=500
2026-03-11 05:06:14,261 INFO: GET mhc_export page=108 offset=54000 n=500
2026-03-11 05:06:54,535 INFO: GET mhc_export page=109 offset=54500 n=500
2026-03-11 05:07:34,147 INFO: GET mhc_export page=110 offset=55000 n=500
2026-03-11 05:08:14,870 INFO: GET mhc_export page=111 offset=55500 n=500
2026-03-11 05:08:55,331 INFO: GET mhc_export page=112 offset=56000 n=500
2026-03-11 05:09:34,580 INFO: GET mhc_export page=113 offset=56500 n=500
2026-03-11 05:10:15,456 INFO: GET mhc_export page=114 offset=57000 n=500
2026-03-11 05:10:56,011 INFO: GET mhc_export page=115 offset=57500 n=500
2026-03-11 05:11:36,592 INFO: GET mhc_export page=116 offset=58000 n=500
2026-03-11 05:12:17,348 INFO: GET mhc_export page=117 offset=58500 n=500
2026-03-11 05:12:57,753 INFO: GET mhc_export page=118 offset=59000 n=500
2026-03-11 05:13:37,790 INFO: GET mhc_export page=119 offset=59500 n=500
2026-03-11 05:14:18,050 INFO: GET mhc_export page=120 offset=60000 n=500
2026-03-11 05:14:58,659 INFO: GET mhc_export page=121 offset=60500 n=500
2026-03-11 05:15:38,616 INFO: GET mhc_export page=122 offset=61000 n=500
2026-03-11 05:16:18,518 INFO: GET mhc_export page=123 offset=61500 n=500
2026-03-11 05:16:58,014 INFO: GET mhc_export page=124 offset=62000 n=500
2026-03-11 05:17:38,151 INFO: GET mhc_export page=125 offset=62500 n=500
2026-03-11 05:18:18,445 INFO: GET mhc_export page=126 offset=63000 n=500
2026-03-11 05:18:58,540 INFO: GET mhc_export page=127 offset=63500 n=500
2026-03-11 05:19:38,191 INFO: GET mhc_export page=128 offset=64000 n=500
2026-03-11 05:20:37,599 INFO: GET mhc_export page=129 offset=64500 n=500
2026-03-11 05:21:25,404 INFO: GET mhc_export page=130 offset=65000 n=500
2026-03-11 05:22:16,301 INFO: GET mhc_export page=131 offset=65500 n=500
2026-03-11 05:23:02,467 INFO: GET mhc_export page=132 offset=66000 n=500
2026-03-11 05:23:44,149 INFO: GET mhc_export page=133 offset=66500 n=500
2026-03-11 05:24:23,961 INFO: GET mhc_export page=134 offset=67000 n=500
2026-03-11 05:25:04,036 INFO: GET mhc_export page=135 offset=67500 n=500
2026-03-11 05:25:44,034 INFO: GET mhc_export page=136 offset=68000 n=500
2026-03-11 05:26:24,594 INFO: GET mhc_export page=137 offset=68500 n=500
2026-03-11 05:27:05,639 INFO: GET mhc_export page=138 offset=69000 n=500
2026-03-11 05:27:46,909 INFO: GET mhc_export page=139 offset=69500 n=500
2026-03-11 05:28:27,335 INFO: GET mhc_export page=140 offset=70000 n=500
2026-03-11 05:29:07,252 INFO: GET mhc_export page=141 offset=70500 n=500
2026-03-11 05:29:47,127 INFO: GET mhc_export page=142 offset=71000 n=500
2026-03-11 05:30:27,753 INFO: GET mhc_export page=143 offset=71500 n=500
2026-03-11 05:31:07,914 INFO: GET mhc_export page=144 offset=72000 n=500
2026-03-11 05:31:47,660 INFO: GET mhc_export page=145 offset=72500 n=500
2026-03-11 05:32:27,616 INFO: GET mhc_export page=146 offset=73000 n=500
2026-03-11 05:33:06,305 INFO: GET mhc_export page=147 offset=73500 n=500
2026-03-11 05:33:46,224 INFO: GET mhc_export page=148 offset=74000 n=500
2026-03-11 05:34:25,685 INFO: GET mhc_export page=149 offset=74500 n=500
2026-03-11 05:35:06,416 INFO: GET mhc_export page=150 offset=75000 n=500
2026-03-11 05:35:45,625 INFO: GET mhc_export page=151 offset=75500 n=500
2026-03-11 05:36:24,563 INFO: GET mhc_export page=152 offset=76000 n=500
2026-03-11 05:37:04,032 INFO: GET mhc_export page=153 offset=76500 n=500
2026-03-11 05:37:44,521 INFO: GET mhc_export page=154 offset=77000 n=500
2026-03-11 05:38:27,246 INFO: GET mhc_export page=155 offset=77500 n=500
2026-03-11 05:39:08,480 INFO: GET mhc_export page=156 offset=78000 n=500
2026-03-11 05:39:52,985 INFO: GET mhc_export page=157 offset=78500 n=500
2026-03-11 05:40:35,248 INFO: GET mhc_export page=158 offset=79000 n=500
2026-03-11 05:41:19,128 INFO: GET mhc_export page=159 offset=79500 n=500
2026-03-11 05:41:58,835 INFO: GET mhc_export page=160 offset=80000 n=500
2026-03-11 05:42:38,369 INFO: GET mhc_export page=161 offset=80500 n=500
2026-03-11 05:43:18,158 INFO: GET mhc_export page=162 offset=81000 n=500
2026-03-11 05:43:58,659 INFO: GET mhc_export page=163 offset=81500 n=500
2026-03-11 05:44:40,672 INFO: GET mhc_export page=164 offset=82000 n=500
2026-03-11 05:45:22,210 INFO: GET mhc_export page=165 offset=82500 n=500
2026-03-11 05:46:06,049 INFO: GET mhc_export page=166 offset=83000 n=500
2026-03-11 05:46:49,884 INFO: GET mhc_export page=167 offset=83500 n=500
2026-03-11 05:47:37,225 INFO: GET mhc_export page=168 offset=84000 n=500
2026-03-11 05:48:19,780 INFO: GET mhc_export page=169 offset=84500 n=500
2026-03-11 05:49:00,411 INFO: GET mhc_export page=170 offset=85000 n=500
2026-03-11 05:49:41,966 INFO: GET mhc_export page=171 offset=85500 n=500
2026-03-11 05:50:27,773 INFO: GET mhc_export page=172 offset=86000 n=500
2026-03-11 05:51:08,473 INFO: GET mhc_export page=173 offset=86500 n=500
2026-03-11 05:51:49,420 INFO: GET mhc_export page=174 offset=87000 n=500
2026-03-11 05:52:29,765 INFO: GET mhc_export page=175 offset=87500 n=500
2026-03-11 05:53:11,627 INFO: GET mhc_export page=176 offset=88000 n=500
2026-03-11 05:53:52,493 INFO: GET mhc_export page=177 offset=88500 n=500
2026-03-11 05:54:32,107 INFO: GET mhc_export page=178 offset=89000 n=500
2026-03-11 05:55:14,068 INFO: GET mhc_export page=179 offset=89500 n=500
2026-03-11 05:55:55,019 INFO: GET mhc_export page=180 offset=90000 n=500
2026-03-11 05:56:36,054 INFO: GET mhc_export page=181 offset=90500 n=500
2026-03-11 05:57:17,632 INFO: GET mhc_export page=182 offset=91000 n=500
2026-03-11 05:58:39,307 INFO: GET mhc_export page=183 offset=91500 n=500
2026-03-11 06:00:04,207 INFO: GET mhc_export page=184 offset=92000 n=500
2026-03-11 06:01:37,445 INFO: GET mhc_export page=185 offset=92500 n=500
2026-03-11 06:03:00,535 INFO: GET mhc_export page=186 offset=93000 n=500
2026-03-11 06:03:59,029 INFO: GET mhc_export page=187 offset=93500 n=500
2026-03-11 06:05:12,515 INFO: GET mhc_export page=188 offset=94000 n=500
2026-03-11 06:06:04,307 INFO: GET mhc_export page=189 offset=94500 n=500
2026-03-11 06:07:23,475 INFO: GET mhc_export page=190 offset=95000 n=500
2026-03-11 06:08:41,695 INFO: GET mhc_export page=191 offset=95500 n=500
2026-03-11 06:10:00,866 INFO: GET mhc_export page=192 offset=96000 n=500
2026-03-11 06:11:20,733 INFO: GET mhc_export page=193 offset=96500 n=500
2026-03-11 06:12:40,477 INFO: GET mhc_export page=194 offset=97000 n=500
2026-03-11 06:14:06,489 INFO: GET mhc_export page=195 offset=97500 n=500
2026-03-11 06:15:32,983 INFO: GET mhc_export page=196 offset=98000 n=500
2026-03-11 06:17:00,442 INFO: GET mhc_export page=197 offset=98500 n=500
2026-03-11 06:18:15,503 INFO: GET mhc_export page=198 offset=99000 n=500
2026-03-11 06:19:41,627 INFO: GET mhc_export page=199 offset=99500 n=500
2026-03-11 06:20:44,773 INFO: GET mhc_export page=200 offset=100000 n=500
2026-03-11 06:21:26,139 INFO: GET mhc_export page=201 offset=100500 n=500
2026-03-11 06:22:07,525 INFO: GET mhc_export page=202 offset=101000 n=500
2026-03-11 06:22:48,424 INFO: GET mhc_export page=203 offset=101500 n=500
2026-03-11 06:23:29,589 INFO: GET mhc_export page=204 offset=102000 n=500
2026-03-11 06:24:11,393 INFO: GET mhc_export page=205 offset=102500 n=500
2026-03-11 06:24:52,600 INFO: GET mhc_export page=206 offset=103000 n=500
2026-03-11 06:25:36,352 INFO: GET mhc_export page=207 offset=103500 n=500
2026-03-11 06:26:16,871 INFO: GET mhc_export page=208 offset=104000 n=500
2026-03-11 06:26:57,297 INFO: GET mhc_export page=209 offset=104500 n=500
2026-03-11 06:27:47,985 INFO: GET mhc_export page=210 offset=105000 n=500
2026-03-11 06:28:28,638 INFO: GET mhc_export page=211 offset=105500 n=500
2026-03-11 06:29:08,731 INFO: GET mhc_export page=212 offset=106000 n=500
2026-03-11 06:29:49,522 INFO: GET mhc_export page=213 offset=106500 n=500
2026-03-11 06:30:30,174 INFO: GET mhc_export page=214 offset=107000 n=500
2026-03-11 06:31:11,982 INFO: GET mhc_export page=215 offset=107500 n=500
2026-03-11 06:31:53,909 INFO: GET mhc_export page=216 offset=108000 n=500
2026-03-11 06:32:36,923 INFO: GET mhc_export page=217 offset=108500 n=500
2026-03-11 06:33:17,076 INFO: GET mhc_export page=218 offset=109000 n=500
2026-03-11 06:33:57,803 INFO: GET mhc_export page=219 offset=109500 n=500
2026-03-11 06:35:05,074 INFO: GET mhc_export page=220 offset=110000 n=500
2026-03-11 06:35:45,750 INFO: GET mhc_export page=221 offset=110500 n=500
2026-03-11 06:36:26,758 INFO: GET mhc_export page=222 offset=111000 n=500
2026-03-11 06:37:28,768 INFO: GET mhc_export page=223 offset=111500 n=500
2026-03-11 06:38:09,930 INFO: GET mhc_export page=224 offset=112000 n=500
2026-03-11 06:38:51,262 INFO: GET mhc_export page=225 offset=112500 n=500
2026-03-11 06:39:32,115 INFO: GET mhc_export page=226 offset=113000 n=500
2026-03-11 06:40:11,074 INFO: GET mhc_export page=227 offset=113500 n=500
2026-03-11 06:40:50,517 INFO: GET mhc_export page=228 offset=114000 n=500
2026-03-11 06:41:30,341 INFO: GET mhc_export page=229 offset=114500 n=500
2026-03-11 06:42:10,190 INFO: GET mhc_export page=230 offset=115000 n=500
2026-03-11 06:42:50,379 INFO: GET mhc_export page=231 offset=115500 n=500
2026-03-11 06:43:30,689 INFO: GET mhc_export page=232 offset=116000 n=500
2026-03-11 06:44:10,663 INFO: GET mhc_export page=233 offset=116500 n=500
2026-03-11 06:45:13,612 INFO: GET mhc_export page=234 offset=117000 n=500
2026-03-11 06:46:00,284 INFO: GET mhc_export page=235 offset=117500 n=500
2026-03-11 06:46:42,682 INFO: GET mhc_export page=236 offset=118000 n=500
2026-03-11 06:47:24,323 INFO: GET mhc_export page=237 offset=118500 n=500
2026-03-11 06:48:04,846 INFO: GET mhc_export page=238 offset=119000 n=500
2026-03-11 06:48:44,830 INFO: GET mhc_export page=239 offset=119500 n=500
2026-03-11 06:49:29,648 INFO: GET mhc_export page=240 offset=120000 n=500
2026-03-11 06:50:10,165 INFO: GET mhc_export page=241 offset=120500 n=500
2026-03-11 06:50:52,011 INFO: GET mhc_export page=242 offset=121000 n=500
2026-03-11 06:51:33,194 INFO: GET mhc_export page=243 offset=121500 n=500
2026-03-11 06:52:14,506 INFO: GET mhc_export page=244 offset=122000 n=500
2026-03-11 06:52:55,645 INFO: GET mhc_export page=245 offset=122500 n=500
2026-03-11 06:53:35,986 INFO: GET mhc_export page=246 offset=123000 n=500
2026-03-11 06:54:16,683 INFO: GET mhc_export page=247 offset=123500 n=500
2026-03-11 06:54:57,170 INFO: GET mhc_export page=248 offset=124000 n=500
2026-03-11 06:55:37,287 INFO: GET mhc_export page=249 offset=124500 n=500
2026-03-11 06:56:17,651 INFO: GET mhc_export page=250 offset=125000 n=500
2026-03-11 06:56:58,736 INFO: GET mhc_export page=251 offset=125500 n=500
2026-03-11 06:57:39,899 INFO: GET mhc_export page=252 offset=126000 n=500
2026-03-11 06:58:23,282 INFO: GET mhc_export page=253 offset=126500 n=500
2026-03-11 06:59:05,333 INFO: GET mhc_export page=254 offset=127000 n=500
2026-03-11 06:59:46,906 INFO: GET mhc_export page=255 offset=127500 n=500
2026-03-11 07:00:31,416 INFO: GET mhc_export page=256 offset=128000 n=500
2026-03-11 07:01:23,731 INFO: GET mhc_export page=257 offset=128500 n=500
2026-03-11 07:02:14,668 INFO: GET mhc_export page=258 offset=129000 n=500
2026-03-11 07:03:01,256 INFO: GET mhc_export page=259 offset=129500 n=500
2026-03-11 07:03:43,109 INFO: GET mhc_export page=260 offset=130000 n=500
2026-03-11 07:04:23,838 INFO: GET mhc_export page=261 offset=130500 n=500
2026-03-11 07:05:04,248 INFO: GET mhc_export page=262 offset=131000 n=500
2026-03-11 07:05:44,323 INFO: GET mhc_export page=263 offset=131500 n=500
2026-03-11 07:06:43,423 INFO: GET mhc_export page=264 offset=132000 n=500
2026-03-11 07:07:24,707 INFO: GET mhc_export page=265 offset=132500 n=500
2026-03-11 07:08:04,371 INFO: GET mhc_export page=266 offset=133000 n=500
2026-03-11 07:08:47,472 INFO: GET mhc_export page=267 offset=133500 n=500
2026-03-11 07:09:45,640 INFO: GET mhc_export page=268 offset=134000 n=500
2026-03-11 07:10:24,321 INFO: GET mhc_export page=269 offset=134500 n=500
2026-03-11 07:11:04,415 INFO: GET mhc_export page=270 offset=135000 n=500
2026-03-11 07:11:44,045 INFO: GET mhc_export page=271 offset=135500 n=500
2026-03-11 07:12:23,866 INFO: GET mhc_export page=272 offset=136000 n=500
2026-03-11 07:13:04,132 INFO: GET mhc_export page=273 offset=136500 n=500
2026-03-11 07:13:44,891 INFO: GET mhc_export page=274 offset=137000 n=500
2026-03-11 07:14:23,909 INFO: GET mhc_export page=275 offset=137500 n=500
2026-03-11 07:15:03,772 INFO: GET mhc_export page=276 offset=138000 n=500
2026-03-11 07:15:43,172 INFO: GET mhc_export page=277 offset=138500 n=500
2026-03-11 07:16:22,569 INFO: GET mhc_export page=278 offset=139000 n=500
2026-03-11 07:17:03,133 INFO: GET mhc_export page=279 offset=139500 n=500
2026-03-11 07:17:42,430 INFO: GET mhc_export page=280 offset=140000 n=500
2026-03-11 07:18:22,075 INFO: GET mhc_export page=281 offset=140500 n=500
2026-03-11 07:19:01,253 INFO: GET mhc_export page=282 offset=141000 n=500
2026-03-11 07:19:40,008 INFO: GET mhc_export page=283 offset=141500 n=500
2026-03-11 07:20:19,650 INFO: GET mhc_export page=284 offset=142000 n=500
2026-03-11 07:21:00,117 INFO: GET mhc_export page=285 offset=142500 n=500
2026-03-11 07:21:40,877 INFO: GET mhc_export page=286 offset=143000 n=500
2026-03-11 07:22:21,875 INFO: GET mhc_export page=287 offset=143500 n=500
2026-03-11 07:23:01,706 INFO: GET mhc_export page=288 offset=144000 n=500
2026-03-11 07:23:42,373 INFO: GET mhc_export page=289 offset=144500 n=500
2026-03-11 07:24:22,379 INFO: GET mhc_export page=290 offset=145000 n=500
2026-03-11 07:25:02,323 INFO: GET mhc_export page=291 offset=145500 n=500
2026-03-11 07:25:42,320 INFO: GET mhc_export page=292 offset=146000 n=500
2026-03-11 07:26:24,899 INFO: GET mhc_export page=293 offset=146500 n=500
2026-03-11 07:27:06,682 INFO: GET mhc_export page=294 offset=147000 n=500
2026-03-11 07:27:46,901 INFO: GET mhc_export page=295 offset=147500 n=500
2026-03-11 07:28:27,429 INFO: GET mhc_export page=296 offset=148000 n=500
2026-03-11 07:29:07,967 INFO: GET mhc_export page=297 offset=148500 n=500
2026-03-11 07:29:48,211 INFO: GET mhc_export page=298 offset=149000 n=500
2026-03-11 07:30:27,961 INFO: GET mhc_export page=299 offset=149500 n=500
2026-03-11 07:31:08,688 INFO: GET mhc_export page=300 offset=150000 n=500
2026-03-11 07:31:49,617 INFO: GET mhc_export page=301 offset=150500 n=500
2026-03-11 07:32:29,755 INFO: GET mhc_export page=302 offset=151000 n=500
2026-03-11 07:33:10,299 INFO: GET mhc_export page=303 offset=151500 n=500
2026-03-11 07:33:51,131 INFO: GET mhc_export page=304 offset=152000 n=500
2026-03-11 07:34:32,771 INFO: GET mhc_export page=305 offset=152500 n=500
2026-03-11 07:35:55,776 INFO: GET mhc_export page=306 offset=153000 n=500
2026-03-11 07:37:25,287 INFO: GET mhc_export page=307 offset=153500 n=500
2026-03-11 07:39:02,832 INFO: GET mhc_export page=308 offset=154000 n=500
2026-03-11 07:40:25,643 INFO: GET mhc_export page=309 offset=154500 n=500
2026-03-11 07:42:11,332 INFO: GET mhc_export page=310 offset=155000 n=500
2026-03-11 07:42:51,341 INFO: GET mhc_export page=311 offset=155500 n=500
2026-03-11 07:43:31,590 INFO: GET mhc_export page=312 offset=156000 n=500
2026-03-11 07:44:12,395 INFO: GET mhc_export page=313 offset=156500 n=500
2026-03-11 07:44:52,056 INFO: GET mhc_export page=314 offset=157000 n=500
2026-03-11 07:45:31,269 INFO: GET mhc_export page=315 offset=157500 n=500
2026-03-11 07:46:11,736 INFO: GET mhc_export page=316 offset=158000 n=500
2026-03-11 07:46:52,757 INFO: GET mhc_export page=317 offset=158500 n=500
2026-03-11 07:47:32,270 INFO: GET mhc_export page=318 offset=159000 n=500
2026-03-11 07:48:11,137 INFO: GET mhc_export page=319 offset=159500 n=500
2026-03-11 07:48:51,054 INFO: GET mhc_export page=320 offset=160000 n=500
2026-03-11 07:49:31,043 INFO: GET mhc_export page=321 offset=160500 n=500
2026-03-11 07:50:11,342 INFO: GET mhc_export page=322 offset=161000 n=500
2026-03-11 07:50:52,196 INFO: GET mhc_export page=323 offset=161500 n=500
2026-03-11 07:51:32,572 INFO: GET mhc_export page=324 offset=162000 n=500
2026-03-11 07:52:12,800 INFO: GET mhc_export page=325 offset=162500 n=500
2026-03-11 07:52:53,129 INFO: GET mhc_export page=326 offset=163000 n=500
2026-03-11 07:53:34,042 INFO: GET mhc_export page=327 offset=163500 n=500
2026-03-11 07:54:14,545 INFO: GET mhc_export page=328 offset=164000 n=500
2026-03-11 07:54:54,651 INFO: GET mhc_export page=329 offset=164500 n=500
2026-03-11 07:55:35,093 INFO: GET mhc_export page=330 offset=165000 n=500
2026-03-11 07:56:15,401 INFO: GET mhc_export page=331 offset=165500 n=500
2026-03-11 07:56:56,884 INFO: GET mhc_export page=332 offset=166000 n=500
2026-03-11 07:57:36,487 INFO: GET mhc_export page=333 offset=166500 n=500
2026-03-11 07:58:16,031 INFO: GET mhc_export page=334 offset=167000 n=500
2026-03-11 07:58:55,239 INFO: GET mhc_export page=335 offset=167500 n=500
2026-03-11 07:59:34,749 INFO: GET mhc_export page=336 offset=168000 n=500
2026-03-11 08:00:22,084 INFO: GET mhc_export page=337 offset=168500 n=500
2026-03-11 08:01:32,028 INFO: GET mhc_export page=338 offset=169000 n=500
2026-03-11 08:02:56,466 INFO: GET mhc_export page=339 offset=169500 n=500
2026-03-11 08:03:50,778 INFO: GET mhc_export page=340 offset=170000 n=500
2026-03-11 08:04:32,150 INFO: GET mhc_export page=341 offset=170500 n=500
2026-03-11 08:05:12,192 INFO: GET mhc_export page=342 offset=171000 n=500
2026-03-11 08:05:52,074 INFO: GET mhc_export page=343 offset=171500 n=500
2026-03-11 08:06:33,386 INFO: GET mhc_export page=344 offset=172000 n=500
2026-03-11 08:07:13,476 INFO: GET mhc_export page=345 offset=172500 n=500
2026-03-11 08:07:53,388 INFO: GET mhc_export page=346 offset=173000 n=500
2026-03-11 08:08:33,986 INFO: GET mhc_export page=347 offset=173500 n=500
2026-03-11 08:09:13,988 INFO: GET mhc_export page=348 offset=174000 n=500
2026-03-11 08:09:53,111 INFO: GET mhc_export page=349 offset=174500 n=500
2026-03-11 08:10:32,576 INFO: GET mhc_export page=350 offset=175000 n=500
2026-03-11 08:11:13,119 INFO: GET mhc_export page=351 offset=175500 n=500
2026-03-11 08:11:52,230 INFO: GET mhc_export page=352 offset=176000 n=500
2026-03-11 08:12:31,981 INFO: GET mhc_export page=353 offset=176500 n=500
2026-03-11 08:13:11,539 INFO: GET mhc_export page=354 offset=177000 n=500
2026-03-11 08:13:51,528 INFO: GET mhc_export page=355 offset=177500 n=500
2026-03-11 08:14:30,322 INFO: GET mhc_export page=356 offset=178000 n=500
2026-03-11 08:15:11,239 INFO: GET mhc_export page=357 offset=178500 n=500
2026-03-11 08:15:50,457 INFO: GET mhc_export page=358 offset=179000 n=500
2026-03-11 08:16:30,127 INFO: GET mhc_export page=359 offset=179500 n=500
2026-03-11 08:17:10,410 INFO: GET mhc_export page=360 offset=180000 n=500
2026-03-11 08:17:50,858 INFO: GET mhc_export page=361 offset=180500 n=500
2026-03-11 08:18:30,517 INFO: GET mhc_export page=362 offset=181000 n=500
2026-03-11 08:19:11,747 INFO: GET mhc_export page=363 offset=181500 n=500
2026-03-11 08:19:55,606 INFO: GET mhc_export page=364 offset=182000 n=500
2026-03-11 08:20:36,328 INFO: GET mhc_export page=365 offset=182500 n=500
2026-03-11 08:21:16,485 INFO: GET mhc_export page=366 offset=183000 n=500
2026-03-11 08:21:58,063 INFO: GET mhc_export page=367 offset=183500 n=500
2026-03-11 08:22:37,978 INFO: GET mhc_export page=368 offset=184000 n=500
2026-03-11 08:23:18,125 INFO: GET mhc_export page=369 offset=184500 n=500
2026-03-11 08:23:58,429 INFO: GET mhc_export page=370 offset=185000 n=500
2026-03-11 08:24:39,761 INFO: GET mhc_export page=371 offset=185500 n=500
2026-03-11 08:25:20,263 INFO: GET mhc_export page=372 offset=186000 n=500
2026-03-11 08:26:01,836 INFO: GET mhc_export page=373 offset=186500 n=500
2026-03-11 08:26:43,788 INFO: GET mhc_export page=374 offset=187000 n=500
2026-03-11 08:27:24,924 INFO: GET mhc_export page=375 offset=187500 n=500
2026-03-11 08:28:05,105 INFO: GET mhc_export page=376 offset=188000 n=500
2026-03-11 08:28:45,347 INFO: GET mhc_export page=377 offset=188500 n=500
2026-03-11 08:29:25,623 INFO: GET mhc_export page=378 offset=189000 n=500
2026-03-11 08:30:07,504 INFO: GET mhc_export page=379 offset=189500 n=500
2026-03-11 08:30:50,677 INFO: GET mhc_export page=380 offset=190000 n=500
2026-03-11 08:31:30,831 INFO: GET mhc_export page=381 offset=190500 n=500
2026-03-11 08:32:15,288 INFO: GET mhc_export page=382 offset=191000 n=500
2026-03-11 08:32:59,967 INFO: GET mhc_export page=383 offset=191500 n=500
2026-03-11 08:33:46,090 INFO: GET mhc_export page=384 offset=192000 n=500
2026-03-11 08:34:33,664 INFO: GET mhc_export page=385 offset=192500 n=500
2026-03-11 08:35:29,713 INFO: GET mhc_export page=386 offset=193000 n=500
2026-03-11 08:36:22,631 INFO: GET mhc_export page=387 offset=193500 n=500
2026-03-11 08:37:04,948 INFO: GET mhc_export page=388 offset=194000 n=500
2026-03-11 08:37:45,588 INFO: GET mhc_export page=389 offset=194500 n=500
2026-03-11 08:38:27,096 INFO: GET mhc_export page=390 offset=195000 n=500
2026-03-11 08:39:07,146 INFO: GET mhc_export page=391 offset=195500 n=500
2026-03-11 08:39:47,434 INFO: GET mhc_export page=392 offset=196000 n=500
2026-03-11 08:40:27,877 INFO: GET mhc_export page=393 offset=196500 n=500
2026-03-11 08:41:09,621 INFO: GET mhc_export page=394 offset=197000 n=500
2026-03-11 08:41:50,555 INFO: GET mhc_export page=395 offset=197500 n=500
2026-03-11 08:42:31,090 INFO: GET mhc_export page=396 offset=198000 n=500
2026-03-11 08:43:11,441 INFO: GET mhc_export page=397 offset=198500 n=500
2026-03-11 08:43:51,955 INFO: GET mhc_export page=398 offset=199000 n=500
2026-03-11 08:44:33,101 INFO: GET mhc_export page=399 offset=199500 n=500
2026-03-11 08:45:15,297 INFO: GET mhc_export page=400 offset=200000 n=500
2026-03-11 08:45:55,733 INFO: GET mhc_export page=401 offset=200500 n=500
2026-03-11 08:46:36,349 INFO: GET mhc_export page=402 offset=201000 n=500
2026-03-11 08:47:16,161 INFO: GET mhc_export page=403 offset=201500 n=500
2026-03-11 08:47:55,785 INFO: GET mhc_export page=404 offset=202000 n=500
2026-03-11 08:48:35,238 INFO: GET mhc_export page=405 offset=202500 n=500
2026-03-11 08:49:18,140 INFO: GET mhc_export page=406 offset=203000 n=500
2026-03-11 08:50:01,379 INFO: GET mhc_export page=407 offset=203500 n=500
2026-03-11 08:50:45,721 INFO: GET mhc_export page=408 offset=204000 n=500
2026-03-11 08:51:30,616 INFO: GET mhc_export page=409 offset=204500 n=500
2026-03-11 08:52:16,208 INFO: GET mhc_export page=410 offset=205000 n=500
2026-03-11 08:53:02,114 INFO: GET mhc_export page=411 offset=205500 n=500
2026-03-11 08:53:46,324 INFO: GET mhc_export page=412 offset=206000 n=500
2026-03-11 08:54:30,256 INFO: GET mhc_export page=413 offset=206500 n=500
2026-03-11 08:55:14,312 INFO: GET mhc_export page=414 offset=207000 n=500
2026-03-11 08:55:59,289 INFO: GET mhc_export page=415 offset=207500 n=500
2026-03-11 08:56:43,363 INFO: GET mhc_export page=416 offset=208000 n=500
2026-03-11 08:57:27,310 INFO: GET mhc_export page=417 offset=208500 n=500
2026-03-11 08:58:12,088 INFO: GET mhc_export page=418 offset=209000 n=500
2026-03-11 08:58:56,682 INFO: GET mhc_export page=419 offset=209500 n=500
2026-03-11 08:59:40,711 INFO: GET mhc_export page=420 offset=210000 n=500
2026-03-11 09:00:25,580 INFO: GET mhc_export page=421 offset=210500 n=500
2026-03-11 09:01:11,015 INFO: GET mhc_export page=422 offset=211000 n=500
2026-03-11 09:01:56,485 INFO: GET mhc_export page=423 offset=211500 n=500
2026-03-11 09:02:41,168 INFO: GET mhc_export page=424 offset=212000 n=500
2026-03-11 09:03:25,364 INFO: GET mhc_export page=425 offset=212500 n=500
2026-03-11 09:04:10,549 INFO: GET mhc_export page=426 offset=213000 n=500
2026-03-11 09:04:55,652 INFO: GET mhc_export page=427 offset=213500 n=500
2026-03-11 09:05:39,809 INFO: GET mhc_export page=428 offset=214000 n=500
2026-03-11 09:06:23,079 INFO: GET mhc_export page=429 offset=214500 n=500
2026-03-11 09:07:03,790 INFO: GET mhc_export page=430 offset=215000 n=500
2026-03-11 09:07:44,044 INFO: GET mhc_export page=431 offset=215500 n=500
2026-03-11 09:08:25,256 INFO: GET mhc_export page=432 offset=216000 n=500
2026-03-11 09:09:05,790 INFO: GET mhc_export page=433 offset=216500 n=500
2026-03-11 09:09:46,210 INFO: GET mhc_export page=434 offset=217000 n=500
2026-03-11 09:10:27,288 INFO: GET mhc_export page=435 offset=217500 n=500
2026-03-11 09:11:07,875 INFO: GET mhc_export page=436 offset=218000 n=500
2026-03-11 09:11:48,356 INFO: GET mhc_export page=437 offset=218500 n=500
2026-03-11 09:12:30,887 INFO: GET mhc_export page=438 offset=219000 n=500
2026-03-11 09:13:11,257 INFO: GET mhc_export page=439 offset=219500 n=500
2026-03-11 09:13:51,569 INFO: GET mhc_export page=440 offset=220000 n=500
2026-03-11 09:14:32,277 INFO: GET mhc_export page=441 offset=220500 n=500
2026-03-11 09:15:12,712 INFO: GET mhc_export page=442 offset=221000 n=500
2026-03-11 09:15:54,574 INFO: GET mhc_export page=443 offset=221500 n=500
2026-03-11 09:16:35,010 INFO: GET mhc_export page=444 offset=222000 n=500
2026-03-11 09:17:18,572 INFO: GET mhc_export page=445 offset=222500 n=500
2026-03-11 09:17:59,064 INFO: GET mhc_export page=446 offset=223000 n=500
2026-03-11 09:18:39,778 INFO: GET mhc_export page=447 offset=223500 n=500
2026-03-11 09:19:20,479 INFO: GET mhc_export page=448 offset=224000 n=500
2026-03-11 09:19:59,710 INFO: GET mhc_export page=449 offset=224500 n=500
2026-03-11 09:20:43,130 INFO: GET mhc_export page=450 offset=225000 n=500
2026-03-11 09:21:24,976 INFO: GET mhc_export page=451 offset=225500 n=500
2026-03-11 09:22:05,838 INFO: GET mhc_export page=452 offset=226000 n=500
2026-03-11 09:22:49,021 INFO: GET mhc_export page=453 offset=226500 n=500
2026-03-11 09:23:31,623 INFO: GET mhc_export page=454 offset=227000 n=500
2026-03-11 09:24:12,606 INFO: GET mhc_export page=455 offset=227500 n=500
2026-03-11 09:24:55,096 INFO: GET mhc_export page=456 offset=228000 n=500
2026-03-11 09:25:38,684 INFO: GET mhc_export page=457 offset=228500 n=500
2026-03-11 09:26:23,228 INFO: GET mhc_export page=458 offset=229000 n=500
2026-03-11 09:27:05,827 INFO: GET mhc_export page=459 offset=229500 n=500
2026-03-11 09:27:49,141 INFO: GET mhc_export page=460 offset=230000 n=500
2026-03-11 09:28:31,888 INFO: GET mhc_export page=461 offset=230500 n=500
2026-03-11 09:29:14,254 INFO: GET mhc_export page=462 offset=231000 n=500
2026-03-11 09:29:57,014 INFO: GET mhc_export page=463 offset=231500 n=500
2026-03-11 09:30:40,104 INFO: GET mhc_export page=464 offset=232000 n=500
2026-03-11 09:31:23,829 INFO: GET mhc_export page=465 offset=232500 n=500
2026-03-11 09:32:06,739 INFO: GET mhc_export page=466 offset=233000 n=500
2026-03-11 09:32:49,078 INFO: GET mhc_export page=467 offset=233500 n=500
2026-03-11 09:33:29,887 INFO: GET mhc_export page=468 offset=234000 n=500
2026-03-11 09:34:10,500 INFO: GET mhc_export page=469 offset=234500 n=500
2026-03-11 09:34:53,506 INFO: GET mhc_export page=470 offset=235000 n=500
2026-03-11 09:35:35,618 INFO: GET mhc_export page=471 offset=235500 n=500
2026-03-11 09:36:19,053 INFO: GET mhc_export page=472 offset=236000 n=500
2026-03-11 09:37:03,355 INFO: GET mhc_export page=473 offset=236500 n=500
2026-03-11 09:37:46,961 INFO: GET mhc_export page=474 offset=237000 n=500
2026-03-11 09:38:29,201 INFO: GET mhc_export page=475 offset=237500 n=500
2026-03-11 09:39:12,656 INFO: GET mhc_export page=476 offset=238000 n=500
2026-03-11 09:39:56,127 INFO: GET mhc_export page=477 offset=238500 n=500
2026-03-11 09:40:36,448 INFO: GET mhc_export page=478 offset=239000 n=500
2026-03-11 09:41:19,072 INFO: GET mhc_export page=479 offset=239500 n=500
2026-03-11 09:42:01,957 INFO: GET mhc_export page=480 offset=240000 n=500
2026-03-11 09:42:45,180 INFO: GET mhc_export page=481 offset=240500 n=500
2026-03-11 09:43:27,988 INFO: GET mhc_export page=482 offset=241000 n=500
2026-03-11 09:44:11,040 INFO: GET mhc_export page=483 offset=241500 n=500
2026-03-11 09:44:53,636 INFO: GET mhc_export page=484 offset=242000 n=500
2026-03-11 09:45:36,590 INFO: GET mhc_export page=485 offset=242500 n=500
2026-03-11 09:46:19,481 INFO: GET mhc_export page=486 offset=243000 n=500
2026-03-11 09:47:02,046 INFO: GET mhc_export page=487 offset=243500 n=500
2026-03-11 09:47:43,492 INFO: GET mhc_export page=488 offset=244000 n=500
2026-03-11 09:48:25,478 INFO: GET mhc_export page=489 offset=244500 n=500
2026-03-11 09:49:06,933 INFO: GET mhc_export page=490 offset=245000 n=500
2026-03-11 09:49:49,194 INFO: GET mhc_export page=491 offset=245500 n=500
2026-03-11 09:50:31,472 INFO: GET mhc_export page=492 offset=246000 n=500
2026-03-11 09:51:14,388 INFO: GET mhc_export page=493 offset=246500 n=500
2026-03-11 09:51:56,923 INFO: GET mhc_export page=494 offset=247000 n=500
2026-03-11 09:52:38,007 INFO: GET mhc_export page=495 offset=247500 n=500
2026-03-11 09:53:21,101 INFO: GET mhc_export page=496 offset=248000 n=500
2026-03-11 09:54:04,745 INFO: GET mhc_export page=497 offset=248500 n=500
2026-03-11 09:54:48,251 INFO: GET mhc_export page=498 offset=249000 n=500
2026-03-11 09:55:30,944 INFO: GET mhc_export page=499 offset=249500 n=500
2026-03-11 09:56:16,284 INFO: GET mhc_export page=500 offset=250000 n=500
2026-03-11 09:57:00,117 INFO: GET mhc_export page=501 offset=250500 n=500
2026-03-11 09:57:43,482 INFO: GET mhc_export page=502 offset=251000 n=500
2026-03-11 09:58:26,713 INFO: GET mhc_export page=503 offset=251500 n=500
2026-03-11 09:59:10,196 INFO: GET mhc_export page=504 offset=252000 n=500
2026-03-11 09:59:52,362 INFO: GET mhc_export page=505 offset=252500 n=500
2026-03-11 10:00:33,703 INFO: GET mhc_export page=506 offset=253000 n=500
2026-03-11 10:01:16,803 INFO: GET mhc_export page=507 offset=253500 n=500
2026-03-11 10:01:59,125 INFO: GET mhc_export page=508 offset=254000 n=500
2026-03-11 10:02:41,766 INFO: GET mhc_export page=509 offset=254500 n=500
2026-03-11 10:03:25,491 INFO: GET mhc_export page=510 offset=255000 n=500
2026-03-11 10:04:07,762 INFO: GET mhc_export page=511 offset=255500 n=500
2026-03-11 10:04:51,651 INFO: GET mhc_export page=512 offset=256000 n=500
2026-03-11 10:05:35,175 INFO: GET mhc_export page=513 offset=256500 n=500
2026-03-11 10:06:18,522 INFO: GET mhc_export page=514 offset=257000 n=500
2026-03-11 10:07:01,767 INFO: GET mhc_export page=515 offset=257500 n=500
2026-03-11 10:07:43,559 INFO: GET mhc_export page=516 offset=258000 n=500
2026-03-11 10:08:25,251 INFO: GET mhc_export page=517 offset=258500 n=500
2026-03-11 10:09:07,106 INFO: GET mhc_export page=518 offset=259000 n=500
2026-03-11 10:09:48,772 INFO: GET mhc_export page=519 offset=259500 n=500
2026-03-11 10:10:31,216 INFO: GET mhc_export page=520 offset=260000 n=500
2026-03-11 10:11:14,671 INFO: GET mhc_export page=521 offset=260500 n=500
2026-03-11 10:11:58,900 INFO: GET mhc_export page=522 offset=261000 n=500
2026-03-11 10:12:42,953 INFO: GET mhc_export page=523 offset=261500 n=500
2026-03-11 10:13:26,772 INFO: GET mhc_export page=524 offset=262000 n=500
2026-03-11 10:14:10,107 INFO: GET mhc_export page=525 offset=262500 n=500
2026-03-11 10:14:52,514 INFO: GET mhc_export page=526 offset=263000 n=500
2026-03-11 10:15:35,242 INFO: GET mhc_export page=527 offset=263500 n=500
2026-03-11 10:16:17,462 INFO: GET mhc_export page=528 offset=264000 n=500
2026-03-11 10:17:00,577 INFO: GET mhc_export page=529 offset=264500 n=500
2026-03-11 10:17:43,599 INFO: GET mhc_export page=530 offset=265000 n=500
2026-03-11 10:18:28,095 INFO: GET mhc_export page=531 offset=265500 n=500
2026-03-11 10:19:12,768 INFO: GET mhc_export page=532 offset=266000 n=500
2026-03-11 10:19:56,015 INFO: GET mhc_export page=533 offset=266500 n=500
2026-03-11 10:20:39,147 INFO: GET mhc_export page=534 offset=267000 n=500
2026-03-11 10:21:23,295 INFO: GET mhc_export page=535 offset=267500 n=500
2026-03-11 10:22:06,675 INFO: GET mhc_export page=536 offset=268000 n=500
2026-03-11 10:22:49,581 INFO: GET mhc_export page=537 offset=268500 n=500
2026-03-11 10:23:33,735 INFO: GET mhc_export page=538 offset=269000 n=500
2026-03-11 10:24:15,507 INFO: GET mhc_export page=539 offset=269500 n=500
2026-03-11 10:24:59,228 INFO: GET mhc_export page=540 offset=270000 n=500
2026-03-11 10:25:43,156 INFO: GET mhc_export page=541 offset=270500 n=500
2026-03-11 10:26:26,196 INFO: GET mhc_export page=542 offset=271000 n=500
2026-03-11 10:27:10,248 INFO: GET mhc_export page=543 offset=271500 n=500
2026-03-11 10:27:54,405 INFO: GET mhc_export page=544 offset=272000 n=500
2026-03-11 10:28:37,854 INFO: GET mhc_export page=545 offset=272500 n=500
2026-03-11 10:29:20,477 INFO: GET mhc_export page=546 offset=273000 n=500
2026-03-11 10:30:03,939 INFO: GET mhc_export page=547 offset=273500 n=500
2026-03-11 10:30:49,758 INFO: GET mhc_export page=548 offset=274000 n=500
2026-03-11 10:31:34,585 INFO: GET mhc_export page=549 offset=274500 n=500
2026-03-11 10:32:19,890 INFO: GET mhc_export page=550 offset=275000 n=500
2026-03-11 10:33:04,940 INFO: GET mhc_export page=551 offset=275500 n=500
2026-03-11 10:33:49,124 INFO: GET mhc_export page=552 offset=276000 n=500
2026-03-11 10:34:36,517 INFO: GET mhc_export page=553 offset=276500 n=500
2026-03-11 10:35:22,392 INFO: GET mhc_export page=554 offset=277000 n=500
2026-03-11 10:36:07,644 INFO: GET mhc_export page=555 offset=277500 n=500
2026-03-11 10:36:53,540 INFO: GET mhc_export page=556 offset=278000 n=500
2026-03-11 10:37:36,803 INFO: GET mhc_export page=557 offset=278500 n=500
2026-03-11 10:38:22,311 INFO: GET mhc_export page=558 offset=279000 n=500
2026-03-11 10:39:06,458 INFO: GET mhc_export page=559 offset=279500 n=500
2026-03-11 10:39:50,743 INFO: GET mhc_export page=560 offset=280000 n=500
2026-03-11 10:40:33,816 INFO: GET mhc_export page=561 offset=280500 n=500
2026-03-11 10:41:17,341 INFO: GET mhc_export page=562 offset=281000 n=500
2026-03-11 10:42:03,560 INFO: GET mhc_export page=563 offset=281500 n=500
2026-03-11 10:42:48,178 INFO: GET mhc_export page=564 offset=282000 n=500
2026-03-11 10:43:32,136 INFO: GET mhc_export page=565 offset=282500 n=500
2026-03-11 10:44:15,912 INFO: GET mhc_export page=566 offset=283000 n=500
2026-03-11 10:44:59,625 INFO: GET mhc_export page=567 offset=283500 n=500
2026-03-11 10:45:43,511 INFO: GET mhc_export page=568 offset=284000 n=500
2026-03-11 10:46:26,257 INFO: GET mhc_export page=569 offset=284500 n=500
2026-03-11 10:47:10,137 INFO: GET mhc_export page=570 offset=285000 n=500
2026-03-11 10:47:55,026 INFO: GET mhc_export page=571 offset=285500 n=500
2026-03-11 10:48:40,116 INFO: GET mhc_export page=572 offset=286000 n=500
2026-03-11 10:49:23,863 INFO: GET mhc_export page=573 offset=286500 n=500
2026-03-11 10:50:07,690 INFO: GET mhc_export page=574 offset=287000 n=500
2026-03-11 10:50:48,536 INFO: GET mhc_export page=575 offset=287500 n=500
2026-03-11 10:51:33,035 INFO: GET mhc_export page=576 offset=288000 n=500
2026-03-11 10:52:17,194 INFO: GET mhc_export page=577 offset=288500 n=500
2026-03-11 10:53:03,389 INFO: GET mhc_export page=578 offset=289000 n=500
2026-03-11 10:53:45,465 INFO: GET mhc_export page=579 offset=289500 n=500
2026-03-11 10:54:26,381 INFO: GET mhc_export page=580 offset=290000 n=500
2026-03-11 10:55:06,692 INFO: GET mhc_export page=581 offset=290500 n=500
2026-03-11 10:55:47,499 INFO: GET mhc_export page=582 offset=291000 n=500
2026-03-11 10:56:29,345 INFO: GET mhc_export page=583 offset=291500 n=500
2026-03-11 10:57:10,787 INFO: GET mhc_export page=584 offset=292000 n=500
2026-03-11 10:57:50,976 INFO: GET mhc_export page=585 offset=292500 n=500
2026-03-11 10:58:31,696 INFO: GET mhc_export page=586 offset=293000 n=500
2026-03-11 10:59:12,202 INFO: GET mhc_export page=587 offset=293500 n=500
2026-03-11 10:59:53,544 INFO: GET mhc_export page=588 offset=294000 n=500
2026-03-11 11:00:35,947 INFO: GET mhc_export page=589 offset=294500 n=500
2026-03-11 11:01:19,919 INFO: GET mhc_export page=590 offset=295000 n=500
2026-03-11 11:02:02,181 INFO: GET mhc_export page=591 offset=295500 n=500
2026-03-11 11:02:42,794 INFO: GET mhc_export page=592 offset=296000 n=500
2026-03-11 11:03:23,580 INFO: GET mhc_export page=593 offset=296500 n=500
2026-03-11 11:04:04,722 INFO: GET mhc_export page=594 offset=297000 n=500
2026-03-11 11:04:46,708 INFO: GET mhc_export page=595 offset=297500 n=500
2026-03-11 11:05:29,619 INFO: GET mhc_export page=596 offset=298000 n=500
2026-03-11 11:06:09,013 INFO: GET mhc_export page=597 offset=298500 n=500
2026-03-11 11:06:51,359 INFO: GET mhc_export page=598 offset=299000 n=500
2026-03-11 11:07:32,827 INFO: GET mhc_export page=599 offset=299500 n=500
2026-03-11 11:08:13,267 INFO: GET mhc_export page=600 offset=300000 n=500
2026-03-11 11:08:54,256 INFO: GET mhc_export page=601 offset=300500 n=500
2026-03-11 11:09:38,148 INFO: GET mhc_export page=602 offset=301000 n=500
2026-03-11 11:10:23,033 INFO: GET mhc_export page=603 offset=301500 n=500
2026-03-11 11:11:07,848 INFO: GET mhc_export page=604 offset=302000 n=500
2026-03-11 11:11:48,326 INFO: GET mhc_export page=605 offset=302500 n=500
2026-03-11 11:12:29,321 INFO: GET mhc_export page=606 offset=303000 n=500
2026-03-11 11:13:09,553 INFO: GET mhc_export page=607 offset=303500 n=500
2026-03-11 11:13:51,198 INFO: GET mhc_export page=608 offset=304000 n=500
2026-03-11 11:14:31,922 INFO: GET mhc_export page=609 offset=304500 n=500
2026-03-11 11:15:13,007 INFO: GET mhc_export page=610 offset=305000 n=500
2026-03-11 11:15:54,204 INFO: GET mhc_export page=611 offset=305500 n=500
2026-03-11 11:16:35,089 INFO: GET mhc_export page=612 offset=306000 n=500
2026-03-11 11:17:16,388 INFO: GET mhc_export page=613 offset=306500 n=500
2026-03-11 11:17:57,792 INFO: GET mhc_export page=614 offset=307000 n=500
2026-03-11 11:18:38,587 INFO: GET mhc_export page=615 offset=307500 n=500
2026-03-11 11:19:19,730 INFO: GET mhc_export page=616 offset=308000 n=500
2026-03-11 11:19:59,618 INFO: GET mhc_export page=617 offset=308500 n=500
2026-03-11 11:20:39,214 INFO: GET mhc_export page=618 offset=309000 n=500
2026-03-11 11:21:18,950 INFO: GET mhc_export page=619 offset=309500 n=500
2026-03-11 11:21:59,604 INFO: GET mhc_export page=620 offset=310000 n=500
2026-03-11 11:22:38,991 INFO: GET mhc_export page=621 offset=310500 n=500
2026-03-11 11:23:18,178 INFO: GET mhc_export page=622 offset=311000 n=500
2026-03-11 11:23:58,109 INFO: GET mhc_export page=623 offset=311500 n=500
2026-03-11 11:24:37,107 INFO: GET mhc_export page=624 offset=312000 n=500
2026-03-11 11:25:17,427 INFO: GET mhc_export page=625 offset=312500 n=500
2026-03-11 11:25:58,672 INFO: GET mhc_export page=626 offset=313000 n=500
2026-03-11 11:26:39,868 INFO: GET mhc_export page=627 offset=313500 n=500
2026-03-11 11:27:19,752 INFO: GET mhc_export page=628 offset=314000 n=500
2026-03-11 11:27:59,009 INFO: GET mhc_export page=629 offset=314500 n=500
2026-03-11 11:28:39,041 INFO: GET mhc_export page=630 offset=315000 n=500
2026-03-11 11:29:18,879 INFO: GET mhc_export page=631 offset=315500 n=500
2026-03-11 11:29:57,958 INFO: GET mhc_export page=632 offset=316000 n=500
2026-03-11 11:30:37,564 INFO: GET mhc_export page=633 offset=316500 n=500
2026-03-11 11:31:17,537 INFO: GET mhc_export page=634 offset=317000 n=500
2026-03-11 11:31:57,031 INFO: GET mhc_export page=635 offset=317500 n=500
2026-03-11 11:32:36,136 INFO: GET mhc_export page=636 offset=318000 n=500
2026-03-11 11:33:15,716 INFO: GET mhc_export page=637 offset=318500 n=500
2026-03-11 11:33:55,435 INFO: GET mhc_export page=638 offset=319000 n=500
2026-03-11 11:34:35,700 INFO: GET mhc_export page=639 offset=319500 n=500
2026-03-11 11:35:15,328 INFO: GET mhc_export page=640 offset=320000 n=500
2026-03-11 11:35:58,126 INFO: GET mhc_export page=641 offset=320500 n=500
2026-03-11 11:36:42,185 INFO: GET mhc_export page=642 offset=321000 n=500
2026-03-11 11:37:23,270 INFO: GET mhc_export page=643 offset=321500 n=500
2026-03-11 11:38:04,514 INFO: GET mhc_export page=644 offset=322000 n=500
2026-03-11 11:38:46,998 INFO: GET mhc_export page=645 offset=322500 n=500
2026-03-11 11:39:29,614 INFO: GET mhc_export page=646 offset=323000 n=500
2026-03-11 11:40:09,307 INFO: GET mhc_export page=647 offset=323500 n=500
2026-03-11 11:40:49,404 INFO: GET mhc_export page=648 offset=324000 n=500
2026-03-11 11:41:29,675 INFO: GET mhc_export page=649 offset=324500 n=500
2026-03-11 11:42:09,767 INFO: GET mhc_export page=650 offset=325000 n=500
2026-03-11 11:42:49,322 INFO: GET mhc_export page=651 offset=325500 n=500
2026-03-11 11:43:28,803 INFO: GET mhc_export page=652 offset=326000 n=500
2026-03-11 11:44:08,758 INFO: GET mhc_export page=653 offset=326500 n=500
2026-03-11 11:44:50,898 INFO: GET mhc_export page=654 offset=327000 n=500
2026-03-11 11:45:30,226 INFO: GET mhc_export page=655 offset=327500 n=500
2026-03-11 11:46:10,080 INFO: GET mhc_export page=656 offset=328000 n=500
2026-03-11 11:46:51,578 INFO: GET mhc_export page=657 offset=328500 n=500
2026-03-11 11:47:32,524 INFO: GET mhc_export page=658 offset=329000 n=500
2026-03-11 11:48:13,598 INFO: GET mhc_export page=659 offset=329500 n=500
2026-03-11 11:48:59,857 INFO: GET mhc_export page=660 offset=330000 n=500
2026-03-11 11:49:43,173 INFO: GET mhc_export page=661 offset=330500 n=500
2026-03-11 11:50:26,386 INFO: GET mhc_export page=662 offset=331000 n=500
2026-03-11 11:51:10,121 INFO: GET mhc_export page=663 offset=331500 n=500
2026-03-11 11:51:54,649 INFO: GET mhc_export page=664 offset=332000 n=500
2026-03-11 11:52:38,135 INFO: GET mhc_export page=665 offset=332500 n=500
2026-03-11 11:53:20,068 INFO: GET mhc_export page=666 offset=333000 n=500
2026-03-11 11:54:03,323 INFO: GET mhc_export page=667 offset=333500 n=500
2026-03-11 11:54:43,805 INFO: GET mhc_export page=668 offset=334000 n=500
2026-03-11 11:55:25,555 INFO: GET mhc_export page=669 offset=334500 n=500
2026-03-11 11:56:08,084 INFO: GET mhc_export page=670 offset=335000 n=500
2026-03-11 11:56:50,895 INFO: GET mhc_export page=671 offset=335500 n=500
2026-03-11 11:57:32,255 INFO: GET mhc_export page=672 offset=336000 n=500
2026-03-11 11:58:15,063 INFO: GET mhc_export page=673 offset=336500 n=500
2026-03-11 11:58:58,673 INFO: GET mhc_export page=674 offset=337000 n=500
2026-03-11 11:59:42,209 INFO: GET mhc_export page=675 offset=337500 n=500
2026-03-11 12:00:32,815 INFO: GET mhc_export page=676 offset=338000 n=500
2026-03-11 12:01:16,368 INFO: GET mhc_export page=677 offset=338500 n=500
2026-03-11 12:01:57,511 INFO: GET mhc_export page=678 offset=339000 n=500
2026-03-11 12:02:39,626 INFO: GET mhc_export page=679 offset=339500 n=500
2026-03-11 12:03:21,368 INFO: GET mhc_export page=680 offset=340000 n=500
2026-03-11 12:04:01,856 INFO: GET mhc_export page=681 offset=340500 n=500
2026-03-11 12:04:42,906 INFO: GET mhc_export page=682 offset=341000 n=500
2026-03-11 12:05:23,966 INFO: GET mhc_export page=683 offset=341500 n=500
2026-03-11 12:06:05,407 INFO: GET mhc_export page=684 offset=342000 n=500
2026-03-11 12:06:46,340 INFO: GET mhc_export page=685 offset=342500 n=500
2026-03-11 12:07:26,965 INFO: GET mhc_export page=686 offset=343000 n=500
2026-03-11 12:08:07,928 INFO: GET mhc_export page=687 offset=343500 n=500
2026-03-11 12:08:49,475 INFO: GET mhc_export page=688 offset=344000 n=500
2026-03-11 12:09:33,528 INFO: GET mhc_export page=689 offset=344500 n=500
2026-03-11 12:10:14,619 INFO: GET mhc_export page=690 offset=345000 n=500
2026-03-11 12:10:54,619 INFO: GET mhc_export page=691 offset=345500 n=500
2026-03-11 12:11:33,983 INFO: GET mhc_export page=692 offset=346000 n=500
2026-03-11 12:12:13,374 INFO: GET mhc_export page=693 offset=346500 n=500
2026-03-11 12:12:53,127 INFO: GET mhc_export page=694 offset=347000 n=500
2026-03-11 12:13:32,357 INFO: GET mhc_export page=695 offset=347500 n=500
2026-03-11 12:14:12,686 INFO: GET mhc_export page=696 offset=348000 n=500
2026-03-11 12:14:53,304 INFO: GET mhc_export page=697 offset=348500 n=500
2026-03-11 12:15:35,809 INFO: GET mhc_export page=698 offset=349000 n=500
2026-03-11 12:16:17,094 INFO: GET mhc_export page=699 offset=349500 n=500
2026-03-11 12:16:58,070 INFO: GET mhc_export page=700 offset=350000 n=500
2026-03-11 12:17:38,924 INFO: GET mhc_export page=701 offset=350500 n=500
2026-03-11 12:18:21,194 INFO: GET mhc_export page=702 offset=351000 n=500
2026-03-11 12:19:03,058 INFO: GET mhc_export page=703 offset=351500 n=500
2026-03-11 12:19:44,941 INFO: GET mhc_export page=704 offset=352000 n=500
2026-03-11 12:20:29,814 INFO: GET mhc_export page=705 offset=352500 n=500
2026-03-11 12:21:12,748 INFO: GET mhc_export page=706 offset=353000 n=500
2026-03-11 12:21:56,641 INFO: GET mhc_export page=707 offset=353500 n=500
2026-03-11 12:22:40,932 INFO: GET mhc_export page=708 offset=354000 n=500
2026-03-11 12:23:20,678 INFO: GET mhc_export page=709 offset=354500 n=500
2026-03-11 12:24:02,611 INFO: GET mhc_export page=710 offset=355000 n=500
2026-03-11 12:24:42,743 INFO: GET mhc_export page=711 offset=355500 n=500
2026-03-11 12:25:22,750 INFO: GET mhc_export page=712 offset=356000 n=500
2026-03-11 12:26:02,633 INFO: GET mhc_export page=713 offset=356500 n=500
2026-03-11 12:26:44,436 INFO: GET mhc_export page=714 offset=357000 n=500
2026-03-11 12:27:23,634 INFO: GET mhc_export page=715 offset=357500 n=500
2026-03-11 12:28:03,270 INFO: GET mhc_export page=716 offset=358000 n=500
2026-03-11 12:28:41,814 INFO: GET mhc_export page=717 offset=358500 n=500
2026-03-11 12:29:22,309 INFO: GET mhc_export page=718 offset=359000 n=500
2026-03-11 12:30:02,956 INFO: GET mhc_export page=719 offset=359500 n=500
2026-03-11 12:30:44,941 INFO: GET mhc_export page=720 offset=360000 n=500
2026-03-11 12:31:26,852 INFO: GET mhc_export page=721 offset=360500 n=500
2026-03-11 12:32:09,227 INFO: GET mhc_export page=722 offset=361000 n=500
2026-03-11 12:32:51,584 INFO: GET mhc_export page=723 offset=361500 n=500
2026-03-11 12:33:33,542 INFO: GET mhc_export page=724 offset=362000 n=500
2026-03-11 12:34:15,820 INFO: GET mhc_export page=725 offset=362500 n=500
2026-03-11 12:34:57,545 INFO: GET mhc_export page=726 offset=363000 n=500
2026-03-11 12:35:41,527 INFO: GET mhc_export page=727 offset=363500 n=500
