2026-03-02 11:30:52,416 INFO: [mhc/mhc-I/mouse/H2-K] page=0 offset=0 n=1000
2026-03-02 11:31:33,679 INFO: [mhc/mhc-I/mouse/H2-K] page=1 offset=1000 n=1000
2026-03-02 11:32:16,083 INFO: [mhc/mhc-I/mouse/H2-K] page=2 offset=2000 n=1000
2026-03-02 11:32:55,164 INFO: [mhc/mhc-I/mouse/H2-K] page=3 offset=3000 n=1000
2026-03-02 11:33:37,071 INFO: [mhc/mhc-I/mouse/H2-K] page=4 offset=4000 n=1000
2026-03-02 11:34:15,500 INFO: [mhc/mhc-I/mouse/H2-K] page=5 offset=5000 n=1000
2026-03-02 11:34:56,093 INFO: [mhc/mhc-I/mouse/H2-K] page=6 offset=6000 n=1000
2026-03-02 11:35:40,175 INFO: [mhc/mhc-I/mouse/H2-K] page=7 offset=7000 n=1000
2026-03-02 11:36:25,071 INFO: [mhc/mhc-I/mouse/H2-K] page=8 offset=8000 n=1000
2026-03-02 11:37:08,578 INFO: [mhc/mhc-I/mouse/H2-K] page=9 offset=9000 n=1000
2026-03-02 11:37:51,533 INFO: [mhc/mhc-I/mouse/H2-K] page=10 offset=10000 n=1000
2026-03-02 11:38:34,635 INFO: [mhc/mhc-I/mouse/H2-K] page=11 offset=11000 n=1000
2026-03-02 11:39:13,642 INFO: [mhc/mhc-I/mouse/H2-K] page=12 offset=12000 n=1000
2026-03-02 11:39:53,167 INFO: [mhc/mhc-I/mouse/H2-K] page=13 offset=13000 n=1000
2026-03-02 11:40:32,270 INFO: [mhc/mhc-I/mouse/H2-K] page=14 offset=14000 n=1000
2026-03-02 11:41:11,810 INFO: [mhc/mhc-I/mouse/H2-K] page=15 offset=15000 n=1000
2026-03-02 11:41:52,105 INFO: [mhc/mhc-I/mouse/H2-K] page=16 offset=16000 n=1000
2026-03-02 11:42:32,504 INFO: [mhc/mhc-I/mouse/H2-K] page=17 offset=17000 n=1000
2026-03-02 11:43:12,761 INFO: [mhc/mhc-I/mouse/H2-K] page=18 offset=18000 n=1000
2026-03-02 11:43:52,901 INFO: [mhc/mhc-I/mouse/H2-K] page=19 offset=19000 n=1000
2026-03-02 11:44:32,997 INFO: [mhc/mhc-I/mouse/H2-K] page=20 offset=20000 n=1000
2026-03-02 11:45:14,008 INFO: [mhc/mhc-I/mouse/H2-K] page=21 offset=21000 n=1000
2026-03-02 11:45:53,658 INFO: [mhc/mhc-I/mouse/H2-K] page=22 offset=22000 n=1000
2026-03-02 11:46:32,769 INFO: [mhc/mhc-I/mouse/H2-K] page=23 offset=23000 n=1000
2026-03-02 11:47:13,881 INFO: [mhc/mhc-I/mouse/H2-K] page=24 offset=24000 n=1000
2026-03-02 11:47:53,432 INFO: [mhc/mhc-I/mouse/H2-K] page=25 offset=25000 n=1000
2026-03-02 11:48:32,301 INFO: [mhc/mhc-I/mouse/H2-K] page=26 offset=26000 n=1000
2026-03-02 11:49:11,973 INFO: [mhc/mhc-I/mouse/H2-K] page=27 offset=27000 n=1000
2026-03-02 11:49:51,087 INFO: [mhc/mhc-I/mouse/H2-K] page=28 offset=28000 n=1000
2026-03-02 11:50:30,720 INFO: [mhc/mhc-I/mouse/H2-K] page=29 offset=29000 n=1000
2026-03-02 11:51:10,299 INFO: [mhc/mhc-I/mouse/H2-K] page=30 offset=30000 n=1000
2026-03-02 11:51:50,396 INFO: [mhc/mhc-I/mouse/H2-K] page=31 offset=31000 n=1000
2026-03-02 11:52:30,194 INFO: [mhc/mhc-I/mouse/H2-K] page=32 offset=32000 n=1000
2026-03-02 11:53:09,568 INFO: [mhc/mhc-I/mouse/H2-K] page=33 offset=33000 n=1000
2026-03-02 11:53:47,303 INFO: [mhc/mhc-I/mouse/H2-K] page=34 offset=34000 n=1000
2026-03-02 11:54:25,969 INFO: [mhc/mhc-I/mouse/H2-K] page=35 offset=35000 n=1000
2026-03-02 11:55:04,506 INFO: [mhc/mhc-I/mouse/H2-K] page=36 offset=36000 n=1000
2026-03-02 11:55:43,128 INFO: [mhc/mhc-I/mouse/H2-K] page=37 offset=37000 n=1000
2026-03-02 11:56:24,176 INFO: [mhc/mhc-I/mouse/H2-K] page=38 offset=38000 n=1000
2026-03-02 11:57:05,392 INFO: [mhc/mhc-I/mouse/H2-K] page=39 offset=39000 n=1000
2026-03-02 11:57:45,409 INFO: [mhc/mhc-I/mouse/H2-K] page=40 offset=40000 n=1000
2026-03-02 11:58:26,080 INFO: [mhc/mhc-I/mouse/H2-K] page=41 offset=41000 n=1000
2026-03-02 11:59:06,123 INFO: [mhc/mhc-I/mouse/H2-K] page=42 offset=42000 n=1000
2026-03-02 11:59:46,023 INFO: [mhc/mhc-I/mouse/H2-K] page=43 offset=43000 n=1000
2026-03-02 12:00:28,162 INFO: [mhc/mhc-I/mouse/H2-K] page=44 offset=44000 n=1000
2026-03-02 12:01:09,642 INFO: [mhc/mhc-I/mouse/H2-K] page=45 offset=45000 n=1000
2026-03-02 12:01:51,072 INFO: [mhc/mhc-I/mouse/H2-K] page=46 offset=46000 n=1000
2026-03-02 12:02:32,199 INFO: [mhc/mhc-I/mouse/H2-K] page=47 offset=47000 n=1000
2026-03-02 12:03:15,091 INFO: [mhc/mhc-I/mouse/H2-K] page=48 offset=48000 n=1000
2026-03-02 12:03:56,114 INFO: [mhc/mhc-I/mouse/H2-K] page=49 offset=49000 n=1000
2026-03-02 12:04:37,012 INFO: [mhc/mhc-I/mouse/H2-K] page=50 offset=50000 n=1000
2026-03-02 12:05:17,944 INFO: [mhc/mhc-I/mouse/H2-K] page=51 offset=51000 n=1000
2026-03-02 12:05:58,838 INFO: [mhc/mhc-I/mouse/H2-K] page=52 offset=52000 n=1000
2026-03-02 12:06:40,894 INFO: [mhc/mhc-I/mouse/H2-K] page=53 offset=53000 n=1000
2026-03-02 12:07:23,766 INFO: [mhc/mhc-I/mouse/H2-K] page=54 offset=54000 n=1000
2026-03-02 12:08:07,116 INFO: [mhc/mhc-I/mouse/H2-K] page=55 offset=55000 n=1000
2026-03-02 12:08:50,447 INFO: [mhc/mhc-I/mouse/H2-K] page=56 offset=56000 n=1000
2026-03-02 12:09:33,826 INFO: [mhc/mhc-I/mouse/H2-K] page=57 offset=57000 n=1000
2026-03-02 12:10:16,403 INFO: [mhc/mhc-I/mouse/H2-K] page=58 offset=58000 n=1000
2026-03-02 12:10:59,538 INFO: [mhc/mhc-I/mouse/H2-K] page=59 offset=59000 n=1000
2026-03-02 12:11:42,807 INFO: [mhc/mhc-I/mouse/H2-K] page=60 offset=60000 n=1000
2026-03-02 12:12:26,179 INFO: [mhc/mhc-I/mouse/H2-K] page=61 offset=61000 n=1000
2026-03-02 12:13:08,351 INFO: [mhc/mhc-I/mouse/H2-K] page=62 offset=62000 n=1000
2026-03-02 12:13:50,296 INFO: [mhc/mhc-I/mouse/H2-K] page=63 offset=63000 n=1000
2026-03-02 12:14:32,262 INFO: [mhc/mhc-I/mouse/H2-K] page=64 offset=64000 n=1000
2026-03-02 12:15:14,650 INFO: [mhc/mhc-I/mouse/H2-K] page=65 offset=65000 n=1000
2026-03-02 12:15:55,092 INFO: [mhc/mhc-I/mouse/H2-K] page=66 offset=66000 n=1000
2026-03-02 12:16:35,083 INFO: [mhc/mhc-I/mouse/H2-K] page=67 offset=67000 n=1000
2026-03-02 12:17:16,278 INFO: [mhc/mhc-I/mouse/H2-K] page=68 offset=68000 n=1000
2026-03-02 12:17:55,672 INFO: [mhc/mhc-I/mouse/H2-K] page=69 offset=69000 n=1000
2026-03-02 12:18:36,674 INFO: [mhc/mhc-I/mouse/H2-K] page=70 offset=70000 n=1000
2026-03-02 12:19:18,513 INFO: [mhc/mhc-I/mouse/H2-K] page=71 offset=71000 n=1000
2026-03-02 12:19:58,065 INFO: [mhc/mhc-I/mouse/H2-K] page=72 offset=72000 n=1000
2026-03-02 12:20:38,218 INFO: [mhc/mhc-I/mouse/H2-K] page=73 offset=73000 n=1000
2026-03-02 12:21:17,979 INFO: [mhc/mhc-I/mouse/H2-K] page=74 offset=74000 n=1000
2026-03-02 12:21:58,599 INFO: [mhc/mhc-I/mouse/H2-K] page=75 offset=75000 n=1000
2026-03-02 12:22:37,609 INFO: [mhc/mhc-I/mouse/H2-K] page=76 offset=76000 n=1000
2026-03-02 12:23:17,619 INFO: [mhc/mhc-I/mouse/H2-K] page=77 offset=77000 n=1000
2026-03-02 12:24:00,932 INFO: [mhc/mhc-I/mouse/H2-K] page=78 offset=78000 n=1000
2026-03-02 12:24:41,016 INFO: [mhc/mhc-I/mouse/H2-K] page=79 offset=79000 n=1000
2026-03-02 12:25:20,609 INFO: [mhc/mhc-I/mouse/H2-K] page=80 offset=80000 n=1000
2026-03-02 12:26:00,493 INFO: [mhc/mhc-I/mouse/H2-K] page=81 offset=81000 n=1000
2026-03-02 12:26:40,336 INFO: [mhc/mhc-I/mouse/H2-K] page=82 offset=82000 n=1000
2026-03-02 12:27:20,467 INFO: [mhc/mhc-I/mouse/H2-K] page=83 offset=83000 n=1000
2026-03-02 12:28:00,562 INFO: [mhc/mhc-I/mouse/H2-K] page=84 offset=84000 n=1000
2026-03-02 12:28:41,011 INFO: [mhc/mhc-I/mouse/H2-K] page=85 offset=85000 n=1000
2026-03-02 12:29:23,515 INFO: [mhc/mhc-I/mouse/H2-K] page=86 offset=86000 n=1000
2026-03-02 12:30:02,948 INFO: [mhc/mhc-I/mouse/H2-K] page=87 offset=87000 n=104
2026-03-02 12:30:41,257 INFO: [mhc/mhc-I/mouse/H2-K] page=88 offset=88000 n=0
2026-03-02 12:30:49,877 INFO: [tcell/mhc-I/mouse/H2-K] page=0 offset=0 n=908
2026-03-02 12:30:51,462 INFO: [tcell/mhc-I/mouse/H2-K] page=1 offset=1000 n=0
2026-03-02 12:31:32,562 INFO: [mhc/mhc-I/mouse/H2-D] page=0 offset=0 n=1000
2026-03-02 12:32:13,026 INFO: [mhc/mhc-I/mouse/H2-D] page=1 offset=1000 n=1000
2026-03-02 12:32:53,669 INFO: [mhc/mhc-I/mouse/H2-D] page=2 offset=2000 n=1000
2026-03-02 12:33:34,088 INFO: [mhc/mhc-I/mouse/H2-D] page=3 offset=3000 n=1000
2026-03-02 12:34:16,327 INFO: [mhc/mhc-I/mouse/H2-D] page=4 offset=4000 n=1000
2026-03-02 12:34:56,730 INFO: [mhc/mhc-I/mouse/H2-D] page=5 offset=5000 n=1000
2026-03-02 12:35:36,335 INFO: [mhc/mhc-I/mouse/H2-D] page=6 offset=6000 n=1000
2026-03-02 12:36:16,255 INFO: [mhc/mhc-I/mouse/H2-D] page=7 offset=7000 n=1000
2026-03-02 12:36:56,224 INFO: [mhc/mhc-I/mouse/H2-D] page=8 offset=8000 n=1000
2026-03-02 12:37:37,092 INFO: [mhc/mhc-I/mouse/H2-D] page=9 offset=9000 n=1000
2026-03-02 12:38:17,421 INFO: [mhc/mhc-I/mouse/H2-D] page=10 offset=10000 n=1000
2026-03-02 12:38:56,704 INFO: [mhc/mhc-I/mouse/H2-D] page=11 offset=11000 n=1000
2026-03-02 12:39:35,870 INFO: [mhc/mhc-I/mouse/H2-D] page=12 offset=12000 n=1000
2026-03-02 12:40:14,685 INFO: [mhc/mhc-I/mouse/H2-D] page=13 offset=13000 n=1000
2026-03-02 12:40:54,333 INFO: [mhc/mhc-I/mouse/H2-D] page=14 offset=14000 n=1000
2026-03-02 12:41:35,447 INFO: [mhc/mhc-I/mouse/H2-D] page=15 offset=15000 n=1000
2026-03-02 12:42:14,644 INFO: [mhc/mhc-I/mouse/H2-D] page=16 offset=16000 n=1000
2026-03-02 12:42:53,758 INFO: [mhc/mhc-I/mouse/H2-D] page=17 offset=17000 n=1000
2026-03-02 12:43:37,293 INFO: [mhc/mhc-I/mouse/H2-D] page=18 offset=18000 n=1000
2026-03-02 12:44:19,876 INFO: [mhc/mhc-I/mouse/H2-D] page=19 offset=19000 n=1000
2026-03-02 12:45:02,605 INFO: [mhc/mhc-I/mouse/H2-D] page=20 offset=20000 n=1000
2026-03-02 12:45:45,076 INFO: [mhc/mhc-I/mouse/H2-D] page=21 offset=21000 n=1000
2026-03-02 12:46:25,793 INFO: [mhc/mhc-I/mouse/H2-D] page=22 offset=22000 n=1000
2026-03-02 12:47:07,730 INFO: [mhc/mhc-I/mouse/H2-D] page=23 offset=23000 n=1000
2026-03-02 12:47:49,463 INFO: [mhc/mhc-I/mouse/H2-D] page=24 offset=24000 n=1000
2026-03-02 12:48:29,182 INFO: [mhc/mhc-I/mouse/H2-D] page=25 offset=25000 n=1000
2026-03-02 12:49:08,603 INFO: [mhc/mhc-I/mouse/H2-D] page=26 offset=26000 n=1000
2026-03-02 12:49:49,003 INFO: [mhc/mhc-I/mouse/H2-D] page=27 offset=27000 n=1000
2026-03-02 12:50:28,675 INFO: [mhc/mhc-I/mouse/H2-D] page=28 offset=28000 n=1000
2026-03-02 12:51:06,620 INFO: [mhc/mhc-I/mouse/H2-D] page=29 offset=29000 n=1000
2026-03-02 12:51:46,516 INFO: [mhc/mhc-I/mouse/H2-D] page=30 offset=30000 n=1000
2026-03-02 12:52:26,864 INFO: [mhc/mhc-I/mouse/H2-D] page=31 offset=31000 n=1000
2026-03-02 12:53:06,867 INFO: [mhc/mhc-I/mouse/H2-D] page=32 offset=32000 n=1000
2026-03-02 12:53:46,734 INFO: [mhc/mhc-I/mouse/H2-D] page=33 offset=33000 n=1000
2026-03-02 12:54:27,408 INFO: [mhc/mhc-I/mouse/H2-D] page=34 offset=34000 n=1000
2026-03-02 12:55:07,841 INFO: [mhc/mhc-I/mouse/H2-D] page=35 offset=35000 n=1000
2026-03-02 12:55:50,186 INFO: [mhc/mhc-I/mouse/H2-D] page=36 offset=36000 n=1000
2026-03-02 12:56:30,455 INFO: [mhc/mhc-I/mouse/H2-D] page=37 offset=37000 n=1000
2026-03-02 12:57:09,469 INFO: [mhc/mhc-I/mouse/H2-D] page=38 offset=38000 n=1000
2026-03-02 12:57:48,152 INFO: [mhc/mhc-I/mouse/H2-D] page=39 offset=39000 n=1000
2026-03-02 12:58:27,231 INFO: [mhc/mhc-I/mouse/H2-D] page=40 offset=40000 n=1000
2026-03-02 12:59:06,657 INFO: [mhc/mhc-I/mouse/H2-D] page=41 offset=41000 n=1000
2026-03-02 12:59:46,337 INFO: [mhc/mhc-I/mouse/H2-D] page=42 offset=42000 n=1000
2026-03-02 13:00:27,458 INFO: [mhc/mhc-I/mouse/H2-D] page=43 offset=43000 n=1000
2026-03-02 13:01:08,193 INFO: [mhc/mhc-I/mouse/H2-D] page=44 offset=44000 n=68
2026-03-02 13:01:48,992 INFO: [mhc/mhc-I/mouse/H2-D] page=45 offset=45000 n=0
2026-03-02 13:01:54,759 INFO: [tcell/mhc-I/mouse/H2-D] page=0 offset=0 n=444
2026-03-02 13:01:56,381 INFO: [tcell/mhc-I/mouse/H2-D] page=1 offset=1000 n=0
2026-03-02 13:02:37,880 INFO: [mhc/mhc-I/mouse/H2-L] page=0 offset=0 n=38
2026-03-02 13:03:19,003 INFO: [mhc/mhc-I/mouse/H2-L] page=1 offset=1000 n=0
2026-03-02 13:03:21,476 INFO: [tcell/mhc-I/mouse/H2-L] page=0 offset=0 n=101
2026-03-02 13:03:23,042 INFO: [tcell/mhc-I/mouse/H2-L] page=1 offset=1000 n=0
2026-03-02 13:04:05,125 INFO: [mhc/mhc-II/mouse/H2-IA] page=0 offset=0 n=1000
2026-03-02 13:04:48,281 INFO: [mhc/mhc-II/mouse/H2-IA] page=1 offset=1000 n=1000
2026-03-02 13:05:30,205 INFO: [mhc/mhc-II/mouse/H2-IA] page=2 offset=2000 n=1000
2026-03-02 13:06:11,456 INFO: [mhc/mhc-II/mouse/H2-IA] page=3 offset=3000 n=1000
2026-03-02 13:06:53,235 INFO: [mhc/mhc-II/mouse/H2-IA] page=4 offset=4000 n=1000
2026-03-02 13:07:40,989 INFO: [mhc/mhc-II/mouse/H2-IA] page=5 offset=5000 n=1000
2026-03-02 13:08:27,768 INFO: [mhc/mhc-II/mouse/H2-IA] page=6 offset=6000 n=1000
2026-03-02 13:09:14,212 INFO: [mhc/mhc-II/mouse/H2-IA] page=7 offset=7000 n=1000
2026-03-02 13:10:01,975 INFO: [mhc/mhc-II/mouse/H2-IA] page=8 offset=8000 n=1000
2026-03-02 13:10:50,189 INFO: [mhc/mhc-II/mouse/H2-IA] page=9 offset=9000 n=1000
2026-03-02 13:11:35,792 INFO: [mhc/mhc-II/mouse/H2-IA] page=10 offset=10000 n=1000
2026-03-02 13:12:24,769 INFO: [mhc/mhc-II/mouse/H2-IA] page=11 offset=11000 n=1000
2026-03-02 13:13:08,889 INFO: [mhc/mhc-II/mouse/H2-IA] page=12 offset=12000 n=1000
2026-03-02 13:13:57,109 INFO: [mhc/mhc-II/mouse/H2-IA] page=13 offset=13000 n=1000
2026-03-02 13:14:43,573 INFO: [mhc/mhc-II/mouse/H2-IA] page=14 offset=14000 n=1000
2026-03-02 13:15:30,222 INFO: [mhc/mhc-II/mouse/H2-IA] page=15 offset=15000 n=1000
2026-03-02 13:16:17,124 INFO: [mhc/mhc-II/mouse/H2-IA] page=16 offset=16000 n=1000
2026-03-02 13:17:00,492 INFO: [mhc/mhc-II/mouse/H2-IA] page=17 offset=17000 n=1000
2026-03-02 13:17:45,921 INFO: [mhc/mhc-II/mouse/H2-IA] page=18 offset=18000 n=1000
2026-03-02 13:18:31,911 INFO: [mhc/mhc-II/mouse/H2-IA] page=19 offset=19000 n=1000
2026-03-02 13:19:18,812 INFO: [mhc/mhc-II/mouse/H2-IA] page=20 offset=20000 n=394
2026-03-02 13:19:58,227 INFO: [mhc/mhc-II/mouse/H2-IA] page=21 offset=21000 n=0
2026-03-02 13:20:03,871 INFO: [tcell/mhc-II/mouse/H2-IA] page=0 offset=0 n=1000
2026-03-02 13:20:07,589 INFO: [tcell/mhc-II/mouse/H2-IA] page=1 offset=1000 n=806
2026-03-02 13:20:09,171 INFO: [tcell/mhc-II/mouse/H2-IA] page=2 offset=2000 n=0
2026-03-02 13:20:50,404 INFO: [mhc/mhc-II/mouse/H2-IE] page=0 offset=0 n=190
2026-03-02 13:21:30,405 INFO: [mhc/mhc-II/mouse/H2-IE] page=1 offset=1000 n=0
2026-03-02 13:21:33,144 INFO: [tcell/mhc-II/mouse/H2-IE] page=0 offset=0 n=144
2026-03-02 13:21:34,792 INFO: [tcell/mhc-II/mouse/H2-IE] page=1 offset=1000 n=0
2026-03-02 13:22:21,966 INFO: [mhc/mhc-I/human/HLA-A] page=0 offset=0 n=1000
2026-03-02 13:23:09,032 INFO: [mhc/mhc-I/human/HLA-A] page=1 offset=1000 n=1000
2026-03-02 13:23:55,434 INFO: [mhc/mhc-I/human/HLA-A] page=2 offset=2000 n=1000
2026-03-02 13:24:41,072 INFO: [mhc/mhc-I/human/HLA-A] page=3 offset=3000 n=1000
2026-03-02 13:25:27,745 INFO: [mhc/mhc-I/human/HLA-A] page=4 offset=4000 n=1000
2026-03-02 13:26:14,708 INFO: [mhc/mhc-I/human/HLA-A] page=5 offset=5000 n=1000
2026-03-02 13:27:00,330 INFO: [mhc/mhc-I/human/HLA-A] page=6 offset=6000 n=1000
2026-03-02 13:27:46,730 INFO: [mhc/mhc-I/human/HLA-A] page=7 offset=7000 n=1000
2026-03-02 13:28:39,759 INFO: [mhc/mhc-I/human/HLA-A] page=8 offset=8000 n=1000
2026-03-02 13:29:27,348 INFO: [mhc/mhc-I/human/HLA-A] page=9 offset=9000 n=1000
2026-03-02 13:30:16,453 INFO: [mhc/mhc-I/human/HLA-A] page=10 offset=10000 n=1000
2026-03-02 13:31:06,098 INFO: [mhc/mhc-I/human/HLA-A] page=11 offset=11000 n=1000
2026-03-02 13:31:57,644 INFO: [mhc/mhc-I/human/HLA-A] page=12 offset=12000 n=1000
2026-03-02 13:32:46,550 INFO: [mhc/mhc-I/human/HLA-A] page=13 offset=13000 n=1000
2026-03-02 13:33:37,366 INFO: [mhc/mhc-I/human/HLA-A] page=14 offset=14000 n=1000
2026-03-02 13:34:30,233 INFO: [mhc/mhc-I/human/HLA-A] page=15 offset=15000 n=1000
2026-03-02 13:35:21,239 INFO: [mhc/mhc-I/human/HLA-A] page=16 offset=16000 n=1000
2026-03-02 13:36:10,133 INFO: [mhc/mhc-I/human/HLA-A] page=17 offset=17000 n=1000
2026-03-02 13:36:59,591 INFO: [mhc/mhc-I/human/HLA-A] page=18 offset=18000 n=1000
2026-03-02 13:37:50,838 INFO: [mhc/mhc-I/human/HLA-A] page=19 offset=19000 n=1000
2026-03-02 13:38:39,904 INFO: [mhc/mhc-I/human/HLA-A] page=20 offset=20000 n=1000
2026-03-02 13:39:35,196 INFO: [mhc/mhc-I/human/HLA-A] page=21 offset=21000 n=1000
2026-03-02 13:40:29,734 INFO: [mhc/mhc-I/human/HLA-A] page=22 offset=22000 n=1000
2026-03-02 13:41:22,572 INFO: [mhc/mhc-I/human/HLA-A] page=23 offset=23000 n=1000
2026-03-02 13:42:13,726 INFO: [mhc/mhc-I/human/HLA-A] page=24 offset=24000 n=1000
2026-03-02 13:43:03,325 INFO: [mhc/mhc-I/human/HLA-A] page=25 offset=25000 n=1000
2026-03-02 13:43:54,266 INFO: [mhc/mhc-I/human/HLA-A] page=26 offset=26000 n=1000
2026-03-02 13:44:46,669 INFO: [mhc/mhc-I/human/HLA-A] page=27 offset=27000 n=1000
2026-03-02 13:45:37,209 INFO: [mhc/mhc-I/human/HLA-A] page=28 offset=28000 n=1000
2026-03-02 13:46:28,482 INFO: [mhc/mhc-I/human/HLA-A] page=29 offset=29000 n=1000
2026-03-02 13:47:17,820 INFO: [mhc/mhc-I/human/HLA-A] page=30 offset=30000 n=1000
2026-03-02 13:48:06,004 INFO: [mhc/mhc-I/human/HLA-A] page=31 offset=31000 n=1000
2026-03-02 13:48:53,660 INFO: [mhc/mhc-I/human/HLA-A] page=32 offset=32000 n=1000
2026-03-02 13:49:40,505 INFO: [mhc/mhc-I/human/HLA-A] page=33 offset=33000 n=1000
2026-03-02 13:50:26,769 INFO: [mhc/mhc-I/human/HLA-A] page=34 offset=34000 n=1000
2026-03-02 13:51:14,101 INFO: [mhc/mhc-I/human/HLA-A] page=35 offset=35000 n=1000
2026-03-02 13:52:01,220 INFO: [mhc/mhc-I/human/HLA-A] page=36 offset=36000 n=1000
2026-03-02 13:52:52,015 INFO: [mhc/mhc-I/human/HLA-A] page=37 offset=37000 n=1000
2026-03-02 13:53:39,747 INFO: [mhc/mhc-I/human/HLA-A] page=38 offset=38000 n=1000
2026-03-02 13:54:25,969 INFO: [mhc/mhc-I/human/HLA-A] page=39 offset=39000 n=1000
2026-03-02 13:55:16,373 INFO: [mhc/mhc-I/human/HLA-A] page=40 offset=40000 n=1000
2026-03-02 13:56:04,350 INFO: [mhc/mhc-I/human/HLA-A] page=41 offset=41000 n=1000
2026-03-02 13:56:48,997 INFO: [mhc/mhc-I/human/HLA-A] page=42 offset=42000 n=1000
2026-03-02 13:57:34,936 INFO: [mhc/mhc-I/human/HLA-A] page=43 offset=43000 n=1000
2026-03-02 13:58:23,222 INFO: [mhc/mhc-I/human/HLA-A] page=44 offset=44000 n=1000
2026-03-02 13:59:11,741 INFO: [mhc/mhc-I/human/HLA-A] page=45 offset=45000 n=1000
2026-03-02 13:59:57,536 INFO: [mhc/mhc-I/human/HLA-A] page=46 offset=46000 n=1000
2026-03-02 14:00:46,155 INFO: [mhc/mhc-I/human/HLA-A] page=47 offset=47000 n=1000
2026-03-02 14:01:33,942 INFO: [mhc/mhc-I/human/HLA-A] page=48 offset=48000 n=1000
2026-03-02 14:02:22,032 INFO: [mhc/mhc-I/human/HLA-A] page=49 offset=49000 n=1000
2026-03-02 14:03:08,242 INFO: [mhc/mhc-I/human/HLA-A] page=50 offset=50000 n=1000
2026-03-02 14:03:52,120 INFO: [mhc/mhc-I/human/HLA-A] page=51 offset=51000 n=1000
2026-03-02 14:04:35,040 INFO: [mhc/mhc-I/human/HLA-A] page=52 offset=52000 n=1000
2026-03-02 14:05:18,532 INFO: [mhc/mhc-I/human/HLA-A] page=53 offset=53000 n=1000
2026-03-02 14:06:02,279 INFO: [mhc/mhc-I/human/HLA-A] page=54 offset=54000 n=1000
2026-03-02 14:06:45,940 INFO: [mhc/mhc-I/human/HLA-A] page=55 offset=55000 n=1000
2026-03-02 14:07:31,837 INFO: [mhc/mhc-I/human/HLA-A] page=56 offset=56000 n=1000
2026-03-02 14:08:16,287 INFO: [mhc/mhc-I/human/HLA-A] page=57 offset=57000 n=1000
2026-03-02 14:09:02,206 INFO: [mhc/mhc-I/human/HLA-A] page=58 offset=58000 n=1000
2026-03-02 14:09:44,992 INFO: [mhc/mhc-I/human/HLA-A] page=59 offset=59000 n=1000
2026-03-02 14:10:29,836 INFO: [mhc/mhc-I/human/HLA-A] page=60 offset=60000 n=1000
2026-03-02 14:11:14,947 INFO: [mhc/mhc-I/human/HLA-A] page=61 offset=61000 n=1000
2026-03-02 14:11:59,748 INFO: [mhc/mhc-I/human/HLA-A] page=62 offset=62000 n=1000
2026-03-02 14:12:43,870 INFO: [mhc/mhc-I/human/HLA-A] page=63 offset=63000 n=1000
2026-03-02 14:13:27,349 INFO: [mhc/mhc-I/human/HLA-A] page=64 offset=64000 n=1000
2026-03-02 14:14:10,194 INFO: [mhc/mhc-I/human/HLA-A] page=65 offset=65000 n=1000
2026-03-02 14:14:52,533 INFO: [mhc/mhc-I/human/HLA-A] page=66 offset=66000 n=1000
2026-03-02 14:15:36,004 INFO: [mhc/mhc-I/human/HLA-A] page=67 offset=67000 n=1000
2026-03-02 14:16:17,698 INFO: [mhc/mhc-I/human/HLA-A] page=68 offset=68000 n=1000
2026-03-02 14:17:01,276 INFO: [mhc/mhc-I/human/HLA-A] page=69 offset=69000 n=1000
2026-03-02 14:17:43,496 INFO: [mhc/mhc-I/human/HLA-A] page=70 offset=70000 n=1000
2026-03-02 14:18:25,766 INFO: [mhc/mhc-I/human/HLA-A] page=71 offset=71000 n=1000
2026-03-02 14:19:08,259 INFO: [mhc/mhc-I/human/HLA-A] page=72 offset=72000 n=1000
2026-03-02 14:19:50,038 INFO: [mhc/mhc-I/human/HLA-A] page=73 offset=73000 n=1000
2026-03-02 14:20:31,748 INFO: [mhc/mhc-I/human/HLA-A] page=74 offset=74000 n=1000
2026-03-02 14:21:13,837 INFO: [mhc/mhc-I/human/HLA-A] page=75 offset=75000 n=1000
2026-03-02 14:21:56,241 INFO: [mhc/mhc-I/human/HLA-A] page=76 offset=76000 n=1000
2026-03-02 14:22:37,673 INFO: [mhc/mhc-I/human/HLA-A] page=77 offset=77000 n=1000
2026-03-02 14:23:20,365 INFO: [mhc/mhc-I/human/HLA-A] page=78 offset=78000 n=1000
2026-03-02 14:24:02,421 INFO: [mhc/mhc-I/human/HLA-A] page=79 offset=79000 n=1000
2026-03-02 14:24:45,172 INFO: [mhc/mhc-I/human/HLA-A] page=80 offset=80000 n=1000
2026-03-02 14:25:27,116 INFO: [mhc/mhc-I/human/HLA-A] page=81 offset=81000 n=1000
2026-03-02 14:26:10,798 INFO: [mhc/mhc-I/human/HLA-A] page=82 offset=82000 n=1000
2026-03-02 14:26:55,248 INFO: [mhc/mhc-I/human/HLA-A] page=83 offset=83000 n=1000
2026-03-02 14:27:37,640 INFO: [mhc/mhc-I/human/HLA-A] page=84 offset=84000 n=1000
2026-03-02 14:28:20,641 INFO: [mhc/mhc-I/human/HLA-A] page=85 offset=85000 n=1000
2026-03-02 14:29:04,464 INFO: [mhc/mhc-I/human/HLA-A] page=86 offset=86000 n=1000
2026-03-02 14:29:46,123 INFO: [mhc/mhc-I/human/HLA-A] page=87 offset=87000 n=1000
2026-03-02 14:30:28,115 INFO: [mhc/mhc-I/human/HLA-A] page=88 offset=88000 n=1000
2026-03-02 14:31:10,389 INFO: [mhc/mhc-I/human/HLA-A] page=89 offset=89000 n=1000
2026-03-02 14:31:51,752 INFO: [mhc/mhc-I/human/HLA-A] page=90 offset=90000 n=1000
2026-03-02 14:32:34,217 INFO: [mhc/mhc-I/human/HLA-A] page=91 offset=91000 n=1000
2026-03-02 14:33:15,590 INFO: [mhc/mhc-I/human/HLA-A] page=92 offset=92000 n=1000
2026-03-02 14:33:56,401 INFO: [mhc/mhc-I/human/HLA-A] page=93 offset=93000 n=1000
2026-03-02 14:34:37,833 INFO: [mhc/mhc-I/human/HLA-A] page=94 offset=94000 n=1000
2026-03-02 14:35:20,018 INFO: [mhc/mhc-I/human/HLA-A] page=95 offset=95000 n=1000
2026-03-02 14:36:02,374 INFO: [mhc/mhc-I/human/HLA-A] page=96 offset=96000 n=1000
2026-03-02 14:36:44,277 INFO: [mhc/mhc-I/human/HLA-A] page=97 offset=97000 n=1000
2026-03-02 14:37:26,117 INFO: [mhc/mhc-I/human/HLA-A] page=98 offset=98000 n=1000
2026-03-02 14:38:08,990 INFO: [mhc/mhc-I/human/HLA-A] page=99 offset=99000 n=1000
2026-03-02 14:38:50,765 INFO: [mhc/mhc-I/human/HLA-A] page=100 offset=100000 n=1000
2026-03-02 14:39:32,707 INFO: [mhc/mhc-I/human/HLA-A] page=101 offset=101000 n=1000
2026-03-02 14:40:14,378 INFO: [mhc/mhc-I/human/HLA-A] page=102 offset=102000 n=1000
2026-03-02 14:40:56,119 INFO: [mhc/mhc-I/human/HLA-A] page=103 offset=103000 n=1000
2026-03-02 14:41:37,253 INFO: [mhc/mhc-I/human/HLA-A] page=104 offset=104000 n=1000
2026-03-02 14:42:18,659 INFO: [mhc/mhc-I/human/HLA-A] page=105 offset=105000 n=1000
2026-03-02 14:42:59,914 INFO: [mhc/mhc-I/human/HLA-A] page=106 offset=106000 n=1000
2026-03-02 14:43:40,557 INFO: [mhc/mhc-I/human/HLA-A] page=107 offset=107000 n=1000
2026-03-02 14:44:22,296 INFO: [mhc/mhc-I/human/HLA-A] page=108 offset=108000 n=1000
2026-03-02 14:45:04,218 INFO: [mhc/mhc-I/human/HLA-A] page=109 offset=109000 n=1000
2026-03-02 14:45:46,736 INFO: [mhc/mhc-I/human/HLA-A] page=110 offset=110000 n=1000
2026-03-02 14:46:29,261 INFO: [mhc/mhc-I/human/HLA-A] page=111 offset=111000 n=1000
2026-03-02 14:47:09,461 INFO: [mhc/mhc-I/human/HLA-A] page=112 offset=112000 n=1000
2026-03-02 14:47:50,316 INFO: [mhc/mhc-I/human/HLA-A] page=113 offset=113000 n=1000
2026-03-02 14:48:31,181 INFO: [mhc/mhc-I/human/HLA-A] page=114 offset=114000 n=1000
2026-03-02 14:49:11,892 INFO: [mhc/mhc-I/human/HLA-A] page=115 offset=115000 n=1000
2026-03-02 14:49:53,287 INFO: [mhc/mhc-I/human/HLA-A] page=116 offset=116000 n=1000
2026-03-02 14:50:34,955 INFO: [mhc/mhc-I/human/HLA-A] page=117 offset=117000 n=1000
2026-03-02 14:51:17,111 INFO: [mhc/mhc-I/human/HLA-A] page=118 offset=118000 n=1000
2026-03-02 14:51:59,424 INFO: [mhc/mhc-I/human/HLA-A] page=119 offset=119000 n=1000
2026-03-02 14:52:41,132 INFO: [mhc/mhc-I/human/HLA-A] page=120 offset=120000 n=1000
2026-03-02 14:53:22,950 INFO: [mhc/mhc-I/human/HLA-A] page=121 offset=121000 n=1000
2026-03-02 14:54:05,317 INFO: [mhc/mhc-I/human/HLA-A] page=122 offset=122000 n=1000
2026-03-02 14:54:47,909 INFO: [mhc/mhc-I/human/HLA-A] page=123 offset=123000 n=1000
2026-03-02 14:55:31,970 INFO: [mhc/mhc-I/human/HLA-A] page=124 offset=124000 n=1000
2026-03-02 14:56:16,172 INFO: [mhc/mhc-I/human/HLA-A] page=125 offset=125000 n=1000
2026-03-02 14:56:57,797 INFO: [mhc/mhc-I/human/HLA-A] page=126 offset=126000 n=1000
2026-03-02 14:57:39,359 INFO: [mhc/mhc-I/human/HLA-A] page=127 offset=127000 n=1000
2026-03-02 14:58:21,722 INFO: [mhc/mhc-I/human/HLA-A] page=128 offset=128000 n=1000
2026-03-02 14:59:05,715 INFO: [mhc/mhc-I/human/HLA-A] page=129 offset=129000 n=1000
2026-03-02 14:59:50,117 INFO: [mhc/mhc-I/human/HLA-A] page=130 offset=130000 n=1000
2026-03-02 15:00:50,703 ERROR: Error en petición a https://query-api.iedb.org/mhc_export página 131: HTTPSConnectionPool(host='query-api.iedb.org', port=443): Read timed out. (read timeout=60)
2026-03-02 15:01:07,856 INFO: [tcell/mhc-I/human/HLA-A] page=0 offset=0 n=1000
2026-03-02 15:01:12,990 INFO: [tcell/mhc-I/human/HLA-A] page=1 offset=1000 n=1000
2026-03-02 15:01:17,063 INFO: [tcell/mhc-I/human/HLA-A] page=2 offset=2000 n=1000
2026-03-02 15:01:21,368 INFO: [tcell/mhc-I/human/HLA-A] page=3 offset=3000 n=1000
2026-03-02 15:01:26,004 INFO: [tcell/mhc-I/human/HLA-A] page=4 offset=4000 n=1000
2026-03-02 15:01:30,626 INFO: [tcell/mhc-I/human/HLA-A] page=5 offset=5000 n=1000
2026-03-02 15:01:34,879 INFO: [tcell/mhc-I/human/HLA-A] page=6 offset=6000 n=1000
2026-03-02 15:01:39,133 INFO: [tcell/mhc-I/human/HLA-A] page=7 offset=7000 n=1000
2026-03-02 15:01:42,883 INFO: [tcell/mhc-I/human/HLA-A] page=8 offset=8000 n=703
2026-03-02 15:01:44,687 INFO: [tcell/mhc-I/human/HLA-A] page=9 offset=9000 n=0
2026-03-02 15:02:51,877 ERROR: Error en petición a https://query-api.iedb.org/mhc_export página 0: HTTPSConnectionPool(host='query-api.iedb.org', port=443): Read timed out. (read timeout=60)
2026-03-02 15:02:56,726 INFO: [tcell/mhc-I/human/HLA-B] page=0 offset=0 n=878
2026-03-02 15:02:58,445 INFO: [tcell/mhc-I/human/HLA-B] page=1 offset=1000 n=0
2026-03-02 15:03:59,195 ERROR: Error en petición a https://query-api.iedb.org/mhc_export página 0: HTTPSConnectionPool(host='query-api.iedb.org', port=443): Read timed out. (read timeout=60)
2026-03-02 15:04:02,718 INFO: [tcell/mhc-I/human/HLA-C] page=0 offset=0 n=244
2026-03-02 15:04:04,366 INFO: [tcell/mhc-I/human/HLA-C] page=1 offset=1000 n=0
2026-03-02 15:05:04,938 ERROR: Error en petición a https://query-api.iedb.org/mhc_export página 0: HTTPSConnectionPool(host='query-api.iedb.org', port=443): Read timed out. (read timeout=60)
2026-03-02 15:05:10,690 INFO: [tcell/mhc-II/human/HLA-DR] page=0 offset=0 n=1000
2026-03-02 15:05:14,692 INFO: [tcell/mhc-II/human/HLA-DR] page=1 offset=1000 n=1000
2026-03-02 15:05:18,509 INFO: [tcell/mhc-II/human/HLA-DR] page=2 offset=2000 n=1000
2026-03-02 15:05:22,394 INFO: [tcell/mhc-II/human/HLA-DR] page=3 offset=3000 n=1000
2026-03-02 15:05:26,478 INFO: [tcell/mhc-II/human/HLA-DR] page=4 offset=4000 n=1000
2026-03-02 15:05:30,045 INFO: [tcell/mhc-II/human/HLA-DR] page=5 offset=5000 n=613
2026-03-02 15:05:31,773 INFO: [tcell/mhc-II/human/HLA-DR] page=6 offset=6000 n=0
2026-03-02 15:06:24,890 INFO: [mhc/mhc-II/human/HLA-DQ] page=0 offset=0 n=1000
2026-03-02 15:07:07,053 INFO: [mhc/mhc-II/human/HLA-DQ] page=1 offset=1000 n=1000
2026-03-02 15:07:49,461 INFO: [mhc/mhc-II/human/HLA-DQ] page=2 offset=2000 n=1000
2026-03-02 15:08:33,407 INFO: [mhc/mhc-II/human/HLA-DQ] page=3 offset=3000 n=1000
2026-03-02 15:09:17,179 INFO: [mhc/mhc-II/human/HLA-DQ] page=4 offset=4000 n=1000
2026-03-02 15:10:01,669 INFO: [mhc/mhc-II/human/HLA-DQ] page=5 offset=5000 n=1000
2026-03-02 15:10:45,474 INFO: [mhc/mhc-II/human/HLA-DQ] page=6 offset=6000 n=1000
2026-03-02 15:11:28,627 INFO: [mhc/mhc-II/human/HLA-DQ] page=7 offset=7000 n=1000
2026-03-02 15:12:13,021 INFO: [mhc/mhc-II/human/HLA-DQ] page=8 offset=8000 n=1000
2026-03-02 15:12:56,943 INFO: [mhc/mhc-II/human/HLA-DQ] page=9 offset=9000 n=1000
2026-03-02 15:13:42,655 INFO: [mhc/mhc-II/human/HLA-DQ] page=10 offset=10000 n=1000
2026-03-02 15:14:25,964 INFO: [mhc/mhc-II/human/HLA-DQ] page=11 offset=11000 n=1000
2026-03-02 15:15:08,599 INFO: [mhc/mhc-II/human/HLA-DQ] page=12 offset=12000 n=1000
2026-03-02 15:15:51,172 INFO: [mhc/mhc-II/human/HLA-DQ] page=13 offset=13000 n=1000
2026-03-02 15:16:34,625 INFO: [mhc/mhc-II/human/HLA-DQ] page=14 offset=14000 n=1000
2026-03-02 15:17:18,319 INFO: [mhc/mhc-II/human/HLA-DQ] page=15 offset=15000 n=1000
2026-03-02 15:18:01,376 INFO: [mhc/mhc-II/human/HLA-DQ] page=16 offset=16000 n=1000
2026-03-02 15:18:43,465 INFO: [mhc/mhc-II/human/HLA-DQ] page=17 offset=17000 n=1000
2026-03-02 15:19:25,535 INFO: [mhc/mhc-II/human/HLA-DQ] page=18 offset=18000 n=1000
2026-03-02 15:20:07,740 INFO: [mhc/mhc-II/human/HLA-DQ] page=19 offset=19000 n=1000
2026-03-02 15:20:49,099 INFO: [mhc/mhc-II/human/HLA-DQ] page=20 offset=20000 n=1000
2026-03-02 15:21:31,724 INFO: [mhc/mhc-II/human/HLA-DQ] page=21 offset=21000 n=1000
2026-03-02 15:22:20,519 INFO: [mhc/mhc-II/human/HLA-DQ] page=22 offset=22000 n=1000
2026-03-02 15:23:02,584 INFO: [mhc/mhc-II/human/HLA-DQ] page=23 offset=23000 n=1000
2026-03-02 15:23:47,280 INFO: [mhc/mhc-II/human/HLA-DQ] page=24 offset=24000 n=1000
2026-03-02 15:24:30,976 INFO: [mhc/mhc-II/human/HLA-DQ] page=25 offset=25000 n=1000
2026-03-02 15:25:14,184 INFO: [mhc/mhc-II/human/HLA-DQ] page=26 offset=26000 n=1000
2026-03-02 15:25:56,685 INFO: [mhc/mhc-II/human/HLA-DQ] page=27 offset=27000 n=1000
2026-03-02 15:26:39,281 INFO: [mhc/mhc-II/human/HLA-DQ] page=28 offset=28000 n=1000
2026-03-02 15:27:22,336 INFO: [mhc/mhc-II/human/HLA-DQ] page=29 offset=29000 n=1000
2026-03-02 15:28:05,148 INFO: [mhc/mhc-II/human/HLA-DQ] page=30 offset=30000 n=1000
2026-03-02 15:28:48,948 INFO: [mhc/mhc-II/human/HLA-DQ] page=31 offset=31000 n=1000
2026-03-02 15:29:29,480 INFO: [mhc/mhc-II/human/HLA-DQ] page=32 offset=32000 n=1000
2026-03-02 15:30:10,349 INFO: [mhc/mhc-II/human/HLA-DQ] page=33 offset=33000 n=1000
2026-03-02 15:30:51,725 INFO: [mhc/mhc-II/human/HLA-DQ] page=34 offset=34000 n=1000
2026-03-02 15:31:32,830 INFO: [mhc/mhc-II/human/HLA-DQ] page=35 offset=35000 n=1000
2026-03-02 15:32:13,469 INFO: [mhc/mhc-II/human/HLA-DQ] page=36 offset=36000 n=1000
2026-03-02 15:32:54,164 INFO: [mhc/mhc-II/human/HLA-DQ] page=37 offset=37000 n=1000
2026-03-02 15:33:34,794 INFO: [mhc/mhc-II/human/HLA-DQ] page=38 offset=38000 n=1000
2026-03-02 15:34:21,477 INFO: [mhc/mhc-II/human/HLA-DQ] page=39 offset=39000 n=1000
2026-03-02 15:35:00,717 INFO: [mhc/mhc-II/human/HLA-DQ] page=40 offset=40000 n=1000
2026-03-02 15:35:40,782 INFO: [mhc/mhc-II/human/HLA-DQ] page=41 offset=41000 n=1000
2026-03-02 15:36:20,625 INFO: [mhc/mhc-II/human/HLA-DQ] page=42 offset=42000 n=1000
2026-03-02 15:37:01,057 INFO: [mhc/mhc-II/human/HLA-DQ] page=43 offset=43000 n=1000
2026-03-02 15:37:40,706 INFO: [mhc/mhc-II/human/HLA-DQ] page=44 offset=44000 n=1000
2026-03-02 15:38:20,780 INFO: [mhc/mhc-II/human/HLA-DQ] page=45 offset=45000 n=1000
2026-03-02 15:38:59,728 INFO: [mhc/mhc-II/human/HLA-DQ] page=46 offset=46000 n=161
2026-03-02 15:39:37,338 INFO: [mhc/mhc-II/human/HLA-DQ] page=47 offset=47000 n=0
2026-03-02 15:39:43,451 INFO: [tcell/mhc-II/human/HLA-DQ] page=0 offset=0 n=682
2026-03-02 15:39:45,071 INFO: [tcell/mhc-II/human/HLA-DQ] page=1 offset=1000 n=0
2026-03-02 15:40:24,175 INFO: [mhc/mhc-II/human/HLA-DP] page=0 offset=0 n=1000
2026-03-02 15:41:02,439 INFO: [mhc/mhc-II/human/HLA-DP] page=1 offset=1000 n=1000
2026-03-02 15:41:41,126 INFO: [mhc/mhc-II/human/HLA-DP] page=2 offset=2000 n=1000
2026-03-02 15:42:19,806 INFO: [mhc/mhc-II/human/HLA-DP] page=3 offset=3000 n=1000
2026-03-02 15:42:58,056 INFO: [mhc/mhc-II/human/HLA-DP] page=4 offset=4000 n=1000
2026-03-02 15:43:37,050 INFO: [mhc/mhc-II/human/HLA-DP] page=5 offset=5000 n=1000
2026-03-02 15:44:15,756 INFO: [mhc/mhc-II/human/HLA-DP] page=6 offset=6000 n=1000
2026-03-02 15:44:54,458 INFO: [mhc/mhc-II/human/HLA-DP] page=7 offset=7000 n=1000
2026-03-02 15:45:33,303 INFO: [mhc/mhc-II/human/HLA-DP] page=8 offset=8000 n=1000
2026-03-02 15:46:12,912 INFO: [mhc/mhc-II/human/HLA-DP] page=9 offset=9000 n=1000
2026-03-02 15:46:53,090 INFO: [mhc/mhc-II/human/HLA-DP] page=10 offset=10000 n=1000
2026-03-02 15:47:39,239 INFO: [mhc/mhc-II/human/HLA-DP] page=11 offset=11000 n=1000
2026-03-02 15:48:27,548 INFO: [mhc/mhc-II/human/HLA-DP] page=12 offset=12000 n=1000
2026-03-02 15:49:08,381 INFO: [mhc/mhc-II/human/HLA-DP] page=13 offset=13000 n=1000
2026-03-02 15:49:49,561 INFO: [mhc/mhc-II/human/HLA-DP] page=14 offset=14000 n=1000
2026-03-02 15:50:31,209 INFO: [mhc/mhc-II/human/HLA-DP] page=15 offset=15000 n=1000
2026-03-02 15:51:18,705 INFO: [mhc/mhc-II/human/HLA-DP] page=16 offset=16000 n=1000
2026-03-02 15:52:06,490 INFO: [mhc/mhc-II/human/HLA-DP] page=17 offset=17000 n=1000
2026-03-02 15:52:53,255 INFO: [mhc/mhc-II/human/HLA-DP] page=18 offset=18000 n=1000
2026-03-02 15:53:40,332 INFO: [mhc/mhc-II/human/HLA-DP] page=19 offset=19000 n=1000
2026-03-02 15:54:25,615 INFO: [mhc/mhc-II/human/HLA-DP] page=20 offset=20000 n=1000
2026-03-02 15:55:11,556 INFO: [mhc/mhc-II/human/HLA-DP] page=21 offset=21000 n=1000
2026-03-02 15:55:59,234 INFO: [mhc/mhc-II/human/HLA-DP] page=22 offset=22000 n=1000
2026-03-02 15:56:48,730 INFO: [mhc/mhc-II/human/HLA-DP] page=23 offset=23000 n=1000
2026-03-02 15:57:37,502 INFO: [mhc/mhc-II/human/HLA-DP] page=24 offset=24000 n=1000
2026-03-02 15:58:26,456 INFO: [mhc/mhc-II/human/HLA-DP] page=25 offset=25000 n=1000
2026-03-02 15:59:13,529 INFO: [mhc/mhc-II/human/HLA-DP] page=26 offset=26000 n=1000
2026-03-02 16:00:01,682 INFO: [mhc/mhc-II/human/HLA-DP] page=27 offset=27000 n=1000
2026-03-02 16:00:51,828 INFO: [mhc/mhc-II/human/HLA-DP] page=28 offset=28000 n=1000
2026-03-02 16:01:48,659 INFO: [mhc/mhc-II/human/HLA-DP] page=29 offset=29000 n=1000
2026-03-02 16:02:41,353 INFO: [mhc/mhc-II/human/HLA-DP] page=30 offset=30000 n=1000
2026-03-02 16:03:34,010 INFO: [mhc/mhc-II/human/HLA-DP] page=31 offset=31000 n=1000
2026-03-02 16:04:22,234 INFO: [mhc/mhc-II/human/HLA-DP] page=32 offset=32000 n=1000
2026-03-02 16:05:09,967 INFO: [mhc/mhc-II/human/HLA-DP] page=33 offset=33000 n=1000
2026-03-02 16:05:57,213 INFO: [mhc/mhc-II/human/HLA-DP] page=34 offset=34000 n=1000
2026-03-02 16:06:44,634 INFO: [mhc/mhc-II/human/HLA-DP] page=35 offset=35000 n=1000
2026-03-02 16:07:32,631 INFO: [mhc/mhc-II/human/HLA-DP] page=36 offset=36000 n=1000
2026-03-02 16:08:20,260 INFO: [mhc/mhc-II/human/HLA-DP] page=37 offset=37000 n=1000
2026-03-02 16:09:08,164 INFO: [mhc/mhc-II/human/HLA-DP] page=38 offset=38000 n=1000
2026-03-02 16:09:57,019 INFO: [mhc/mhc-II/human/HLA-DP] page=39 offset=39000 n=1000
slurmstepd: error: *** JOB 88981 ON hertz-tres CANCELLED AT 2026-03-02T16:10:14 ***
