2026-03-04 11:22:53,584 INFO: [mhc/mhc-I/mouse/H2-K] page=0 offset=0 n=1000
2026-03-04 11:23:33,367 INFO: [mhc/mhc-I/mouse/H2-K] page=1 offset=1000 n=1000
2026-03-04 11:24:13,132 INFO: [mhc/mhc-I/mouse/H2-K] page=2 offset=2000 n=1000
2026-03-04 11:24:51,676 INFO: [mhc/mhc-I/mouse/H2-K] page=3 offset=3000 n=1000
2026-03-04 11:25:29,803 INFO: [mhc/mhc-I/mouse/H2-K] page=4 offset=4000 n=1000
2026-03-04 11:26:09,004 INFO: [mhc/mhc-I/mouse/H2-K] page=5 offset=5000 n=1000
2026-03-04 11:26:48,906 INFO: [mhc/mhc-I/mouse/H2-K] page=6 offset=6000 n=1000
2026-03-04 11:27:29,141 INFO: [mhc/mhc-I/mouse/H2-K] page=7 offset=7000 n=1000
2026-03-04 11:28:08,432 INFO: [mhc/mhc-I/mouse/H2-K] page=8 offset=8000 n=1000
2026-03-04 11:28:48,238 INFO: [mhc/mhc-I/mouse/H2-K] page=9 offset=9000 n=1000
2026-03-04 11:29:27,732 INFO: [mhc/mhc-I/mouse/H2-K] page=10 offset=10000 n=1000
2026-03-04 11:30:07,151 INFO: [mhc/mhc-I/mouse/H2-K] page=11 offset=11000 n=1000
2026-03-04 11:30:48,042 INFO: [mhc/mhc-I/mouse/H2-K] page=12 offset=12000 n=1000
2026-03-04 11:31:27,710 INFO: [mhc/mhc-I/mouse/H2-K] page=13 offset=13000 n=1000
2026-03-04 11:32:08,128 INFO: [mhc/mhc-I/mouse/H2-K] page=14 offset=14000 n=1000
2026-03-04 11:32:48,792 INFO: [mhc/mhc-I/mouse/H2-K] page=15 offset=15000 n=1000
2026-03-04 11:33:29,897 INFO: [mhc/mhc-I/mouse/H2-K] page=16 offset=16000 n=1000
2026-03-04 11:34:10,560 INFO: [mhc/mhc-I/mouse/H2-K] page=17 offset=17000 n=1000
2026-03-04 11:34:51,614 INFO: [mhc/mhc-I/mouse/H2-K] page=18 offset=18000 n=1000
2026-03-04 11:35:33,488 INFO: [mhc/mhc-I/mouse/H2-K] page=19 offset=19000 n=1000
2026-03-04 11:36:14,138 INFO: [mhc/mhc-I/mouse/H2-K] page=20 offset=20000 n=1000
2026-03-04 11:36:54,793 INFO: [mhc/mhc-I/mouse/H2-K] page=21 offset=21000 n=1000
2026-03-04 11:37:35,953 INFO: [mhc/mhc-I/mouse/H2-K] page=22 offset=22000 n=1000
2026-03-04 11:38:15,690 INFO: [mhc/mhc-I/mouse/H2-K] page=23 offset=23000 n=1000
2026-03-04 11:38:57,431 INFO: [mhc/mhc-I/mouse/H2-K] page=24 offset=24000 n=1000
2026-03-04 11:39:38,202 INFO: [mhc/mhc-I/mouse/H2-K] page=25 offset=25000 n=1000
2026-03-04 11:40:19,034 INFO: [mhc/mhc-I/mouse/H2-K] page=26 offset=26000 n=1000
2026-03-04 11:41:00,320 INFO: [mhc/mhc-I/mouse/H2-K] page=27 offset=27000 n=1000
2026-03-04 11:41:41,334 INFO: [mhc/mhc-I/mouse/H2-K] page=28 offset=28000 n=1000
2026-03-04 11:42:21,300 INFO: [mhc/mhc-I/mouse/H2-K] page=29 offset=29000 n=1000
2026-03-04 11:43:01,538 INFO: [mhc/mhc-I/mouse/H2-K] page=30 offset=30000 n=1000
2026-03-04 11:43:41,623 INFO: [mhc/mhc-I/mouse/H2-K] page=31 offset=31000 n=1000
2026-03-04 11:44:22,627 INFO: [mhc/mhc-I/mouse/H2-K] page=32 offset=32000 n=1000
2026-03-04 11:45:05,597 INFO: [mhc/mhc-I/mouse/H2-K] page=33 offset=33000 n=1000
2026-03-04 11:45:49,154 INFO: [mhc/mhc-I/mouse/H2-K] page=34 offset=34000 n=1000
2026-03-04 11:46:32,830 INFO: [mhc/mhc-I/mouse/H2-K] page=35 offset=35000 n=1000
2026-03-04 11:47:17,246 INFO: [mhc/mhc-I/mouse/H2-K] page=36 offset=36000 n=1000
2026-03-04 11:48:07,321 INFO: [mhc/mhc-I/mouse/H2-K] page=37 offset=37000 n=1000
2026-03-04 11:48:55,123 INFO: [mhc/mhc-I/mouse/H2-K] page=38 offset=38000 n=1000
2026-03-04 11:49:41,171 INFO: [mhc/mhc-I/mouse/H2-K] page=39 offset=39000 n=1000
2026-03-04 11:50:28,788 INFO: [mhc/mhc-I/mouse/H2-K] page=40 offset=40000 n=1000
2026-03-04 11:51:18,910 INFO: [mhc/mhc-I/mouse/H2-K] page=41 offset=41000 n=1000
2026-03-04 11:52:04,389 INFO: [mhc/mhc-I/mouse/H2-K] page=42 offset=42000 n=1000
2026-03-04 11:52:53,917 INFO: [mhc/mhc-I/mouse/H2-K] page=43 offset=43000 n=1000
2026-03-04 11:53:48,292 INFO: [mhc/mhc-I/mouse/H2-K] page=44 offset=44000 n=1000
2026-03-04 11:54:36,374 INFO: [mhc/mhc-I/mouse/H2-K] page=45 offset=45000 n=1000
2026-03-04 11:55:22,894 INFO: [mhc/mhc-I/mouse/H2-K] page=46 offset=46000 n=1000
2026-03-04 11:56:08,572 INFO: [mhc/mhc-I/mouse/H2-K] page=47 offset=47000 n=1000
2026-03-04 11:57:02,025 INFO: [mhc/mhc-I/mouse/H2-K] page=48 offset=48000 n=1000
2026-03-04 11:57:50,583 INFO: [mhc/mhc-I/mouse/H2-K] page=49 offset=49000 n=1000
2026-03-04 11:58:38,625 INFO: [mhc/mhc-I/mouse/H2-K] page=50 offset=50000 n=1000
2026-03-04 11:59:25,110 INFO: [mhc/mhc-I/mouse/H2-K] page=51 offset=51000 n=1000
2026-03-04 12:00:13,672 INFO: [mhc/mhc-I/mouse/H2-K] page=52 offset=52000 n=1000
2026-03-04 12:01:00,299 INFO: [mhc/mhc-I/mouse/H2-K] page=53 offset=53000 n=1000
2026-03-04 12:01:47,463 INFO: [mhc/mhc-I/mouse/H2-K] page=54 offset=54000 n=1000
2026-03-04 12:02:36,853 INFO: [mhc/mhc-I/mouse/H2-K] page=55 offset=55000 n=1000
2026-03-04 12:03:26,994 INFO: [mhc/mhc-I/mouse/H2-K] page=56 offset=56000 n=1000
2026-03-04 12:04:13,514 INFO: [mhc/mhc-I/mouse/H2-K] page=57 offset=57000 n=1000
2026-03-04 12:04:57,776 INFO: [mhc/mhc-I/mouse/H2-K] page=58 offset=58000 n=1000
2026-03-04 12:05:45,613 INFO: [mhc/mhc-I/mouse/H2-K] page=59 offset=59000 n=1000
2026-03-04 12:06:33,767 INFO: [mhc/mhc-I/mouse/H2-K] page=60 offset=60000 n=1000
2026-03-04 12:07:19,159 INFO: [mhc/mhc-I/mouse/H2-K] page=61 offset=61000 n=1000
2026-03-04 12:08:06,057 INFO: [mhc/mhc-I/mouse/H2-K] page=62 offset=62000 n=1000
2026-03-04 12:08:54,202 INFO: [mhc/mhc-I/mouse/H2-K] page=63 offset=63000 n=1000
2026-03-04 12:09:38,897 INFO: [mhc/mhc-I/mouse/H2-K] page=64 offset=64000 n=1000
2026-03-04 12:10:24,109 INFO: [mhc/mhc-I/mouse/H2-K] page=65 offset=65000 n=1000
2026-03-04 12:11:11,625 INFO: [mhc/mhc-I/mouse/H2-K] page=66 offset=66000 n=1000
2026-03-04 12:11:58,717 INFO: [mhc/mhc-I/mouse/H2-K] page=67 offset=67000 n=1000
2026-03-04 12:12:44,086 INFO: [mhc/mhc-I/mouse/H2-K] page=68 offset=68000 n=1000
2026-03-04 12:13:31,772 INFO: [mhc/mhc-I/mouse/H2-K] page=69 offset=69000 n=1000
2026-03-04 12:14:17,801 INFO: [mhc/mhc-I/mouse/H2-K] page=70 offset=70000 n=1000
2026-03-04 12:15:09,792 INFO: [mhc/mhc-I/mouse/H2-K] page=71 offset=71000 n=1000
2026-03-04 12:15:56,257 INFO: [mhc/mhc-I/mouse/H2-K] page=72 offset=72000 n=1000
2026-03-04 12:16:40,913 INFO: [mhc/mhc-I/mouse/H2-K] page=73 offset=73000 n=1000
2026-03-04 12:17:26,998 INFO: [mhc/mhc-I/mouse/H2-K] page=74 offset=74000 n=1000
2026-03-04 12:18:17,517 INFO: [mhc/mhc-I/mouse/H2-K] page=75 offset=75000 n=1000
2026-03-04 12:19:03,443 INFO: [mhc/mhc-I/mouse/H2-K] page=76 offset=76000 n=1000
2026-03-04 12:19:54,463 INFO: [mhc/mhc-I/mouse/H2-K] page=77 offset=77000 n=1000
2026-03-04 12:20:43,143 INFO: [mhc/mhc-I/mouse/H2-K] page=78 offset=78000 n=1000
2026-03-04 12:21:30,587 INFO: [mhc/mhc-I/mouse/H2-K] page=79 offset=79000 n=1000
2026-03-04 12:22:18,573 INFO: [mhc/mhc-I/mouse/H2-K] page=80 offset=80000 n=1000
2026-03-04 12:23:09,134 INFO: [mhc/mhc-I/mouse/H2-K] page=81 offset=81000 n=1000
2026-03-04 12:23:54,375 INFO: [mhc/mhc-I/mouse/H2-K] page=82 offset=82000 n=1000
2026-03-04 12:24:38,312 INFO: [mhc/mhc-I/mouse/H2-K] page=83 offset=83000 n=1000
2026-03-04 12:29:13,028 ERROR: Error en petición a https://query-api.iedb.org/mhc_export página 84: ('Connection broken: IncompleteRead(2538821 bytes read, 2508108 more expected)', IncompleteRead(2538821 bytes read, 2508108 more expected))
2026-03-04 12:35:26,311 INFO: [tcell/mhc-I/mouse/H2-K] page=0 offset=0 n=1000
2026-03-04 12:35:28,639 INFO: [tcell/mhc-I/mouse/H2-K] page=1 offset=1000 n=50
2026-03-04 12:35:30,245 INFO: [tcell/mhc-I/mouse/H2-K] page=2 offset=2000 n=0
2026-03-04 12:36:25,014 INFO: [mhc/mhc-I/mouse/H2-D] page=0 offset=0 n=1000
2026-03-04 12:37:10,152 INFO: [mhc/mhc-I/mouse/H2-D] page=1 offset=1000 n=1000
2026-03-04 12:37:52,894 INFO: [mhc/mhc-I/mouse/H2-D] page=2 offset=2000 n=1000
2026-03-04 12:38:38,870 INFO: [mhc/mhc-I/mouse/H2-D] page=3 offset=3000 n=1000
2026-03-04 12:39:26,402 INFO: [mhc/mhc-I/mouse/H2-D] page=4 offset=4000 n=1000
2026-03-04 12:40:11,982 INFO: [mhc/mhc-I/mouse/H2-D] page=5 offset=5000 n=1000
2026-03-04 12:40:57,978 INFO: [mhc/mhc-I/mouse/H2-D] page=6 offset=6000 n=1000
2026-03-04 12:41:40,899 INFO: [mhc/mhc-I/mouse/H2-D] page=7 offset=7000 n=1000
2026-03-04 12:42:22,127 INFO: [mhc/mhc-I/mouse/H2-D] page=8 offset=8000 n=1000
2026-03-04 12:43:03,555 INFO: [mhc/mhc-I/mouse/H2-D] page=9 offset=9000 n=1000
2026-03-04 12:43:45,204 INFO: [mhc/mhc-I/mouse/H2-D] page=10 offset=10000 n=1000
2026-03-04 12:44:25,202 INFO: [mhc/mhc-I/mouse/H2-D] page=11 offset=11000 n=1000
2026-03-04 12:45:05,979 INFO: [mhc/mhc-I/mouse/H2-D] page=12 offset=12000 n=1000
2026-03-04 12:45:46,219 INFO: [mhc/mhc-I/mouse/H2-D] page=13 offset=13000 n=1000
2026-03-04 12:46:27,001 INFO: [mhc/mhc-I/mouse/H2-D] page=14 offset=14000 n=1000
2026-03-04 12:47:07,574 INFO: [mhc/mhc-I/mouse/H2-D] page=15 offset=15000 n=1000
2026-03-04 12:47:49,820 INFO: [mhc/mhc-I/mouse/H2-D] page=16 offset=16000 n=1000
2026-03-04 12:48:30,003 INFO: [mhc/mhc-I/mouse/H2-D] page=17 offset=17000 n=1000
2026-03-04 12:49:09,610 INFO: [mhc/mhc-I/mouse/H2-D] page=18 offset=18000 n=1000
2026-03-04 12:49:48,526 INFO: [mhc/mhc-I/mouse/H2-D] page=19 offset=19000 n=1000
2026-03-04 12:50:27,351 INFO: [mhc/mhc-I/mouse/H2-D] page=20 offset=20000 n=1000
2026-03-04 12:51:06,628 INFO: [mhc/mhc-I/mouse/H2-D] page=21 offset=21000 n=1000
2026-03-04 12:51:46,244 INFO: [mhc/mhc-I/mouse/H2-D] page=22 offset=22000 n=1000
2026-03-04 12:52:25,740 INFO: [mhc/mhc-I/mouse/H2-D] page=23 offset=23000 n=1000
2026-03-04 12:53:05,376 INFO: [mhc/mhc-I/mouse/H2-D] page=24 offset=24000 n=1000
2026-03-04 12:53:44,839 INFO: [mhc/mhc-I/mouse/H2-D] page=25 offset=25000 n=1000
2026-03-04 12:54:24,056 INFO: [mhc/mhc-I/mouse/H2-D] page=26 offset=26000 n=1000
2026-03-04 12:55:03,019 INFO: [mhc/mhc-I/mouse/H2-D] page=27 offset=27000 n=1000
2026-03-04 12:55:42,778 INFO: [mhc/mhc-I/mouse/H2-D] page=28 offset=28000 n=1000
2026-03-04 12:56:22,972 INFO: [mhc/mhc-I/mouse/H2-D] page=29 offset=29000 n=1000
2026-03-04 12:57:06,974 INFO: [mhc/mhc-I/mouse/H2-D] page=30 offset=30000 n=1000
2026-03-04 12:57:46,628 INFO: [mhc/mhc-I/mouse/H2-D] page=31 offset=31000 n=1000
2026-03-04 12:58:26,632 INFO: [mhc/mhc-I/mouse/H2-D] page=32 offset=32000 n=1000
2026-03-04 12:59:06,501 INFO: [mhc/mhc-I/mouse/H2-D] page=33 offset=33000 n=1000
2026-03-04 12:59:45,997 INFO: [mhc/mhc-I/mouse/H2-D] page=34 offset=34000 n=1000
2026-03-04 13:00:26,859 INFO: [mhc/mhc-I/mouse/H2-D] page=35 offset=35000 n=1000
2026-03-04 13:01:08,121 INFO: [mhc/mhc-I/mouse/H2-D] page=36 offset=36000 n=1000
2026-03-04 13:01:49,070 INFO: [mhc/mhc-I/mouse/H2-D] page=37 offset=37000 n=1000
2026-03-04 13:02:29,720 INFO: [mhc/mhc-I/mouse/H2-D] page=38 offset=38000 n=1000
2026-03-04 13:03:10,416 INFO: [mhc/mhc-I/mouse/H2-D] page=39 offset=39000 n=1000
2026-03-04 13:03:50,575 INFO: [mhc/mhc-I/mouse/H2-D] page=40 offset=40000 n=1000
2026-03-04 13:04:30,460 INFO: [mhc/mhc-I/mouse/H2-D] page=41 offset=41000 n=1000
2026-03-04 13:05:10,943 INFO: [mhc/mhc-I/mouse/H2-D] page=42 offset=42000 n=1000
2026-03-04 13:05:51,563 INFO: [mhc/mhc-I/mouse/H2-D] page=43 offset=43000 n=1000
2026-03-04 13:06:32,527 INFO: [mhc/mhc-I/mouse/H2-D] page=44 offset=44000 n=1000
2026-03-04 13:07:13,243 INFO: [mhc/mhc-I/mouse/H2-D] page=45 offset=45000 n=517
2026-03-04 13:07:50,796 INFO: [mhc/mhc-I/mouse/H2-D] page=46 offset=46000 n=0
2026-03-04 13:07:58,329 INFO: [tcell/mhc-I/mouse/H2-D] page=0 offset=0 n=519
2026-03-04 13:07:59,898 INFO: [tcell/mhc-I/mouse/H2-D] page=1 offset=1000 n=0
2026-03-04 13:08:43,519 INFO: [mhc/mhc-I/mouse/H2-L] page=0 offset=0 n=44
2026-03-04 13:09:22,417 INFO: [mhc/mhc-I/mouse/H2-L] page=1 offset=1000 n=0
2026-03-04 13:09:25,186 INFO: [tcell/mhc-I/mouse/H2-L] page=0 offset=0 n=114
2026-03-04 13:09:26,871 INFO: [tcell/mhc-I/mouse/H2-L] page=1 offset=1000 n=0
2026-03-04 13:10:06,640 INFO: [mhc/mhc-II/mouse/H2-IA] page=0 offset=0 n=1000
2026-03-04 13:10:46,454 INFO: [mhc/mhc-II/mouse/H2-IA] page=1 offset=1000 n=1000
2026-03-04 13:11:25,793 INFO: [mhc/mhc-II/mouse/H2-IA] page=2 offset=2000 n=1000
2026-03-04 13:12:07,035 INFO: [mhc/mhc-II/mouse/H2-IA] page=3 offset=3000 n=1000
2026-03-04 13:12:47,084 INFO: [mhc/mhc-II/mouse/H2-IA] page=4 offset=4000 n=1000
2026-03-04 13:13:27,097 INFO: [mhc/mhc-II/mouse/H2-IA] page=5 offset=5000 n=1000
2026-03-04 13:14:06,960 INFO: [mhc/mhc-II/mouse/H2-IA] page=6 offset=6000 n=1000
2026-03-04 13:14:46,165 INFO: [mhc/mhc-II/mouse/H2-IA] page=7 offset=7000 n=1000
2026-03-04 13:15:25,083 INFO: [mhc/mhc-II/mouse/H2-IA] page=8 offset=8000 n=1000
2026-03-04 13:16:05,038 INFO: [mhc/mhc-II/mouse/H2-IA] page=9 offset=9000 n=1000
2026-03-04 13:16:44,888 INFO: [mhc/mhc-II/mouse/H2-IA] page=10 offset=10000 n=1000
2026-03-04 13:17:24,032 INFO: [mhc/mhc-II/mouse/H2-IA] page=11 offset=11000 n=1000
2026-03-04 13:18:04,173 INFO: [mhc/mhc-II/mouse/H2-IA] page=12 offset=12000 n=1000
2026-03-04 13:18:44,261 INFO: [mhc/mhc-II/mouse/H2-IA] page=13 offset=13000 n=1000
2026-03-04 13:19:24,023 INFO: [mhc/mhc-II/mouse/H2-IA] page=14 offset=14000 n=1000
2026-03-04 13:20:02,734 INFO: [mhc/mhc-II/mouse/H2-IA] page=15 offset=15000 n=1000
2026-03-04 13:20:42,421 INFO: [mhc/mhc-II/mouse/H2-IA] page=16 offset=16000 n=1000
2026-03-04 13:21:20,848 INFO: [mhc/mhc-II/mouse/H2-IA] page=17 offset=17000 n=1000
2026-03-04 13:21:59,850 INFO: [mhc/mhc-II/mouse/H2-IA] page=18 offset=18000 n=1000
2026-03-04 13:22:39,562 INFO: [mhc/mhc-II/mouse/H2-IA] page=19 offset=19000 n=1000
2026-03-04 13:23:18,672 INFO: [mhc/mhc-II/mouse/H2-IA] page=20 offset=20000 n=679
2026-03-04 13:23:56,555 INFO: [mhc/mhc-II/mouse/H2-IA] page=21 offset=21000 n=0
2026-03-04 13:24:02,452 INFO: [tcell/mhc-II/mouse/H2-IA] page=0 offset=0 n=1000
2026-03-04 13:24:06,115 INFO: [tcell/mhc-II/mouse/H2-IA] page=1 offset=1000 n=1000
2026-03-04 13:24:08,508 INFO: [tcell/mhc-II/mouse/H2-IA] page=2 offset=2000 n=101
2026-03-04 13:24:10,087 INFO: [tcell/mhc-II/mouse/H2-IA] page=3 offset=3000 n=0
2026-03-04 13:24:52,093 INFO: [mhc/mhc-II/mouse/H2-IE] page=0 offset=0 n=233
2026-03-04 13:25:30,143 INFO: [mhc/mhc-II/mouse/H2-IE] page=1 offset=1000 n=0
2026-03-04 13:25:32,973 INFO: [tcell/mhc-II/mouse/H2-IE] page=0 offset=0 n=173
2026-03-04 13:25:34,585 INFO: [tcell/mhc-II/mouse/H2-IE] page=1 offset=1000 n=0
2026-03-04 13:26:13,828 INFO: [mhc/mhc-I/human/HLA-A] page=0 offset=0 n=1000
2026-03-04 13:26:54,332 INFO: [mhc/mhc-I/human/HLA-A] page=1 offset=1000 n=1000
2026-03-04 13:27:36,087 INFO: [mhc/mhc-I/human/HLA-A] page=2 offset=2000 n=1000
2026-03-04 13:28:17,902 INFO: [mhc/mhc-I/human/HLA-A] page=3 offset=3000 n=1000
2026-03-04 13:28:59,698 INFO: [mhc/mhc-I/human/HLA-A] page=4 offset=4000 n=1000
2026-03-04 13:29:40,548 INFO: [mhc/mhc-I/human/HLA-A] page=5 offset=5000 n=1000
2026-03-04 13:30:21,835 INFO: [mhc/mhc-I/human/HLA-A] page=6 offset=6000 n=1000
2026-03-04 13:31:03,785 INFO: [mhc/mhc-I/human/HLA-A] page=7 offset=7000 n=1000
2026-03-04 13:31:46,036 INFO: [mhc/mhc-I/human/HLA-A] page=8 offset=8000 n=1000
2026-03-04 13:32:27,361 INFO: [mhc/mhc-I/human/HLA-A] page=9 offset=9000 n=1000
2026-03-04 13:33:09,395 INFO: [mhc/mhc-I/human/HLA-A] page=10 offset=10000 n=1000
2026-03-04 13:33:51,603 INFO: [mhc/mhc-I/human/HLA-A] page=11 offset=11000 n=1000
2026-03-04 13:34:33,400 INFO: [mhc/mhc-I/human/HLA-A] page=12 offset=12000 n=1000
2026-03-04 13:35:14,673 INFO: [mhc/mhc-I/human/HLA-A] page=13 offset=13000 n=1000
2026-03-04 13:35:56,075 INFO: [mhc/mhc-I/human/HLA-A] page=14 offset=14000 n=1000
2026-03-04 13:36:37,279 INFO: [mhc/mhc-I/human/HLA-A] page=15 offset=15000 n=1000
2026-03-04 13:37:18,417 INFO: [mhc/mhc-I/human/HLA-A] page=16 offset=16000 n=1000
2026-03-04 13:37:59,282 INFO: [mhc/mhc-I/human/HLA-A] page=17 offset=17000 n=1000
2026-03-04 13:38:41,243 INFO: [mhc/mhc-I/human/HLA-A] page=18 offset=18000 n=1000
2026-03-04 13:39:21,949 INFO: [mhc/mhc-I/human/HLA-A] page=19 offset=19000 n=1000
2026-03-04 13:40:02,817 INFO: [mhc/mhc-I/human/HLA-A] page=20 offset=20000 n=1000
2026-03-04 13:40:43,924 INFO: [mhc/mhc-I/human/HLA-A] page=21 offset=21000 n=1000
2026-03-04 13:41:25,460 INFO: [mhc/mhc-I/human/HLA-A] page=22 offset=22000 n=1000
2026-03-04 13:42:06,885 INFO: [mhc/mhc-I/human/HLA-A] page=23 offset=23000 n=1000
2026-03-04 13:42:47,435 INFO: [mhc/mhc-I/human/HLA-A] page=24 offset=24000 n=1000
2026-03-04 13:43:27,584 INFO: [mhc/mhc-I/human/HLA-A] page=25 offset=25000 n=1000
2026-03-04 13:44:09,138 INFO: [mhc/mhc-I/human/HLA-A] page=26 offset=26000 n=1000
2026-03-04 13:44:51,092 INFO: [mhc/mhc-I/human/HLA-A] page=27 offset=27000 n=1000
2026-03-04 13:45:33,926 INFO: [mhc/mhc-I/human/HLA-A] page=28 offset=28000 n=1000
2026-03-04 13:46:17,674 INFO: [mhc/mhc-I/human/HLA-A] page=29 offset=29000 n=1000
2026-03-04 13:47:02,031 INFO: [mhc/mhc-I/human/HLA-A] page=30 offset=30000 n=1000
2026-03-04 13:47:49,875 INFO: [mhc/mhc-I/human/HLA-A] page=31 offset=31000 n=1000
2026-03-04 13:48:31,644 INFO: [mhc/mhc-I/human/HLA-A] page=32 offset=32000 n=1000
2026-03-04 13:49:13,600 INFO: [mhc/mhc-I/human/HLA-A] page=33 offset=33000 n=1000
2026-03-04 13:49:54,768 INFO: [mhc/mhc-I/human/HLA-A] page=34 offset=34000 n=1000
2026-03-04 13:50:36,629 INFO: [mhc/mhc-I/human/HLA-A] page=35 offset=35000 n=1000
2026-03-04 13:51:18,181 INFO: [mhc/mhc-I/human/HLA-A] page=36 offset=36000 n=1000
2026-03-04 13:51:59,605 INFO: [mhc/mhc-I/human/HLA-A] page=37 offset=37000 n=1000
2026-03-04 13:52:40,959 INFO: [mhc/mhc-I/human/HLA-A] page=38 offset=38000 n=1000
2026-03-04 13:53:22,283 INFO: [mhc/mhc-I/human/HLA-A] page=39 offset=39000 n=1000
2026-03-04 13:54:04,052 INFO: [mhc/mhc-I/human/HLA-A] page=40 offset=40000 n=1000
2026-03-04 13:54:45,196 INFO: [mhc/mhc-I/human/HLA-A] page=41 offset=41000 n=1000
2026-03-04 13:55:25,956 INFO: [mhc/mhc-I/human/HLA-A] page=42 offset=42000 n=1000
2026-03-04 13:56:06,857 INFO: [mhc/mhc-I/human/HLA-A] page=43 offset=43000 n=1000
2026-03-04 13:56:48,168 INFO: [mhc/mhc-I/human/HLA-A] page=44 offset=44000 n=1000
2026-03-04 13:57:29,711 INFO: [mhc/mhc-I/human/HLA-A] page=45 offset=45000 n=1000
2026-03-04 13:58:10,958 INFO: [mhc/mhc-I/human/HLA-A] page=46 offset=46000 n=1000
2026-03-04 13:58:52,502 INFO: [mhc/mhc-I/human/HLA-A] page=47 offset=47000 n=1000
2026-03-04 13:59:33,725 INFO: [mhc/mhc-I/human/HLA-A] page=48 offset=48000 n=1000
2026-03-04 14:00:15,494 INFO: [mhc/mhc-I/human/HLA-A] page=49 offset=49000 n=1000
2026-03-04 14:00:57,085 INFO: [mhc/mhc-I/human/HLA-A] page=50 offset=50000 n=1000
2026-03-04 14:01:38,369 INFO: [mhc/mhc-I/human/HLA-A] page=51 offset=51000 n=1000
2026-03-04 14:02:19,232 INFO: [mhc/mhc-I/human/HLA-A] page=52 offset=52000 n=1000
2026-03-04 14:03:00,704 INFO: [mhc/mhc-I/human/HLA-A] page=53 offset=53000 n=1000
2026-03-04 14:03:41,257 INFO: [mhc/mhc-I/human/HLA-A] page=54 offset=54000 n=1000
2026-03-04 14:04:21,730 INFO: [mhc/mhc-I/human/HLA-A] page=55 offset=55000 n=1000
2026-03-04 14:05:02,072 INFO: [mhc/mhc-I/human/HLA-A] page=56 offset=56000 n=1000
2026-03-04 14:05:43,396 INFO: [mhc/mhc-I/human/HLA-A] page=57 offset=57000 n=1000
2026-03-04 14:06:25,494 INFO: [mhc/mhc-I/human/HLA-A] page=58 offset=58000 n=1000
2026-03-04 14:07:06,279 INFO: [mhc/mhc-I/human/HLA-A] page=59 offset=59000 n=1000
2026-03-04 14:07:47,069 INFO: [mhc/mhc-I/human/HLA-A] page=60 offset=60000 n=1000
2026-03-04 14:08:27,882 INFO: [mhc/mhc-I/human/HLA-A] page=61 offset=61000 n=1000
2026-03-04 14:09:08,370 INFO: [mhc/mhc-I/human/HLA-A] page=62 offset=62000 n=1000
2026-03-04 14:09:48,809 INFO: [mhc/mhc-I/human/HLA-A] page=63 offset=63000 n=1000
2026-03-04 14:10:29,585 INFO: [mhc/mhc-I/human/HLA-A] page=64 offset=64000 n=1000
2026-03-04 14:11:11,374 INFO: [mhc/mhc-I/human/HLA-A] page=65 offset=65000 n=1000
2026-03-04 14:11:52,898 INFO: [mhc/mhc-I/human/HLA-A] page=66 offset=66000 n=1000
2026-03-04 14:12:34,504 INFO: [mhc/mhc-I/human/HLA-A] page=67 offset=67000 n=1000
2026-03-04 14:13:15,297 INFO: [mhc/mhc-I/human/HLA-A] page=68 offset=68000 n=1000
2026-03-04 14:13:56,280 INFO: [mhc/mhc-I/human/HLA-A] page=69 offset=69000 n=1000
2026-03-04 14:14:36,824 INFO: [mhc/mhc-I/human/HLA-A] page=70 offset=70000 n=1000
2026-03-04 14:15:17,267 INFO: [mhc/mhc-I/human/HLA-A] page=71 offset=71000 n=1000
2026-03-04 14:15:57,329 INFO: [mhc/mhc-I/human/HLA-A] page=72 offset=72000 n=1000
2026-03-04 14:16:37,701 INFO: [mhc/mhc-I/human/HLA-A] page=73 offset=73000 n=1000
2026-03-04 14:17:18,463 INFO: [mhc/mhc-I/human/HLA-A] page=74 offset=74000 n=1000
2026-03-04 14:17:59,162 INFO: [mhc/mhc-I/human/HLA-A] page=75 offset=75000 n=1000
2026-03-04 14:18:40,516 INFO: [mhc/mhc-I/human/HLA-A] page=76 offset=76000 n=1000
2026-03-04 14:19:21,863 INFO: [mhc/mhc-I/human/HLA-A] page=77 offset=77000 n=1000
2026-03-04 14:20:02,617 INFO: [mhc/mhc-I/human/HLA-A] page=78 offset=78000 n=1000
2026-03-04 14:20:44,860 INFO: [mhc/mhc-I/human/HLA-A] page=79 offset=79000 n=1000
2026-03-04 14:21:26,117 INFO: [mhc/mhc-I/human/HLA-A] page=80 offset=80000 n=1000
2026-03-04 14:22:08,182 INFO: [mhc/mhc-I/human/HLA-A] page=81 offset=81000 n=1000
2026-03-04 14:22:49,185 INFO: [mhc/mhc-I/human/HLA-A] page=82 offset=82000 n=1000
2026-03-04 14:23:29,733 INFO: [mhc/mhc-I/human/HLA-A] page=83 offset=83000 n=1000
2026-03-04 14:24:10,069 INFO: [mhc/mhc-I/human/HLA-A] page=84 offset=84000 n=1000
2026-03-04 14:24:50,393 INFO: [mhc/mhc-I/human/HLA-A] page=85 offset=85000 n=1000
2026-03-04 14:25:30,862 INFO: [mhc/mhc-I/human/HLA-A] page=86 offset=86000 n=1000
2026-03-04 14:26:12,229 INFO: [mhc/mhc-I/human/HLA-A] page=87 offset=87000 n=1000
2026-03-04 14:26:53,363 INFO: [mhc/mhc-I/human/HLA-A] page=88 offset=88000 n=1000
2026-03-04 14:27:34,666 INFO: [mhc/mhc-I/human/HLA-A] page=89 offset=89000 n=1000
2026-03-04 14:28:15,835 INFO: [mhc/mhc-I/human/HLA-A] page=90 offset=90000 n=1000
2026-03-04 14:28:56,585 INFO: [mhc/mhc-I/human/HLA-A] page=91 offset=91000 n=1000
2026-03-04 14:29:38,092 INFO: [mhc/mhc-I/human/HLA-A] page=92 offset=92000 n=1000
2026-03-04 14:30:19,068 INFO: [mhc/mhc-I/human/HLA-A] page=93 offset=93000 n=1000
2026-03-04 14:31:00,466 INFO: [mhc/mhc-I/human/HLA-A] page=94 offset=94000 n=1000
2026-03-04 14:31:41,818 INFO: [mhc/mhc-I/human/HLA-A] page=95 offset=95000 n=1000
2026-03-04 14:32:23,308 INFO: [mhc/mhc-I/human/HLA-A] page=96 offset=96000 n=1000
2026-03-04 14:33:04,421 INFO: [mhc/mhc-I/human/HLA-A] page=97 offset=97000 n=1000
2026-03-04 14:33:46,164 INFO: [mhc/mhc-I/human/HLA-A] page=98 offset=98000 n=1000
2026-03-04 14:34:27,041 INFO: [mhc/mhc-I/human/HLA-A] page=99 offset=99000 n=1000
2026-03-04 14:35:07,260 INFO: [mhc/mhc-I/human/HLA-A] page=100 offset=100000 n=1000
2026-03-04 14:35:47,955 INFO: [mhc/mhc-I/human/HLA-A] page=101 offset=101000 n=1000
2026-03-04 14:36:28,800 INFO: [mhc/mhc-I/human/HLA-A] page=102 offset=102000 n=1000
2026-03-04 14:37:09,672 INFO: [mhc/mhc-I/human/HLA-A] page=103 offset=103000 n=1000
2026-03-04 14:37:50,994 INFO: [mhc/mhc-I/human/HLA-A] page=104 offset=104000 n=1000
2026-03-04 14:38:31,911 INFO: [mhc/mhc-I/human/HLA-A] page=105 offset=105000 n=1000
2026-03-04 14:39:12,617 INFO: [mhc/mhc-I/human/HLA-A] page=106 offset=106000 n=1000
2026-03-04 14:39:52,671 INFO: [mhc/mhc-I/human/HLA-A] page=107 offset=107000 n=1000
2026-03-04 14:40:33,191 INFO: [mhc/mhc-I/human/HLA-A] page=108 offset=108000 n=1000
2026-03-04 14:41:13,572 INFO: [mhc/mhc-I/human/HLA-A] page=109 offset=109000 n=1000
2026-03-04 14:41:54,987 INFO: [mhc/mhc-I/human/HLA-A] page=110 offset=110000 n=1000
2026-03-04 14:42:35,446 INFO: [mhc/mhc-I/human/HLA-A] page=111 offset=111000 n=1000
2026-03-04 14:43:15,779 INFO: [mhc/mhc-I/human/HLA-A] page=112 offset=112000 n=1000
2026-03-04 14:43:56,830 INFO: [mhc/mhc-I/human/HLA-A] page=113 offset=113000 n=1000
2026-03-04 14:44:37,720 INFO: [mhc/mhc-I/human/HLA-A] page=114 offset=114000 n=1000
2026-03-04 14:45:18,740 INFO: [mhc/mhc-I/human/HLA-A] page=115 offset=115000 n=1000
2026-03-04 14:45:59,734 INFO: [mhc/mhc-I/human/HLA-A] page=116 offset=116000 n=1000
2026-03-04 14:46:40,251 INFO: [mhc/mhc-I/human/HLA-A] page=117 offset=117000 n=1000
2026-03-04 14:47:21,745 INFO: [mhc/mhc-I/human/HLA-A] page=118 offset=118000 n=1000
2026-03-04 14:48:02,862 INFO: [mhc/mhc-I/human/HLA-A] page=119 offset=119000 n=1000
2026-03-04 14:48:43,763 INFO: [mhc/mhc-I/human/HLA-A] page=120 offset=120000 n=1000
2026-03-04 14:49:29,113 INFO: [mhc/mhc-I/human/HLA-A] page=121 offset=121000 n=1000
2026-03-04 14:50:12,131 INFO: [mhc/mhc-I/human/HLA-A] page=122 offset=122000 n=1000
2026-03-04 14:50:55,310 INFO: [mhc/mhc-I/human/HLA-A] page=123 offset=123000 n=1000
2026-03-04 14:51:37,928 INFO: [mhc/mhc-I/human/HLA-A] page=124 offset=124000 n=1000
2026-03-04 14:52:20,383 INFO: [mhc/mhc-I/human/HLA-A] page=125 offset=125000 n=1000
2026-03-04 14:53:02,813 INFO: [mhc/mhc-I/human/HLA-A] page=126 offset=126000 n=1000
2026-03-04 14:53:44,905 INFO: [mhc/mhc-I/human/HLA-A] page=127 offset=127000 n=1000
2026-03-04 14:54:26,281 INFO: [mhc/mhc-I/human/HLA-A] page=128 offset=128000 n=1000
2026-03-04 14:55:08,189 INFO: [mhc/mhc-I/human/HLA-A] page=129 offset=129000 n=1000
2026-03-04 14:55:50,897 INFO: [mhc/mhc-I/human/HLA-A] page=130 offset=130000 n=1000
2026-03-04 14:56:32,621 INFO: [mhc/mhc-I/human/HLA-A] page=131 offset=131000 n=1000
2026-03-04 14:57:14,411 INFO: [mhc/mhc-I/human/HLA-A] page=132 offset=132000 n=1000
2026-03-04 14:57:56,291 INFO: [mhc/mhc-I/human/HLA-A] page=133 offset=133000 n=1000
2026-03-04 14:58:37,529 INFO: [mhc/mhc-I/human/HLA-A] page=134 offset=134000 n=1000
2026-03-04 14:59:18,764 INFO: [mhc/mhc-I/human/HLA-A] page=135 offset=135000 n=1000
2026-03-04 14:59:59,346 INFO: [mhc/mhc-I/human/HLA-A] page=136 offset=136000 n=1000
2026-03-04 15:00:41,126 INFO: [mhc/mhc-I/human/HLA-A] page=137 offset=137000 n=1000
2026-03-04 15:01:22,523 INFO: [mhc/mhc-I/human/HLA-A] page=138 offset=138000 n=1000
2026-03-04 15:02:04,320 INFO: [mhc/mhc-I/human/HLA-A] page=139 offset=139000 n=1000
2026-03-04 15:02:45,465 INFO: [mhc/mhc-I/human/HLA-A] page=140 offset=140000 n=1000
2026-03-04 15:03:26,414 INFO: [mhc/mhc-I/human/HLA-A] page=141 offset=141000 n=1000
2026-03-04 15:04:07,206 INFO: [mhc/mhc-I/human/HLA-A] page=142 offset=142000 n=1000
2026-03-04 15:04:48,085 INFO: [mhc/mhc-I/human/HLA-A] page=143 offset=143000 n=1000
2026-03-04 15:05:28,590 INFO: [mhc/mhc-I/human/HLA-A] page=144 offset=144000 n=1000
2026-03-04 15:06:10,237 INFO: [mhc/mhc-I/human/HLA-A] page=145 offset=145000 n=1000
2026-03-04 15:06:51,545 INFO: [mhc/mhc-I/human/HLA-A] page=146 offset=146000 n=1000
2026-03-04 15:07:32,068 INFO: [mhc/mhc-I/human/HLA-A] page=147 offset=147000 n=1000
2026-03-04 15:08:12,984 INFO: [mhc/mhc-I/human/HLA-A] page=148 offset=148000 n=1000
2026-03-04 15:08:54,261 INFO: [mhc/mhc-I/human/HLA-A] page=149 offset=149000 n=1000
2026-03-04 15:09:34,416 INFO: [mhc/mhc-I/human/HLA-A] page=150 offset=150000 n=1000
2026-03-04 15:10:14,460 INFO: [mhc/mhc-I/human/HLA-A] page=151 offset=151000 n=1000
2026-03-04 15:10:55,495 INFO: [mhc/mhc-I/human/HLA-A] page=152 offset=152000 n=1000
2026-03-04 15:11:36,192 INFO: [mhc/mhc-I/human/HLA-A] page=153 offset=153000 n=1000
2026-03-04 15:12:17,148 INFO: [mhc/mhc-I/human/HLA-A] page=154 offset=154000 n=1000
2026-03-04 15:12:58,179 INFO: [mhc/mhc-I/human/HLA-A] page=155 offset=155000 n=1000
2026-03-04 15:13:39,245 INFO: [mhc/mhc-I/human/HLA-A] page=156 offset=156000 n=1000
2026-03-04 15:14:19,289 INFO: [mhc/mhc-I/human/HLA-A] page=157 offset=157000 n=1000
2026-03-04 15:14:59,601 INFO: [mhc/mhc-I/human/HLA-A] page=158 offset=158000 n=1000
2026-03-04 15:15:40,747 INFO: [mhc/mhc-I/human/HLA-A] page=159 offset=159000 n=1000
2026-03-04 15:16:21,594 INFO: [mhc/mhc-I/human/HLA-A] page=160 offset=160000 n=1000
2026-03-04 15:17:02,125 INFO: [mhc/mhc-I/human/HLA-A] page=161 offset=161000 n=1000
2026-03-04 15:17:42,915 INFO: [mhc/mhc-I/human/HLA-A] page=162 offset=162000 n=1000
2026-03-04 15:18:23,729 INFO: [mhc/mhc-I/human/HLA-A] page=163 offset=163000 n=1000
2026-03-04 15:19:04,352 INFO: [mhc/mhc-I/human/HLA-A] page=164 offset=164000 n=1000
2026-03-04 15:19:45,890 INFO: [mhc/mhc-I/human/HLA-A] page=165 offset=165000 n=1000
2026-03-04 15:20:27,332 INFO: [mhc/mhc-I/human/HLA-A] page=166 offset=166000 n=1000
2026-03-04 15:21:08,976 INFO: [mhc/mhc-I/human/HLA-A] page=167 offset=167000 n=1000
2026-03-04 15:21:50,926 INFO: [mhc/mhc-I/human/HLA-A] page=168 offset=168000 n=1000
2026-03-04 15:22:32,600 INFO: [mhc/mhc-I/human/HLA-A] page=169 offset=169000 n=1000
2026-03-04 15:23:14,442 INFO: [mhc/mhc-I/human/HLA-A] page=170 offset=170000 n=1000
2026-03-04 15:23:56,181 INFO: [mhc/mhc-I/human/HLA-A] page=171 offset=171000 n=1000
2026-03-04 15:24:37,230 INFO: [mhc/mhc-I/human/HLA-A] page=172 offset=172000 n=1000
2026-03-04 15:25:18,608 INFO: [mhc/mhc-I/human/HLA-A] page=173 offset=173000 n=1000
2026-03-04 15:26:00,235 INFO: [mhc/mhc-I/human/HLA-A] page=174 offset=174000 n=1000
2026-03-04 15:26:41,126 INFO: [mhc/mhc-I/human/HLA-A] page=175 offset=175000 n=1000
2026-03-04 15:27:22,499 INFO: [mhc/mhc-I/human/HLA-A] page=176 offset=176000 n=1000
2026-03-04 15:28:03,923 INFO: [mhc/mhc-I/human/HLA-A] page=177 offset=177000 n=1000
2026-03-04 15:28:45,647 INFO: [mhc/mhc-I/human/HLA-A] page=178 offset=178000 n=1000
2026-03-04 15:29:26,694 INFO: [mhc/mhc-I/human/HLA-A] page=179 offset=179000 n=1000
2026-03-04 15:30:06,859 INFO: [mhc/mhc-I/human/HLA-A] page=180 offset=180000 n=1000
2026-03-04 15:30:47,494 INFO: [mhc/mhc-I/human/HLA-A] page=181 offset=181000 n=1000
2026-03-04 15:31:27,781 INFO: [mhc/mhc-I/human/HLA-A] page=182 offset=182000 n=1000
2026-03-04 15:32:08,511 INFO: [mhc/mhc-I/human/HLA-A] page=183 offset=183000 n=1000
2026-03-04 15:32:49,374 INFO: [mhc/mhc-I/human/HLA-A] page=184 offset=184000 n=1000
2026-03-04 15:33:30,119 INFO: [mhc/mhc-I/human/HLA-A] page=185 offset=185000 n=1000
2026-03-04 15:34:10,797 INFO: [mhc/mhc-I/human/HLA-A] page=186 offset=186000 n=1000
2026-03-04 15:34:51,750 INFO: [mhc/mhc-I/human/HLA-A] page=187 offset=187000 n=1000
2026-03-04 15:35:32,760 INFO: [mhc/mhc-I/human/HLA-A] page=188 offset=188000 n=1000
2026-03-04 15:36:14,169 INFO: [mhc/mhc-I/human/HLA-A] page=189 offset=189000 n=1000
2026-03-04 15:36:55,288 INFO: [mhc/mhc-I/human/HLA-A] page=190 offset=190000 n=1000
2026-03-04 15:37:36,213 INFO: [mhc/mhc-I/human/HLA-A] page=191 offset=191000 n=1000
2026-03-04 15:38:17,832 INFO: [mhc/mhc-I/human/HLA-A] page=192 offset=192000 n=1000
2026-03-04 15:38:59,786 INFO: [mhc/mhc-I/human/HLA-A] page=193 offset=193000 n=1000
2026-03-04 15:39:41,282 INFO: [mhc/mhc-I/human/HLA-A] page=194 offset=194000 n=1000
2026-03-04 15:40:22,948 INFO: [mhc/mhc-I/human/HLA-A] page=195 offset=195000 n=1000
2026-03-04 15:41:03,979 INFO: [mhc/mhc-I/human/HLA-A] page=196 offset=196000 n=1000
2026-03-04 15:41:44,647 INFO: [mhc/mhc-I/human/HLA-A] page=197 offset=197000 n=1000
2026-03-04 15:42:24,846 INFO: [mhc/mhc-I/human/HLA-A] page=198 offset=198000 n=1000
2026-03-04 15:43:05,451 INFO: [mhc/mhc-I/human/HLA-A] page=199 offset=199000 n=1000
2026-03-04 15:43:46,046 INFO: [mhc/mhc-I/human/HLA-A] page=200 offset=200000 n=1000
2026-03-04 15:44:26,653 INFO: [mhc/mhc-I/human/HLA-A] page=201 offset=201000 n=1000
2026-03-04 15:45:08,093 INFO: [mhc/mhc-I/human/HLA-A] page=202 offset=202000 n=1000
2026-03-04 15:45:49,463 INFO: [mhc/mhc-I/human/HLA-A] page=203 offset=203000 n=1000
2026-03-04 15:46:30,364 INFO: [mhc/mhc-I/human/HLA-A] page=204 offset=204000 n=1000
2026-03-04 15:47:12,070 INFO: [mhc/mhc-I/human/HLA-A] page=205 offset=205000 n=1000
2026-03-04 15:47:53,134 INFO: [mhc/mhc-I/human/HLA-A] page=206 offset=206000 n=1000
2026-03-04 15:48:34,173 INFO: [mhc/mhc-I/human/HLA-A] page=207 offset=207000 n=1000
2026-03-04 15:49:15,126 INFO: [mhc/mhc-I/human/HLA-A] page=208 offset=208000 n=1000
2026-03-04 15:49:55,999 INFO: [mhc/mhc-I/human/HLA-A] page=209 offset=209000 n=1000
2026-03-04 15:50:36,305 INFO: [mhc/mhc-I/human/HLA-A] page=210 offset=210000 n=1000
2026-03-04 15:51:16,744 INFO: [mhc/mhc-I/human/HLA-A] page=211 offset=211000 n=1000
2026-03-04 15:51:57,411 INFO: [mhc/mhc-I/human/HLA-A] page=212 offset=212000 n=1000
2026-03-04 15:52:37,963 INFO: [mhc/mhc-I/human/HLA-A] page=213 offset=213000 n=1000
2026-03-04 15:53:17,747 INFO: [mhc/mhc-I/human/HLA-A] page=214 offset=214000 n=1000
2026-03-04 15:53:58,617 INFO: [mhc/mhc-I/human/HLA-A] page=215 offset=215000 n=1000
2026-03-04 15:54:40,483 INFO: [mhc/mhc-I/human/HLA-A] page=216 offset=216000 n=1000
2026-03-04 15:55:21,845 INFO: [mhc/mhc-I/human/HLA-A] page=217 offset=217000 n=1000
2026-03-04 15:56:03,382 INFO: [mhc/mhc-I/human/HLA-A] page=218 offset=218000 n=1000
2026-03-04 15:56:44,817 INFO: [mhc/mhc-I/human/HLA-A] page=219 offset=219000 n=1000
2026-03-04 15:57:25,443 INFO: [mhc/mhc-I/human/HLA-A] page=220 offset=220000 n=1000
2026-03-04 15:58:06,106 INFO: [mhc/mhc-I/human/HLA-A] page=221 offset=221000 n=1000
2026-03-04 15:58:48,670 INFO: [mhc/mhc-I/human/HLA-A] page=222 offset=222000 n=1000
2026-03-04 15:59:30,229 INFO: [mhc/mhc-I/human/HLA-A] page=223 offset=223000 n=1000
2026-03-04 16:00:12,763 INFO: [mhc/mhc-I/human/HLA-A] page=224 offset=224000 n=1000
2026-03-04 16:00:54,361 INFO: [mhc/mhc-I/human/HLA-A] page=225 offset=225000 n=1000
2026-03-04 16:01:35,024 INFO: [mhc/mhc-I/human/HLA-A] page=226 offset=226000 n=1000
2026-03-04 16:02:16,439 INFO: [mhc/mhc-I/human/HLA-A] page=227 offset=227000 n=1000
2026-03-04 16:02:57,453 INFO: [mhc/mhc-I/human/HLA-A] page=228 offset=228000 n=1000
2026-03-04 16:03:38,378 INFO: [mhc/mhc-I/human/HLA-A] page=229 offset=229000 n=1000
2026-03-04 16:04:19,172 INFO: [mhc/mhc-I/human/HLA-A] page=230 offset=230000 n=1000
2026-03-04 16:04:59,396 INFO: [mhc/mhc-I/human/HLA-A] page=231 offset=231000 n=1000
2026-03-04 16:05:40,272 INFO: [mhc/mhc-I/human/HLA-A] page=232 offset=232000 n=1000
2026-03-04 16:06:22,114 INFO: [mhc/mhc-I/human/HLA-A] page=233 offset=233000 n=1000
2026-03-04 16:07:03,953 INFO: [mhc/mhc-I/human/HLA-A] page=234 offset=234000 n=1000
2026-03-04 16:07:45,240 INFO: [mhc/mhc-I/human/HLA-A] page=235 offset=235000 n=1000
2026-03-04 16:08:26,472 INFO: [mhc/mhc-I/human/HLA-A] page=236 offset=236000 n=1000
2026-03-04 16:09:07,918 INFO: [mhc/mhc-I/human/HLA-A] page=237 offset=237000 n=1000
2026-03-04 16:09:48,869 INFO: [mhc/mhc-I/human/HLA-A] page=238 offset=238000 n=1000
2026-03-04 16:10:29,854 INFO: [mhc/mhc-I/human/HLA-A] page=239 offset=239000 n=1000
2026-03-04 16:11:10,414 INFO: [mhc/mhc-I/human/HLA-A] page=240 offset=240000 n=1000
2026-03-04 16:11:51,186 INFO: [mhc/mhc-I/human/HLA-A] page=241 offset=241000 n=1000
2026-03-04 16:12:32,115 INFO: [mhc/mhc-I/human/HLA-A] page=242 offset=242000 n=1000
2026-03-04 16:13:13,449 INFO: [mhc/mhc-I/human/HLA-A] page=243 offset=243000 n=1000
2026-03-04 16:13:53,976 INFO: [mhc/mhc-I/human/HLA-A] page=244 offset=244000 n=1000
2026-03-04 16:14:34,927 INFO: [mhc/mhc-I/human/HLA-A] page=245 offset=245000 n=1000
2026-03-04 16:15:16,196 INFO: [mhc/mhc-I/human/HLA-A] page=246 offset=246000 n=1000
2026-03-04 16:15:57,322 INFO: [mhc/mhc-I/human/HLA-A] page=247 offset=247000 n=1000
2026-03-04 16:16:38,152 INFO: [mhc/mhc-I/human/HLA-A] page=248 offset=248000 n=1000
2026-03-04 16:17:19,017 INFO: [mhc/mhc-I/human/HLA-A] page=249 offset=249000 n=1000
2026-03-04 16:17:59,830 INFO: [mhc/mhc-I/human/HLA-A] page=250 offset=250000 n=1000
2026-03-04 16:18:40,712 INFO: [mhc/mhc-I/human/HLA-A] page=251 offset=251000 n=1000
2026-03-04 16:19:21,005 INFO: [mhc/mhc-I/human/HLA-A] page=252 offset=252000 n=1000
2026-03-04 16:20:01,147 INFO: [mhc/mhc-I/human/HLA-A] page=253 offset=253000 n=1000
2026-03-04 16:20:42,425 INFO: [mhc/mhc-I/human/HLA-A] page=254 offset=254000 n=1000
2026-03-04 16:21:22,698 INFO: [mhc/mhc-I/human/HLA-A] page=255 offset=255000 n=1000
2026-03-04 16:22:04,098 INFO: [mhc/mhc-I/human/HLA-A] page=256 offset=256000 n=1000
2026-03-04 16:22:45,147 INFO: [mhc/mhc-I/human/HLA-A] page=257 offset=257000 n=1000
2026-03-04 16:23:25,766 INFO: [mhc/mhc-I/human/HLA-A] page=258 offset=258000 n=1000
2026-03-04 16:24:07,445 INFO: [mhc/mhc-I/human/HLA-A] page=259 offset=259000 n=1000
2026-03-04 16:24:46,896 INFO: [mhc/mhc-I/human/HLA-A] page=260 offset=260000 n=1000
2026-03-04 16:25:28,117 INFO: [mhc/mhc-I/human/HLA-A] page=261 offset=261000 n=1000
2026-03-04 16:26:08,980 INFO: [mhc/mhc-I/human/HLA-A] page=262 offset=262000 n=1000
2026-03-04 16:26:49,491 INFO: [mhc/mhc-I/human/HLA-A] page=263 offset=263000 n=1000
2026-03-04 16:27:29,981 INFO: [mhc/mhc-I/human/HLA-A] page=264 offset=264000 n=1000
2026-03-04 16:28:11,347 INFO: [mhc/mhc-I/human/HLA-A] page=265 offset=265000 n=1000
2026-03-04 16:28:52,402 INFO: [mhc/mhc-I/human/HLA-A] page=266 offset=266000 n=1000
2026-03-04 16:29:33,063 INFO: [mhc/mhc-I/human/HLA-A] page=267 offset=267000 n=1000
2026-03-04 16:30:13,923 INFO: [mhc/mhc-I/human/HLA-A] page=268 offset=268000 n=1000
2026-03-04 16:30:54,126 INFO: [mhc/mhc-I/human/HLA-A] page=269 offset=269000 n=1000
2026-03-04 16:31:34,742 INFO: [mhc/mhc-I/human/HLA-A] page=270 offset=270000 n=1000
2026-03-04 16:32:15,143 INFO: [mhc/mhc-I/human/HLA-A] page=271 offset=271000 n=1000
2026-03-04 16:32:55,538 INFO: [mhc/mhc-I/human/HLA-A] page=272 offset=272000 n=1000
2026-03-04 16:33:36,029 INFO: [mhc/mhc-I/human/HLA-A] page=273 offset=273000 n=1000
2026-03-04 16:34:17,570 INFO: [mhc/mhc-I/human/HLA-A] page=274 offset=274000 n=1000
2026-03-04 16:34:58,690 INFO: [mhc/mhc-I/human/HLA-A] page=275 offset=275000 n=1000
2026-03-04 16:35:40,117 INFO: [mhc/mhc-I/human/HLA-A] page=276 offset=276000 n=1000
2026-03-04 16:36:20,955 INFO: [mhc/mhc-I/human/HLA-A] page=277 offset=277000 n=1000
2026-03-04 16:37:02,421 INFO: [mhc/mhc-I/human/HLA-A] page=278 offset=278000 n=1000
2026-03-04 16:37:43,250 INFO: [mhc/mhc-I/human/HLA-A] page=279 offset=279000 n=1000
2026-03-04 16:38:24,083 INFO: [mhc/mhc-I/human/HLA-A] page=280 offset=280000 n=1000
2026-03-04 16:39:05,109 INFO: [mhc/mhc-I/human/HLA-A] page=281 offset=281000 n=1000
2026-03-04 16:39:45,439 INFO: [mhc/mhc-I/human/HLA-A] page=282 offset=282000 n=1000
2026-03-04 16:40:26,560 INFO: [mhc/mhc-I/human/HLA-A] page=283 offset=283000 n=1000
2026-03-04 16:41:07,744 INFO: [mhc/mhc-I/human/HLA-A] page=284 offset=284000 n=1000
2026-03-04 16:41:48,661 INFO: [mhc/mhc-I/human/HLA-A] page=285 offset=285000 n=1000
2026-03-04 16:42:29,130 INFO: [mhc/mhc-I/human/HLA-A] page=286 offset=286000 n=1000
2026-03-04 16:43:10,096 INFO: [mhc/mhc-I/human/HLA-A] page=287 offset=287000 n=1000
2026-03-04 16:43:50,803 INFO: [mhc/mhc-I/human/HLA-A] page=288 offset=288000 n=1000
2026-03-04 16:44:31,709 INFO: [mhc/mhc-I/human/HLA-A] page=289 offset=289000 n=1000
2026-03-04 16:45:12,523 INFO: [mhc/mhc-I/human/HLA-A] page=290 offset=290000 n=1000
2026-03-04 16:45:53,415 INFO: [mhc/mhc-I/human/HLA-A] page=291 offset=291000 n=1000
2026-03-04 16:46:34,108 INFO: [mhc/mhc-I/human/HLA-A] page=292 offset=292000 n=1000
2026-03-04 16:47:14,690 INFO: [mhc/mhc-I/human/HLA-A] page=293 offset=293000 n=1000
2026-03-04 16:47:56,361 INFO: [mhc/mhc-I/human/HLA-A] page=294 offset=294000 n=1000
2026-03-04 16:48:37,511 INFO: [mhc/mhc-I/human/HLA-A] page=295 offset=295000 n=1000
2026-03-04 16:49:18,115 INFO: [mhc/mhc-I/human/HLA-A] page=296 offset=296000 n=1000
2026-03-04 16:49:58,925 INFO: [mhc/mhc-I/human/HLA-A] page=297 offset=297000 n=1000
2026-03-04 16:50:39,361 INFO: [mhc/mhc-I/human/HLA-A] page=298 offset=298000 n=1000
2026-03-04 16:51:19,932 INFO: [mhc/mhc-I/human/HLA-A] page=299 offset=299000 n=1000
2026-03-04 16:52:00,836 INFO: [mhc/mhc-I/human/HLA-A] page=300 offset=300000 n=1000
2026-03-04 16:52:41,663 INFO: [mhc/mhc-I/human/HLA-A] page=301 offset=301000 n=1000
2026-03-04 16:53:21,906 INFO: [mhc/mhc-I/human/HLA-A] page=302 offset=302000 n=1000
2026-03-04 16:54:02,336 INFO: [mhc/mhc-I/human/HLA-A] page=303 offset=303000 n=1000
2026-03-04 16:54:43,185 INFO: [mhc/mhc-I/human/HLA-A] page=304 offset=304000 n=1000
2026-03-04 16:55:24,160 INFO: [mhc/mhc-I/human/HLA-A] page=305 offset=305000 n=1000
2026-03-04 16:56:04,927 INFO: [mhc/mhc-I/human/HLA-A] page=306 offset=306000 n=1000
2026-03-04 16:56:45,773 INFO: [mhc/mhc-I/human/HLA-A] page=307 offset=307000 n=1000
2026-03-04 16:57:26,149 INFO: [mhc/mhc-I/human/HLA-A] page=308 offset=308000 n=1000
2026-03-04 16:58:06,741 INFO: [mhc/mhc-I/human/HLA-A] page=309 offset=309000 n=1000
2026-03-04 16:58:46,910 INFO: [mhc/mhc-I/human/HLA-A] page=310 offset=310000 n=1000
2026-03-04 16:59:28,000 INFO: [mhc/mhc-I/human/HLA-A] page=311 offset=311000 n=1000
2026-03-04 17:00:09,708 INFO: [mhc/mhc-I/human/HLA-A] page=312 offset=312000 n=1000
2026-03-04 17:00:51,984 INFO: [mhc/mhc-I/human/HLA-A] page=313 offset=313000 n=1000
2026-03-04 17:01:33,696 INFO: [mhc/mhc-I/human/HLA-A] page=314 offset=314000 n=1000
2026-03-04 17:02:15,709 INFO: [mhc/mhc-I/human/HLA-A] page=315 offset=315000 n=1000
2026-03-04 17:02:58,662 INFO: [mhc/mhc-I/human/HLA-A] page=316 offset=316000 n=1000
2026-03-04 17:03:40,863 INFO: [mhc/mhc-I/human/HLA-A] page=317 offset=317000 n=1000
2026-03-04 17:04:22,023 INFO: [mhc/mhc-I/human/HLA-A] page=318 offset=318000 n=1000
2026-03-04 17:05:02,581 INFO: [mhc/mhc-I/human/HLA-A] page=319 offset=319000 n=1000
2026-03-04 17:05:44,652 INFO: [mhc/mhc-I/human/HLA-A] page=320 offset=320000 n=1000
2026-03-04 17:06:26,644 INFO: [mhc/mhc-I/human/HLA-A] page=321 offset=321000 n=1000
2026-03-04 17:07:06,609 INFO: [mhc/mhc-I/human/HLA-A] page=322 offset=322000 n=1000
2026-03-04 17:07:49,096 INFO: [mhc/mhc-I/human/HLA-A] page=323 offset=323000 n=1000
2026-03-04 17:08:30,384 INFO: [mhc/mhc-I/human/HLA-A] page=324 offset=324000 n=1000
2026-03-04 17:09:11,436 INFO: [mhc/mhc-I/human/HLA-A] page=325 offset=325000 n=1000
2026-03-04 17:09:52,150 INFO: [mhc/mhc-I/human/HLA-A] page=326 offset=326000 n=1000
2026-03-04 17:10:32,987 INFO: [mhc/mhc-I/human/HLA-A] page=327 offset=327000 n=1000
2026-03-04 17:11:14,326 INFO: [mhc/mhc-I/human/HLA-A] page=328 offset=328000 n=1000
2026-03-04 17:11:55,203 INFO: [mhc/mhc-I/human/HLA-A] page=329 offset=329000 n=1000
2026-03-04 17:12:39,049 INFO: [mhc/mhc-I/human/HLA-A] page=330 offset=330000 n=1000
2026-03-04 17:13:19,836 INFO: [mhc/mhc-I/human/HLA-A] page=331 offset=331000 n=1000
2026-03-04 17:14:00,565 INFO: [mhc/mhc-I/human/HLA-A] page=332 offset=332000 n=1000
2026-03-04 17:14:40,870 INFO: [mhc/mhc-I/human/HLA-A] page=333 offset=333000 n=1000
2026-03-04 17:15:21,767 INFO: [mhc/mhc-I/human/HLA-A] page=334 offset=334000 n=1000
2026-03-04 17:16:03,004 INFO: [mhc/mhc-I/human/HLA-A] page=335 offset=335000 n=1000
2026-03-04 17:16:43,636 INFO: [mhc/mhc-I/human/HLA-A] page=336 offset=336000 n=1000
2026-03-04 17:17:24,334 INFO: [mhc/mhc-I/human/HLA-A] page=337 offset=337000 n=1000
2026-03-04 17:18:05,380 INFO: [mhc/mhc-I/human/HLA-A] page=338 offset=338000 n=1000
2026-03-04 17:18:46,848 INFO: [mhc/mhc-I/human/HLA-A] page=339 offset=339000 n=1000
2026-03-04 17:19:27,459 INFO: [mhc/mhc-I/human/HLA-A] page=340 offset=340000 n=1000
2026-03-04 17:20:08,668 INFO: [mhc/mhc-I/human/HLA-A] page=341 offset=341000 n=1000
2026-03-04 17:20:48,593 INFO: [mhc/mhc-I/human/HLA-A] page=342 offset=342000 n=1000
2026-03-04 17:21:28,598 INFO: [mhc/mhc-I/human/HLA-A] page=343 offset=343000 n=1000
2026-03-04 17:22:09,679 INFO: [mhc/mhc-I/human/HLA-A] page=344 offset=344000 n=1000
2026-03-04 17:22:50,554 INFO: [mhc/mhc-I/human/HLA-A] page=345 offset=345000 n=1000
2026-03-04 17:23:31,394 INFO: [mhc/mhc-I/human/HLA-A] page=346 offset=346000 n=1000
2026-03-04 17:24:13,020 INFO: [mhc/mhc-I/human/HLA-A] page=347 offset=347000 n=1000
2026-03-04 17:24:54,336 INFO: [mhc/mhc-I/human/HLA-A] page=348 offset=348000 n=1000
2026-03-04 17:25:35,160 INFO: [mhc/mhc-I/human/HLA-A] page=349 offset=349000 n=1000
2026-03-04 17:26:16,134 INFO: [mhc/mhc-I/human/HLA-A] page=350 offset=350000 n=1000
2026-03-04 17:26:57,692 INFO: [mhc/mhc-I/human/HLA-A] page=351 offset=351000 n=1000
2026-03-04 17:27:38,550 INFO: [mhc/mhc-I/human/HLA-A] page=352 offset=352000 n=1000
2026-03-04 17:28:19,276 INFO: [mhc/mhc-I/human/HLA-A] page=353 offset=353000 n=1000
2026-03-04 17:29:00,659 INFO: [mhc/mhc-I/human/HLA-A] page=354 offset=354000 n=1000
2026-03-04 17:29:43,404 INFO: [mhc/mhc-I/human/HLA-A] page=355 offset=355000 n=1000
2026-03-04 17:30:24,447 INFO: [mhc/mhc-I/human/HLA-A] page=356 offset=356000 n=1000
2026-03-04 17:31:05,001 INFO: [mhc/mhc-I/human/HLA-A] page=357 offset=357000 n=1000
2026-03-04 17:31:45,741 INFO: [mhc/mhc-I/human/HLA-A] page=358 offset=358000 n=1000
2026-03-04 17:32:26,963 INFO: [mhc/mhc-I/human/HLA-A] page=359 offset=359000 n=1000
2026-03-04 17:33:07,436 INFO: [mhc/mhc-I/human/HLA-A] page=360 offset=360000 n=1000
2026-03-04 17:33:47,515 INFO: [mhc/mhc-I/human/HLA-A] page=361 offset=361000 n=1000
2026-03-04 17:34:28,466 INFO: [mhc/mhc-I/human/HLA-A] page=362 offset=362000 n=1000
2026-03-04 17:35:08,779 INFO: [mhc/mhc-I/human/HLA-A] page=363 offset=363000 n=1000
2026-03-04 17:35:49,799 INFO: [mhc/mhc-I/human/HLA-A] page=364 offset=364000 n=1000
2026-03-04 17:36:30,072 INFO: [mhc/mhc-I/human/HLA-A] page=365 offset=365000 n=1000
2026-03-04 17:37:11,562 INFO: [mhc/mhc-I/human/HLA-A] page=366 offset=366000 n=1000
2026-03-04 17:37:52,534 INFO: [mhc/mhc-I/human/HLA-A] page=367 offset=367000 n=1000
2026-03-04 17:38:33,039 INFO: [mhc/mhc-I/human/HLA-A] page=368 offset=368000 n=1000
2026-03-04 17:39:13,565 INFO: [mhc/mhc-I/human/HLA-A] page=369 offset=369000 n=1000
2026-03-04 17:39:53,725 INFO: [mhc/mhc-I/human/HLA-A] page=370 offset=370000 n=1000
2026-03-04 17:40:34,026 INFO: [mhc/mhc-I/human/HLA-A] page=371 offset=371000 n=1000
2026-03-04 17:41:15,357 INFO: [mhc/mhc-I/human/HLA-A] page=372 offset=372000 n=1000
2026-03-04 17:41:56,435 INFO: [mhc/mhc-I/human/HLA-A] page=373 offset=373000 n=1000
2026-03-04 17:42:36,935 INFO: [mhc/mhc-I/human/HLA-A] page=374 offset=374000 n=1000
2026-03-04 17:43:19,012 INFO: [mhc/mhc-I/human/HLA-A] page=375 offset=375000 n=1000
2026-03-04 17:43:59,559 INFO: [mhc/mhc-I/human/HLA-A] page=376 offset=376000 n=1000
2026-03-04 17:44:39,904 INFO: [mhc/mhc-I/human/HLA-A] page=377 offset=377000 n=1000
2026-03-04 17:45:20,470 INFO: [mhc/mhc-I/human/HLA-A] page=378 offset=378000 n=1000
2026-03-04 17:46:01,218 INFO: [mhc/mhc-I/human/HLA-A] page=379 offset=379000 n=1000
2026-03-04 17:46:42,657 INFO: [mhc/mhc-I/human/HLA-A] page=380 offset=380000 n=1000
2026-03-04 17:47:22,854 INFO: [mhc/mhc-I/human/HLA-A] page=381 offset=381000 n=1000
2026-03-04 17:48:03,493 INFO: [mhc/mhc-I/human/HLA-A] page=382 offset=382000 n=1000
2026-03-04 17:48:44,919 INFO: [mhc/mhc-I/human/HLA-A] page=383 offset=383000 n=1000
2026-03-04 17:49:26,637 INFO: [mhc/mhc-I/human/HLA-A] page=384 offset=384000 n=1000
2026-03-04 17:50:09,311 INFO: [mhc/mhc-I/human/HLA-A] page=385 offset=385000 n=1000
2026-03-04 17:50:50,592 INFO: [mhc/mhc-I/human/HLA-A] page=386 offset=386000 n=1000
2026-03-04 17:51:30,908 INFO: [mhc/mhc-I/human/HLA-A] page=387 offset=387000 n=1000
2026-03-04 17:52:12,367 INFO: [mhc/mhc-I/human/HLA-A] page=388 offset=388000 n=1000
2026-03-04 17:52:53,155 INFO: [mhc/mhc-I/human/HLA-A] page=389 offset=389000 n=1000
2026-03-04 17:53:33,783 INFO: [mhc/mhc-I/human/HLA-A] page=390 offset=390000 n=1000
2026-03-04 17:54:14,153 INFO: [mhc/mhc-I/human/HLA-A] page=391 offset=391000 n=1000
2026-03-04 17:54:54,623 INFO: [mhc/mhc-I/human/HLA-A] page=392 offset=392000 n=1000
2026-03-04 17:55:34,901 INFO: [mhc/mhc-I/human/HLA-A] page=393 offset=393000 n=1000
2026-03-04 17:56:15,292 INFO: [mhc/mhc-I/human/HLA-A] page=394 offset=394000 n=1000
2026-03-04 17:56:55,799 INFO: [mhc/mhc-I/human/HLA-A] page=395 offset=395000 n=1000
2026-03-04 17:57:36,877 INFO: [mhc/mhc-I/human/HLA-A] page=396 offset=396000 n=1000
2026-03-04 17:58:18,212 INFO: [mhc/mhc-I/human/HLA-A] page=397 offset=397000 n=1000
2026-03-04 17:58:59,396 INFO: [mhc/mhc-I/human/HLA-A] page=398 offset=398000 n=1000
2026-03-04 17:59:40,344 INFO: [mhc/mhc-I/human/HLA-A] page=399 offset=399000 n=1000
2026-03-04 18:00:21,620 INFO: [mhc/mhc-I/human/HLA-A] page=400 offset=400000 n=1000
2026-03-04 18:01:02,501 INFO: [mhc/mhc-I/human/HLA-A] page=401 offset=401000 n=1000
2026-03-04 18:01:44,065 INFO: [mhc/mhc-I/human/HLA-A] page=402 offset=402000 n=1000
2026-03-04 18:02:25,979 INFO: [mhc/mhc-I/human/HLA-A] page=403 offset=403000 n=1000
2026-03-04 18:03:08,398 INFO: [mhc/mhc-I/human/HLA-A] page=404 offset=404000 n=1000
2026-03-04 18:03:50,451 INFO: [mhc/mhc-I/human/HLA-A] page=405 offset=405000 n=1000
2026-03-04 18:04:32,851 INFO: [mhc/mhc-I/human/HLA-A] page=406 offset=406000 n=1000
2026-03-04 18:05:15,502 INFO: [mhc/mhc-I/human/HLA-A] page=407 offset=407000 n=1000
2026-03-04 18:05:59,224 INFO: [mhc/mhc-I/human/HLA-A] page=408 offset=408000 n=1000
2026-03-04 18:06:44,102 INFO: [mhc/mhc-I/human/HLA-A] page=409 offset=409000 n=1000
2026-03-04 18:07:27,510 INFO: [mhc/mhc-I/human/HLA-A] page=410 offset=410000 n=1000
2026-03-04 18:08:12,008 INFO: [mhc/mhc-I/human/HLA-A] page=411 offset=411000 n=1000
2026-03-04 18:08:54,868 INFO: [mhc/mhc-I/human/HLA-A] page=412 offset=412000 n=1000
2026-03-04 18:09:37,413 INFO: [mhc/mhc-I/human/HLA-A] page=413 offset=413000 n=1000
2026-03-04 18:10:20,438 INFO: [mhc/mhc-I/human/HLA-A] page=414 offset=414000 n=1000
2026-03-04 18:11:02,949 INFO: [mhc/mhc-I/human/HLA-A] page=415 offset=415000 n=1000
2026-03-04 18:11:45,842 INFO: [mhc/mhc-I/human/HLA-A] page=416 offset=416000 n=1000
2026-03-04 18:12:28,866 INFO: [mhc/mhc-I/human/HLA-A] page=417 offset=417000 n=1000
2026-03-04 18:13:11,217 INFO: [mhc/mhc-I/human/HLA-A] page=418 offset=418000 n=1000
2026-03-04 18:13:54,740 INFO: [mhc/mhc-I/human/HLA-A] page=419 offset=419000 n=1000
2026-03-04 18:14:36,731 INFO: [mhc/mhc-I/human/HLA-A] page=420 offset=420000 n=1000
2026-03-04 18:15:18,121 INFO: [mhc/mhc-I/human/HLA-A] page=421 offset=421000 n=1000
2026-03-04 18:15:59,668 INFO: [mhc/mhc-I/human/HLA-A] page=422 offset=422000 n=1000
2026-03-04 18:16:42,246 INFO: [mhc/mhc-I/human/HLA-A] page=423 offset=423000 n=1000
2026-03-04 18:17:25,045 INFO: [mhc/mhc-I/human/HLA-A] page=424 offset=424000 n=1000
2026-03-04 18:18:07,404 INFO: [mhc/mhc-I/human/HLA-A] page=425 offset=425000 n=1000
2026-03-04 18:18:49,503 INFO: [mhc/mhc-I/human/HLA-A] page=426 offset=426000 n=1000
2026-03-04 18:19:31,127 INFO: [mhc/mhc-I/human/HLA-A] page=427 offset=427000 n=1000
2026-03-04 18:20:14,601 INFO: [mhc/mhc-I/human/HLA-A] page=428 offset=428000 n=1000
2026-03-04 18:20:55,873 INFO: [mhc/mhc-I/human/HLA-A] page=429 offset=429000 n=1000
2026-03-04 18:21:37,723 INFO: [mhc/mhc-I/human/HLA-A] page=430 offset=430000 n=1000
2026-03-04 18:22:19,509 INFO: [mhc/mhc-I/human/HLA-A] page=431 offset=431000 n=1000
2026-03-04 18:23:03,596 INFO: [mhc/mhc-I/human/HLA-A] page=432 offset=432000 n=1000
2026-03-04 18:23:46,673 INFO: [mhc/mhc-I/human/HLA-A] page=433 offset=433000 n=1000
2026-03-04 18:24:27,743 INFO: [mhc/mhc-I/human/HLA-A] page=434 offset=434000 n=1000
2026-03-04 18:25:08,820 INFO: [mhc/mhc-I/human/HLA-A] page=435 offset=435000 n=1000
2026-03-04 18:25:49,740 INFO: [mhc/mhc-I/human/HLA-A] page=436 offset=436000 n=1000
2026-03-04 18:26:30,925 INFO: [mhc/mhc-I/human/HLA-A] page=437 offset=437000 n=1000
2026-03-04 18:27:11,694 INFO: [mhc/mhc-I/human/HLA-A] page=438 offset=438000 n=1000
2026-03-04 18:27:52,559 INFO: [mhc/mhc-I/human/HLA-A] page=439 offset=439000 n=1000
2026-03-04 18:28:32,764 INFO: [mhc/mhc-I/human/HLA-A] page=440 offset=440000 n=1000
2026-03-04 18:29:15,037 INFO: [mhc/mhc-I/human/HLA-A] page=441 offset=441000 n=1000
2026-03-04 18:29:56,350 INFO: [mhc/mhc-I/human/HLA-A] page=442 offset=442000 n=1000
2026-03-04 18:30:37,341 INFO: [mhc/mhc-I/human/HLA-A] page=443 offset=443000 n=1000
2026-03-04 18:31:18,697 INFO: [mhc/mhc-I/human/HLA-A] page=444 offset=444000 n=1000
2026-03-04 18:32:01,277 INFO: [mhc/mhc-I/human/HLA-A] page=445 offset=445000 n=1000
2026-03-04 18:32:43,697 INFO: [mhc/mhc-I/human/HLA-A] page=446 offset=446000 n=1000
2026-03-04 18:33:25,060 INFO: [mhc/mhc-I/human/HLA-A] page=447 offset=447000 n=1000
2026-03-04 18:34:07,173 INFO: [mhc/mhc-I/human/HLA-A] page=448 offset=448000 n=1000
2026-03-04 18:34:49,012 INFO: [mhc/mhc-I/human/HLA-A] page=449 offset=449000 n=1000
2026-03-04 18:35:30,642 INFO: [mhc/mhc-I/human/HLA-A] page=450 offset=450000 n=1000
2026-03-04 18:36:11,939 INFO: [mhc/mhc-I/human/HLA-A] page=451 offset=451000 n=1000
2026-03-04 18:36:53,367 INFO: [mhc/mhc-I/human/HLA-A] page=452 offset=452000 n=1000
2026-03-04 18:37:34,958 INFO: [mhc/mhc-I/human/HLA-A] page=453 offset=453000 n=1000
2026-03-04 18:38:15,985 INFO: [mhc/mhc-I/human/HLA-A] page=454 offset=454000 n=1000
2026-03-04 18:38:56,920 INFO: [mhc/mhc-I/human/HLA-A] page=455 offset=455000 n=1000
2026-03-04 18:39:38,143 INFO: [mhc/mhc-I/human/HLA-A] page=456 offset=456000 n=1000
2026-03-04 18:40:19,725 INFO: [mhc/mhc-I/human/HLA-A] page=457 offset=457000 n=1000
2026-03-04 18:40:59,729 INFO: [mhc/mhc-I/human/HLA-A] page=458 offset=458000 n=1000
2026-03-04 18:41:40,425 INFO: [mhc/mhc-I/human/HLA-A] page=459 offset=459000 n=1000
2026-03-04 18:42:21,698 INFO: [mhc/mhc-I/human/HLA-A] page=460 offset=460000 n=1000
2026-03-04 18:43:02,435 INFO: [mhc/mhc-I/human/HLA-A] page=461 offset=461000 n=1000
2026-03-04 18:43:42,823 INFO: [mhc/mhc-I/human/HLA-A] page=462 offset=462000 n=1000
2026-03-04 18:44:23,738 INFO: [mhc/mhc-I/human/HLA-A] page=463 offset=463000 n=1000
2026-03-04 18:45:05,634 INFO: [mhc/mhc-I/human/HLA-A] page=464 offset=464000 n=1000
2026-03-04 18:45:46,799 INFO: [mhc/mhc-I/human/HLA-A] page=465 offset=465000 n=1000
2026-03-04 18:46:29,109 INFO: [mhc/mhc-I/human/HLA-A] page=466 offset=466000 n=1000
2026-03-04 18:47:10,859 INFO: [mhc/mhc-I/human/HLA-A] page=467 offset=467000 n=1000
2026-03-04 18:47:53,438 INFO: [mhc/mhc-I/human/HLA-A] page=468 offset=468000 n=1000
2026-03-04 18:48:35,451 INFO: [mhc/mhc-I/human/HLA-A] page=469 offset=469000 n=1000
2026-03-04 18:49:16,783 INFO: [mhc/mhc-I/human/HLA-A] page=470 offset=470000 n=1000
2026-03-04 18:49:57,571 INFO: [mhc/mhc-I/human/HLA-A] page=471 offset=471000 n=1000
2026-03-04 18:50:39,193 INFO: [mhc/mhc-I/human/HLA-A] page=472 offset=472000 n=1000
2026-03-04 18:51:18,842 INFO: [mhc/mhc-I/human/HLA-A] page=473 offset=473000 n=1000
2026-03-04 18:51:59,095 INFO: [mhc/mhc-I/human/HLA-A] page=474 offset=474000 n=1000
2026-03-04 18:52:39,253 INFO: [mhc/mhc-I/human/HLA-A] page=475 offset=475000 n=1000
2026-03-04 18:53:19,253 INFO: [mhc/mhc-I/human/HLA-A] page=476 offset=476000 n=1000
2026-03-04 18:53:58,733 INFO: [mhc/mhc-I/human/HLA-A] page=477 offset=477000 n=1000
2026-03-04 18:54:39,186 INFO: [mhc/mhc-I/human/HLA-A] page=478 offset=478000 n=1000
2026-03-04 18:55:19,533 INFO: [mhc/mhc-I/human/HLA-A] page=479 offset=479000 n=1000
2026-03-04 18:55:59,929 INFO: [mhc/mhc-I/human/HLA-A] page=480 offset=480000 n=1000
2026-03-04 18:56:41,443 INFO: [mhc/mhc-I/human/HLA-A] page=481 offset=481000 n=1000
2026-03-04 18:57:21,929 INFO: [mhc/mhc-I/human/HLA-A] page=482 offset=482000 n=1000
2026-03-04 18:58:01,888 INFO: [mhc/mhc-I/human/HLA-A] page=483 offset=483000 n=1000
2026-03-04 18:58:42,325 INFO: [mhc/mhc-I/human/HLA-A] page=484 offset=484000 n=1000
2026-03-04 18:59:22,053 INFO: [mhc/mhc-I/human/HLA-A] page=485 offset=485000 n=1000
2026-03-04 19:00:03,005 INFO: [mhc/mhc-I/human/HLA-A] page=486 offset=486000 n=1000
2026-03-04 19:00:44,870 INFO: [mhc/mhc-I/human/HLA-A] page=487 offset=487000 n=1000
2026-03-04 19:01:25,948 INFO: [mhc/mhc-I/human/HLA-A] page=488 offset=488000 n=1000
2026-03-04 19:02:07,858 INFO: [mhc/mhc-I/human/HLA-A] page=489 offset=489000 n=1000
2026-03-04 19:02:49,297 INFO: [mhc/mhc-I/human/HLA-A] page=490 offset=490000 n=1000
2026-03-04 19:03:29,739 INFO: [mhc/mhc-I/human/HLA-A] page=491 offset=491000 n=1000
2026-03-04 19:04:09,518 INFO: [mhc/mhc-I/human/HLA-A] page=492 offset=492000 n=1000
2026-03-04 19:04:49,522 INFO: [mhc/mhc-I/human/HLA-A] page=493 offset=493000 n=1000
2026-03-04 19:05:29,794 INFO: [mhc/mhc-I/human/HLA-A] page=494 offset=494000 n=1000
2026-03-04 19:06:10,189 INFO: [mhc/mhc-I/human/HLA-A] page=495 offset=495000 n=1000
2026-03-04 19:06:51,695 INFO: [mhc/mhc-I/human/HLA-A] page=496 offset=496000 n=1000
2026-03-04 19:07:33,484 INFO: [mhc/mhc-I/human/HLA-A] page=497 offset=497000 n=1000
2026-03-04 19:08:14,301 INFO: [mhc/mhc-I/human/HLA-A] page=498 offset=498000 n=1000
2026-03-04 19:08:55,423 INFO: [mhc/mhc-I/human/HLA-A] page=499 offset=499000 n=1000
2026-03-04 19:09:36,882 INFO: [mhc/mhc-I/human/HLA-A] page=500 offset=500000 n=1000
2026-03-04 19:13:45,782 ERROR: Error en petición a https://query-api.iedb.org/mhc_export página 501: ('Connection broken: IncompleteRead(2538817 bytes read, 2484469 more expected)', IncompleteRead(2538817 bytes read, 2484469 more expected))
2026-03-04 19:14:37,042 INFO: [tcell/mhc-I/human/HLA-A] page=0 offset=0 n=1000
2026-03-04 19:14:40,876 INFO: [tcell/mhc-I/human/HLA-A] page=1 offset=1000 n=1000
2026-03-04 19:14:44,753 INFO: [tcell/mhc-I/human/HLA-A] page=2 offset=2000 n=1000
2026-03-04 19:14:48,750 INFO: [tcell/mhc-I/human/HLA-A] page=3 offset=3000 n=1000
2026-03-04 19:14:52,644 INFO: [tcell/mhc-I/human/HLA-A] page=4 offset=4000 n=1000
2026-03-04 19:14:56,670 INFO: [tcell/mhc-I/human/HLA-A] page=5 offset=5000 n=1000
2026-03-04 19:15:00,532 INFO: [tcell/mhc-I/human/HLA-A] page=6 offset=6000 n=1000
2026-03-04 19:15:04,437 INFO: [tcell/mhc-I/human/HLA-A] page=7 offset=7000 n=1000
2026-03-04 19:15:08,132 INFO: [tcell/mhc-I/human/HLA-A] page=8 offset=8000 n=1000
2026-03-04 19:15:11,903 INFO: [tcell/mhc-I/human/HLA-A] page=9 offset=9000 n=1000
2026-03-04 19:15:14,522 INFO: [tcell/mhc-I/human/HLA-A] page=10 offset=10000 n=171
2026-03-04 19:15:16,070 INFO: [tcell/mhc-I/human/HLA-A] page=11 offset=11000 n=0
2026-03-04 19:23:07,465 INFO: [mhc/mhc-I/human/HLA-B] page=0 offset=0 n=1000
2026-03-04 19:23:49,597 INFO: [mhc/mhc-I/human/HLA-B] page=1 offset=1000 n=1000
2026-03-04 19:24:32,389 INFO: [mhc/mhc-I/human/HLA-B] page=2 offset=2000 n=1000
2026-03-04 19:25:14,595 INFO: [mhc/mhc-I/human/HLA-B] page=3 offset=3000 n=1000
2026-03-04 19:25:56,113 INFO: [mhc/mhc-I/human/HLA-B] page=4 offset=4000 n=1000
2026-03-04 19:26:37,595 INFO: [mhc/mhc-I/human/HLA-B] page=5 offset=5000 n=1000
2026-03-04 19:27:18,301 INFO: [mhc/mhc-I/human/HLA-B] page=6 offset=6000 n=1000
2026-03-04 19:27:58,764 INFO: [mhc/mhc-I/human/HLA-B] page=7 offset=7000 n=1000
2026-03-04 19:28:39,517 INFO: [mhc/mhc-I/human/HLA-B] page=8 offset=8000 n=1000
2026-03-04 19:29:20,203 INFO: [mhc/mhc-I/human/HLA-B] page=9 offset=9000 n=1000
2026-03-04 19:30:01,238 INFO: [mhc/mhc-I/human/HLA-B] page=10 offset=10000 n=1000
2026-03-04 19:30:41,830 INFO: [mhc/mhc-I/human/HLA-B] page=11 offset=11000 n=1000
2026-03-04 19:31:22,306 INFO: [mhc/mhc-I/human/HLA-B] page=12 offset=12000 n=1000
2026-03-04 19:32:02,690 INFO: [mhc/mhc-I/human/HLA-B] page=13 offset=13000 n=1000
2026-03-04 19:32:44,098 INFO: [mhc/mhc-I/human/HLA-B] page=14 offset=14000 n=1000
2026-03-04 19:33:24,496 INFO: [mhc/mhc-I/human/HLA-B] page=15 offset=15000 n=1000
2026-03-04 19:34:04,453 INFO: [mhc/mhc-I/human/HLA-B] page=16 offset=16000 n=1000
2026-03-04 19:34:44,829 INFO: [mhc/mhc-I/human/HLA-B] page=17 offset=17000 n=1000
2026-03-04 19:35:24,222 INFO: [mhc/mhc-I/human/HLA-B] page=18 offset=18000 n=1000
2026-03-04 19:36:04,530 INFO: [mhc/mhc-I/human/HLA-B] page=19 offset=19000 n=1000
2026-03-04 19:36:45,376 INFO: [mhc/mhc-I/human/HLA-B] page=20 offset=20000 n=1000
2026-03-04 19:37:25,573 INFO: [mhc/mhc-I/human/HLA-B] page=21 offset=21000 n=1000
2026-03-04 19:38:05,236 INFO: [mhc/mhc-I/human/HLA-B] page=22 offset=22000 n=1000
2026-03-04 19:38:46,021 INFO: [mhc/mhc-I/human/HLA-B] page=23 offset=23000 n=1000
2026-03-04 19:39:27,273 INFO: [mhc/mhc-I/human/HLA-B] page=24 offset=24000 n=1000
2026-03-04 19:40:08,178 INFO: [mhc/mhc-I/human/HLA-B] page=25 offset=25000 n=1000
2026-03-04 19:40:50,396 INFO: [mhc/mhc-I/human/HLA-B] page=26 offset=26000 n=1000
2026-03-04 19:41:31,253 INFO: [mhc/mhc-I/human/HLA-B] page=27 offset=27000 n=1000
2026-03-04 19:42:13,168 INFO: [mhc/mhc-I/human/HLA-B] page=28 offset=28000 n=1000
2026-03-04 19:42:54,605 INFO: [mhc/mhc-I/human/HLA-B] page=29 offset=29000 n=1000
2026-03-04 19:43:35,020 INFO: [mhc/mhc-I/human/HLA-B] page=30 offset=30000 n=1000
2026-03-04 19:44:15,962 INFO: [mhc/mhc-I/human/HLA-B] page=31 offset=31000 n=1000
2026-03-04 19:44:56,860 INFO: [mhc/mhc-I/human/HLA-B] page=32 offset=32000 n=1000
2026-03-04 19:45:37,069 INFO: [mhc/mhc-I/human/HLA-B] page=33 offset=33000 n=1000
2026-03-04 19:46:18,040 INFO: [mhc/mhc-I/human/HLA-B] page=34 offset=34000 n=1000
2026-03-04 19:46:58,561 INFO: [mhc/mhc-I/human/HLA-B] page=35 offset=35000 n=1000
2026-03-04 19:47:39,732 INFO: [mhc/mhc-I/human/HLA-B] page=36 offset=36000 n=1000
2026-03-04 19:48:19,737 INFO: [mhc/mhc-I/human/HLA-B] page=37 offset=37000 n=1000
2026-03-04 19:49:00,802 INFO: [mhc/mhc-I/human/HLA-B] page=38 offset=38000 n=1000
2026-03-04 19:49:44,881 INFO: [mhc/mhc-I/human/HLA-B] page=39 offset=39000 n=1000
2026-03-04 19:52:29,047 ERROR: Error en petición a https://query-api.iedb.org/mhc_export página 40: ('Connection broken: IncompleteRead(2522436 bytes read, 2378203 more expected)', IncompleteRead(2522436 bytes read, 2378203 more expected))
2026-03-04 19:52:40,525 INFO: [tcell/mhc-I/human/HLA-B] page=0 offset=0 n=1000
2026-03-04 19:52:42,740 INFO: [tcell/mhc-I/human/HLA-B] page=1 offset=1000 n=34
2026-03-04 19:52:44,290 INFO: [tcell/mhc-I/human/HLA-B] page=2 offset=2000 n=0
2026-03-04 19:54:37,330 ERROR: Error en petición a https://query-api.iedb.org/mhc_export página 0: ('Connection broken: IncompleteRead(2522446 bytes read, 2590043 more expected)', IncompleteRead(2522446 bytes read, 2590043 more expected))
2026-03-04 19:59:56,123 INFO: [tcell/mhc-I/human/HLA-C] page=0 offset=0 n=313
2026-03-04 20:03:52,980 INFO: [tcell/mhc-I/human/HLA-C] page=1 offset=1000 n=0
2026-03-04 20:04:32,311 INFO: [mhc/mhc-II/human/HLA-DR] page=0 offset=0 n=1000
2026-03-04 20:05:12,135 INFO: [mhc/mhc-II/human/HLA-DR] page=1 offset=1000 n=1000
2026-03-04 20:05:53,580 INFO: [mhc/mhc-II/human/HLA-DR] page=2 offset=2000 n=1000
2026-03-04 20:06:35,978 INFO: [mhc/mhc-II/human/HLA-DR] page=3 offset=3000 n=1000
2026-03-04 20:07:17,099 INFO: [mhc/mhc-II/human/HLA-DR] page=4 offset=4000 n=1000
2026-03-04 20:07:57,088 INFO: [mhc/mhc-II/human/HLA-DR] page=5 offset=5000 n=1000
2026-03-04 20:08:36,464 INFO: [mhc/mhc-II/human/HLA-DR] page=6 offset=6000 n=1000
2026-03-04 20:09:16,272 INFO: [mhc/mhc-II/human/HLA-DR] page=7 offset=7000 n=1000
2026-03-04 20:09:55,854 INFO: [mhc/mhc-II/human/HLA-DR] page=8 offset=8000 n=1000
2026-03-04 20:10:35,136 INFO: [mhc/mhc-II/human/HLA-DR] page=9 offset=9000 n=1000
2026-03-04 20:11:15,818 INFO: [mhc/mhc-II/human/HLA-DR] page=10 offset=10000 n=1000
2026-03-04 20:11:56,433 INFO: [mhc/mhc-II/human/HLA-DR] page=11 offset=11000 n=1000
2026-03-04 20:12:37,016 INFO: [mhc/mhc-II/human/HLA-DR] page=12 offset=12000 n=1000
2026-03-04 20:13:18,227 INFO: [mhc/mhc-II/human/HLA-DR] page=13 offset=13000 n=1000
2026-03-04 20:13:58,874 INFO: [mhc/mhc-II/human/HLA-DR] page=14 offset=14000 n=1000
2026-03-04 20:14:38,127 INFO: [mhc/mhc-II/human/HLA-DR] page=15 offset=15000 n=1000
2026-03-04 20:15:18,627 INFO: [mhc/mhc-II/human/HLA-DR] page=16 offset=16000 n=1000
2026-03-04 20:15:58,940 INFO: [mhc/mhc-II/human/HLA-DR] page=17 offset=17000 n=1000
2026-03-04 20:17:24,343 INFO: [mhc/mhc-II/human/HLA-DR] page=18 offset=18000 n=1000
2026-03-04 20:21:09,172 ERROR: Error en petición a https://query-api.iedb.org/mhc_export página 19: ('Connection broken: IncompleteRead(2538818 bytes read, 2709892 more expected)', IncompleteRead(2538818 bytes read, 2709892 more expected))
2026-03-04 20:21:18,451 INFO: [tcell/mhc-II/human/HLA-DR] page=0 offset=0 n=1000
2026-03-04 20:21:22,358 INFO: [tcell/mhc-II/human/HLA-DR] page=1 offset=1000 n=1000
2026-03-04 20:21:26,320 INFO: [tcell/mhc-II/human/HLA-DR] page=2 offset=2000 n=1000
2026-03-04 20:21:30,205 INFO: [tcell/mhc-II/human/HLA-DR] page=3 offset=3000 n=1000
2026-03-04 20:21:33,692 INFO: [tcell/mhc-II/human/HLA-DR] page=4 offset=4000 n=1000
2026-03-04 20:21:37,454 INFO: [tcell/mhc-II/human/HLA-DR] page=5 offset=5000 n=1000
2026-03-04 20:21:40,365 INFO: [tcell/mhc-II/human/HLA-DR] page=6 offset=6000 n=297
2026-03-04 20:21:42,060 INFO: [tcell/mhc-II/human/HLA-DR] page=7 offset=7000 n=0
2026-03-04 20:22:29,524 INFO: [mhc/mhc-II/human/HLA-DQ] page=0 offset=0 n=1000
2026-03-04 20:23:17,359 INFO: [mhc/mhc-II/human/HLA-DQ] page=1 offset=1000 n=1000
2026-03-04 20:23:58,639 INFO: [mhc/mhc-II/human/HLA-DQ] page=2 offset=2000 n=1000
2026-03-04 20:24:38,966 INFO: [mhc/mhc-II/human/HLA-DQ] page=3 offset=3000 n=1000
2026-03-04 20:25:19,222 INFO: [mhc/mhc-II/human/HLA-DQ] page=4 offset=4000 n=1000
2026-03-04 20:25:58,794 INFO: [mhc/mhc-II/human/HLA-DQ] page=5 offset=5000 n=1000
2026-03-04 20:26:37,831 INFO: [mhc/mhc-II/human/HLA-DQ] page=6 offset=6000 n=1000
2026-03-04 20:27:17,182 INFO: [mhc/mhc-II/human/HLA-DQ] page=7 offset=7000 n=1000
2026-03-04 20:27:56,275 INFO: [mhc/mhc-II/human/HLA-DQ] page=8 offset=8000 n=1000
2026-03-04 20:28:36,112 INFO: [mhc/mhc-II/human/HLA-DQ] page=9 offset=9000 n=1000
2026-03-04 20:29:15,555 INFO: [mhc/mhc-II/human/HLA-DQ] page=10 offset=10000 n=1000
2026-03-04 20:29:55,786 INFO: [mhc/mhc-II/human/HLA-DQ] page=11 offset=11000 n=1000
2026-03-04 20:30:35,134 INFO: [mhc/mhc-II/human/HLA-DQ] page=12 offset=12000 n=1000
2026-03-04 20:31:14,357 INFO: [mhc/mhc-II/human/HLA-DQ] page=13 offset=13000 n=1000
2026-03-04 20:31:54,633 INFO: [mhc/mhc-II/human/HLA-DQ] page=14 offset=14000 n=1000
2026-03-04 20:32:33,935 INFO: [mhc/mhc-II/human/HLA-DQ] page=15 offset=15000 n=1000
2026-03-04 20:33:12,494 INFO: [mhc/mhc-II/human/HLA-DQ] page=16 offset=16000 n=1000
2026-03-04 20:33:51,710 INFO: [mhc/mhc-II/human/HLA-DQ] page=17 offset=17000 n=1000
2026-03-04 20:34:31,425 INFO: [mhc/mhc-II/human/HLA-DQ] page=18 offset=18000 n=1000
2026-03-04 20:35:11,203 INFO: [mhc/mhc-II/human/HLA-DQ] page=19 offset=19000 n=1000
2026-03-04 20:35:52,638 INFO: [mhc/mhc-II/human/HLA-DQ] page=20 offset=20000 n=1000
2026-03-04 20:36:34,609 INFO: [mhc/mhc-II/human/HLA-DQ] page=21 offset=21000 n=1000
2026-03-04 20:37:15,405 INFO: [mhc/mhc-II/human/HLA-DQ] page=22 offset=22000 n=1000
2026-03-04 20:37:55,039 INFO: [mhc/mhc-II/human/HLA-DQ] page=23 offset=23000 n=1000
2026-03-04 20:38:35,572 INFO: [mhc/mhc-II/human/HLA-DQ] page=24 offset=24000 n=1000
2026-03-04 20:39:16,557 INFO: [mhc/mhc-II/human/HLA-DQ] page=25 offset=25000 n=1000
2026-03-04 20:39:57,720 INFO: [mhc/mhc-II/human/HLA-DQ] page=26 offset=26000 n=1000
2026-03-04 20:40:38,456 INFO: [mhc/mhc-II/human/HLA-DQ] page=27 offset=27000 n=1000
2026-03-04 20:41:17,131 INFO: [mhc/mhc-II/human/HLA-DQ] page=28 offset=28000 n=1000
2026-03-04 20:41:56,255 INFO: [mhc/mhc-II/human/HLA-DQ] page=29 offset=29000 n=1000
2026-03-04 20:42:34,253 INFO: [mhc/mhc-II/human/HLA-DQ] page=30 offset=30000 n=1000
2026-03-04 20:43:12,559 INFO: [mhc/mhc-II/human/HLA-DQ] page=31 offset=31000 n=1000
2026-03-04 20:43:50,309 INFO: [mhc/mhc-II/human/HLA-DQ] page=32 offset=32000 n=1000
2026-03-04 20:44:28,221 INFO: [mhc/mhc-II/human/HLA-DQ] page=33 offset=33000 n=1000
2026-03-04 20:45:08,133 INFO: [mhc/mhc-II/human/HLA-DQ] page=34 offset=34000 n=1000
2026-03-04 20:45:47,699 INFO: [mhc/mhc-II/human/HLA-DQ] page=35 offset=35000 n=1000
2026-03-04 20:46:27,129 INFO: [mhc/mhc-II/human/HLA-DQ] page=36 offset=36000 n=1000
2026-03-04 20:47:07,121 INFO: [mhc/mhc-II/human/HLA-DQ] page=37 offset=37000 n=1000
2026-03-04 20:47:46,057 INFO: [mhc/mhc-II/human/HLA-DQ] page=38 offset=38000 n=1000
2026-03-04 20:48:24,670 INFO: [mhc/mhc-II/human/HLA-DQ] page=39 offset=39000 n=1000
2026-03-04 20:49:02,465 INFO: [mhc/mhc-II/human/HLA-DQ] page=40 offset=40000 n=1000
2026-03-04 20:49:40,493 INFO: [mhc/mhc-II/human/HLA-DQ] page=41 offset=41000 n=1000
2026-03-04 20:50:18,671 INFO: [mhc/mhc-II/human/HLA-DQ] page=42 offset=42000 n=1000
2026-03-04 20:50:57,198 INFO: [mhc/mhc-II/human/HLA-DQ] page=43 offset=43000 n=1000
2026-03-04 20:51:35,278 INFO: [mhc/mhc-II/human/HLA-DQ] page=44 offset=44000 n=1000
2026-03-04 20:52:13,900 INFO: [mhc/mhc-II/human/HLA-DQ] page=45 offset=45000 n=1000
2026-03-04 20:52:51,876 INFO: [mhc/mhc-II/human/HLA-DQ] page=46 offset=46000 n=1000
2026-03-04 20:53:30,783 INFO: [mhc/mhc-II/human/HLA-DQ] page=47 offset=47000 n=617
2026-03-04 20:54:09,435 INFO: [mhc/mhc-II/human/HLA-DQ] page=48 offset=48000 n=0
2026-03-04 20:54:18,757 INFO: [tcell/mhc-II/human/HLA-DQ] page=0 offset=0 n=777
2026-03-04 20:54:20,210 INFO: [tcell/mhc-II/human/HLA-DQ] page=1 offset=1000 n=0
2026-03-04 20:55:02,978 INFO: [mhc/mhc-II/human/HLA-DP] page=0 offset=0 n=1000
2026-03-04 20:55:44,111 INFO: [mhc/mhc-II/human/HLA-DP] page=1 offset=1000 n=1000
2026-03-04 20:56:29,864 INFO: [mhc/mhc-II/human/HLA-DP] page=2 offset=2000 n=1000
2026-03-04 20:57:09,886 INFO: [mhc/mhc-II/human/HLA-DP] page=3 offset=3000 n=1000
2026-03-04 20:57:51,170 INFO: [mhc/mhc-II/human/HLA-DP] page=4 offset=4000 n=1000
2026-03-04 20:58:31,261 INFO: [mhc/mhc-II/human/HLA-DP] page=5 offset=5000 n=1000
2026-03-04 20:59:10,777 INFO: [mhc/mhc-II/human/HLA-DP] page=6 offset=6000 n=1000
2026-03-04 20:59:50,045 INFO: [mhc/mhc-II/human/HLA-DP] page=7 offset=7000 n=1000
2026-03-04 21:00:31,645 INFO: [mhc/mhc-II/human/HLA-DP] page=8 offset=8000 n=1000
2026-03-04 21:01:12,129 INFO: [mhc/mhc-II/human/HLA-DP] page=9 offset=9000 n=1000
2026-03-04 21:01:53,287 INFO: [mhc/mhc-II/human/HLA-DP] page=10 offset=10000 n=1000
2026-03-04 21:02:32,906 INFO: [mhc/mhc-II/human/HLA-DP] page=11 offset=11000 n=1000
2026-03-04 21:03:12,634 INFO: [mhc/mhc-II/human/HLA-DP] page=12 offset=12000 n=1000
2026-03-04 21:03:51,824 INFO: [mhc/mhc-II/human/HLA-DP] page=13 offset=13000 n=1000
2026-03-04 21:04:30,912 INFO: [mhc/mhc-II/human/HLA-DP] page=14 offset=14000 n=1000
2026-03-04 21:05:10,414 INFO: [mhc/mhc-II/human/HLA-DP] page=15 offset=15000 n=1000
2026-03-04 21:05:49,236 INFO: [mhc/mhc-II/human/HLA-DP] page=16 offset=16000 n=1000
2026-03-04 21:06:28,992 INFO: [mhc/mhc-II/human/HLA-DP] page=17 offset=17000 n=1000
2026-03-04 21:07:08,708 INFO: [mhc/mhc-II/human/HLA-DP] page=18 offset=18000 n=1000
2026-03-04 21:07:47,750 INFO: [mhc/mhc-II/human/HLA-DP] page=19 offset=19000 n=1000
2026-03-04 21:08:27,409 INFO: [mhc/mhc-II/human/HLA-DP] page=20 offset=20000 n=1000
2026-03-04 21:09:07,873 INFO: [mhc/mhc-II/human/HLA-DP] page=21 offset=21000 n=1000
2026-03-04 21:09:48,070 INFO: [mhc/mhc-II/human/HLA-DP] page=22 offset=22000 n=1000
2026-03-04 21:10:28,538 INFO: [mhc/mhc-II/human/HLA-DP] page=23 offset=23000 n=1000
2026-03-04 21:11:07,547 INFO: [mhc/mhc-II/human/HLA-DP] page=24 offset=24000 n=1000
2026-03-04 21:11:46,464 INFO: [mhc/mhc-II/human/HLA-DP] page=25 offset=25000 n=1000
2026-03-04 21:12:26,185 INFO: [mhc/mhc-II/human/HLA-DP] page=26 offset=26000 n=1000
2026-03-04 21:13:07,459 INFO: [mhc/mhc-II/human/HLA-DP] page=27 offset=27000 n=1000
2026-03-04 21:13:48,243 INFO: [mhc/mhc-II/human/HLA-DP] page=28 offset=28000 n=1000
2026-03-04 21:14:27,694 INFO: [mhc/mhc-II/human/HLA-DP] page=29 offset=29000 n=1000
2026-03-04 21:15:06,228 INFO: [mhc/mhc-II/human/HLA-DP] page=30 offset=30000 n=1000
2026-03-04 21:15:47,528 INFO: [mhc/mhc-II/human/HLA-DP] page=31 offset=31000 n=1000
2026-03-04 21:16:26,083 INFO: [mhc/mhc-II/human/HLA-DP] page=32 offset=32000 n=1000
2026-03-04 21:17:04,339 INFO: [mhc/mhc-II/human/HLA-DP] page=33 offset=33000 n=1000
2026-03-04 21:17:42,745 INFO: [mhc/mhc-II/human/HLA-DP] page=34 offset=34000 n=1000
2026-03-04 21:18:20,838 INFO: [mhc/mhc-II/human/HLA-DP] page=35 offset=35000 n=1000
2026-03-04 21:18:59,151 INFO: [mhc/mhc-II/human/HLA-DP] page=36 offset=36000 n=1000
2026-03-04 21:19:39,317 INFO: [mhc/mhc-II/human/HLA-DP] page=37 offset=37000 n=1000
2026-03-04 21:20:18,173 INFO: [mhc/mhc-II/human/HLA-DP] page=38 offset=38000 n=1000
2026-03-04 21:20:56,298 INFO: [mhc/mhc-II/human/HLA-DP] page=39 offset=39000 n=1000
2026-03-04 21:21:34,612 INFO: [mhc/mhc-II/human/HLA-DP] page=40 offset=40000 n=1000
2026-03-04 21:22:13,336 INFO: [mhc/mhc-II/human/HLA-DP] page=41 offset=41000 n=1000
2026-03-04 21:22:52,478 INFO: [mhc/mhc-II/human/HLA-DP] page=42 offset=42000 n=1000
2026-03-04 21:23:31,080 INFO: [mhc/mhc-II/human/HLA-DP] page=43 offset=43000 n=1000
2026-03-04 21:24:09,840 INFO: [mhc/mhc-II/human/HLA-DP] page=44 offset=44000 n=1000
2026-03-04 21:24:48,426 INFO: [mhc/mhc-II/human/HLA-DP] page=45 offset=45000 n=1000
2026-03-04 21:25:27,968 INFO: [mhc/mhc-II/human/HLA-DP] page=46 offset=46000 n=1000
2026-03-04 21:26:09,299 INFO: [mhc/mhc-II/human/HLA-DP] page=47 offset=47000 n=1000
2026-03-04 21:26:49,757 INFO: [mhc/mhc-II/human/HLA-DP] page=48 offset=48000 n=1000
2026-03-04 21:27:30,604 INFO: [mhc/mhc-II/human/HLA-DP] page=49 offset=49000 n=1000
2026-03-04 21:28:10,890 INFO: [mhc/mhc-II/human/HLA-DP] page=50 offset=50000 n=1000
2026-03-04 21:33:02,532 ERROR: Error en petición a https://query-api.iedb.org/mhc_export página 51: ('Connection broken: IncompleteRead(2538818 bytes read, 2632443 more expected)', IncompleteRead(2538818 bytes read, 2632443 more expected))
2026-03-04 21:33:13,452 INFO: [tcell/mhc-II/human/HLA-DP] page=0 offset=0 n=345
2026-03-04 21:33:15,050 INFO: [tcell/mhc-II/human/HLA-DP] page=1 offset=1000 n=0
2026-03-04 21:33:21,074 INFO: All MHC, T cell, and merged data files (full and filtered) have been generated successfully.
