2026-03-05 13:07:10,362 INFO: === mouse mhc-I H2-K mhc ===
2026-03-05 13:07:50,226 INFO: GET mhc_export page=0 offset=0 n=1000
2026-03-05 13:08:29,037 INFO: GET mhc_export page=1 offset=1000 n=1000
2026-03-05 13:09:08,865 INFO: GET mhc_export page=2 offset=2000 n=1000
2026-03-05 13:09:49,276 INFO: GET mhc_export page=3 offset=3000 n=1000
2026-03-05 13:10:28,799 INFO: GET mhc_export page=4 offset=4000 n=1000
2026-03-05 13:11:08,879 INFO: GET mhc_export page=5 offset=5000 n=1000
2026-03-05 13:11:48,216 INFO: GET mhc_export page=6 offset=6000 n=1000
2026-03-05 13:12:27,473 INFO: GET mhc_export page=7 offset=7000 n=1000
2026-03-05 13:13:05,951 INFO: GET mhc_export page=8 offset=8000 n=1000
2026-03-05 13:13:45,213 INFO: GET mhc_export page=9 offset=9000 n=1000
2026-03-05 13:14:25,258 INFO: GET mhc_export page=10 offset=10000 n=1000
2026-03-05 13:15:04,212 INFO: GET mhc_export page=11 offset=11000 n=1000
2026-03-05 13:15:42,808 INFO: GET mhc_export page=12 offset=12000 n=1000
2026-03-05 13:16:23,126 INFO: GET mhc_export page=13 offset=13000 n=1000
2026-03-05 13:17:03,226 INFO: GET mhc_export page=14 offset=14000 n=1000
2026-03-05 13:17:43,099 INFO: GET mhc_export page=15 offset=15000 n=1000
2026-03-05 13:18:23,336 INFO: GET mhc_export page=16 offset=16000 n=1000
2026-03-05 13:19:02,926 INFO: GET mhc_export page=17 offset=17000 n=1000
2026-03-05 13:19:43,207 INFO: GET mhc_export page=18 offset=18000 n=1000
2026-03-05 13:20:24,416 INFO: GET mhc_export page=19 offset=19000 n=1000
2026-03-05 13:21:03,558 INFO: GET mhc_export page=20 offset=20000 n=1000
2026-03-05 13:21:43,692 INFO: GET mhc_export page=21 offset=21000 n=1000
2026-03-05 13:22:23,323 INFO: GET mhc_export page=22 offset=22000 n=1000
2026-03-05 13:23:02,395 INFO: GET mhc_export page=23 offset=23000 n=1000
2026-03-05 13:23:42,573 INFO: GET mhc_export page=24 offset=24000 n=1000
2026-03-05 13:24:22,010 INFO: GET mhc_export page=25 offset=25000 n=1000
2026-03-05 13:25:02,743 INFO: GET mhc_export page=26 offset=26000 n=1000
2026-03-05 13:25:41,326 INFO: GET mhc_export page=27 offset=27000 n=1000
2026-03-05 13:26:20,142 INFO: GET mhc_export page=28 offset=28000 n=1000
2026-03-05 13:26:59,317 INFO: GET mhc_export page=29 offset=29000 n=1000
2026-03-05 13:27:38,068 INFO: GET mhc_export page=30 offset=30000 n=1000
2026-03-05 13:28:16,729 INFO: GET mhc_export page=31 offset=31000 n=1000
2026-03-05 13:28:56,377 INFO: GET mhc_export page=32 offset=32000 n=1000
2026-03-05 13:29:35,613 INFO: GET mhc_export page=33 offset=33000 n=1000
2026-03-05 13:30:14,969 INFO: GET mhc_export page=34 offset=34000 n=1000
2026-03-05 13:30:53,742 INFO: GET mhc_export page=35 offset=35000 n=1000
2026-03-05 13:31:32,124 INFO: GET mhc_export page=36 offset=36000 n=1000
2026-03-05 13:32:11,567 INFO: GET mhc_export page=37 offset=37000 n=1000
2026-03-05 13:32:51,035 INFO: GET mhc_export page=38 offset=38000 n=1000
2026-03-05 13:33:29,584 INFO: GET mhc_export page=39 offset=39000 n=1000
2026-03-05 13:34:08,307 INFO: GET mhc_export page=40 offset=40000 n=1000
2026-03-05 13:34:47,270 INFO: GET mhc_export page=41 offset=41000 n=1000
2026-03-05 13:35:26,142 INFO: GET mhc_export page=42 offset=42000 n=1000
2026-03-05 13:36:05,565 INFO: GET mhc_export page=43 offset=43000 n=1000
2026-03-05 13:36:43,692 INFO: GET mhc_export page=44 offset=44000 n=1000
2026-03-05 13:37:22,884 INFO: GET mhc_export page=45 offset=45000 n=1000
2026-03-05 13:38:02,218 INFO: GET mhc_export page=46 offset=46000 n=1000
2026-03-05 13:38:41,332 INFO: GET mhc_export page=47 offset=47000 n=1000
2026-03-05 13:39:20,024 INFO: GET mhc_export page=48 offset=48000 n=1000
2026-03-05 13:39:59,546 INFO: GET mhc_export page=49 offset=49000 n=1000
2026-03-05 13:40:37,394 INFO: GET mhc_export page=50 offset=50000 n=1000
2026-03-05 13:41:15,862 INFO: GET mhc_export page=51 offset=51000 n=1000
2026-03-05 13:41:55,372 INFO: GET mhc_export page=52 offset=52000 n=1000
2026-03-05 13:42:34,132 INFO: GET mhc_export page=53 offset=53000 n=1000
2026-03-05 13:43:14,083 INFO: GET mhc_export page=54 offset=54000 n=1000
2026-03-05 13:43:54,227 INFO: GET mhc_export page=55 offset=55000 n=1000
2026-03-05 13:44:36,164 INFO: GET mhc_export page=56 offset=56000 n=1000
2026-03-05 13:45:16,529 INFO: GET mhc_export page=57 offset=57000 n=1000
2026-03-05 13:45:55,397 INFO: GET mhc_export page=58 offset=58000 n=1000
2026-03-05 13:46:34,491 INFO: GET mhc_export page=59 offset=59000 n=1000
2026-03-05 13:47:12,948 INFO: GET mhc_export page=60 offset=60000 n=1000
2026-03-05 13:47:52,171 INFO: GET mhc_export page=61 offset=61000 n=1000
2026-03-05 13:48:30,547 INFO: GET mhc_export page=62 offset=62000 n=1000
2026-03-05 13:49:09,608 INFO: GET mhc_export page=63 offset=63000 n=1000
2026-03-05 13:49:49,004 INFO: GET mhc_export page=64 offset=64000 n=1000
2026-03-05 13:50:27,514 INFO: GET mhc_export page=65 offset=65000 n=1000
2026-03-05 13:51:06,135 INFO: GET mhc_export page=66 offset=66000 n=1000
2026-03-05 13:51:45,833 INFO: GET mhc_export page=67 offset=67000 n=1000
2026-03-05 13:52:25,905 INFO: GET mhc_export page=68 offset=68000 n=1000
2026-03-05 13:53:05,892 INFO: GET mhc_export page=69 offset=69000 n=1000
2026-03-05 13:53:46,194 INFO: GET mhc_export page=70 offset=70000 n=1000
2026-03-05 13:54:25,072 INFO: GET mhc_export page=71 offset=71000 n=1000
2026-03-05 13:55:04,111 INFO: GET mhc_export page=72 offset=72000 n=1000
2026-03-05 13:55:44,429 INFO: GET mhc_export page=73 offset=73000 n=1000
2026-03-05 13:56:24,049 INFO: GET mhc_export page=74 offset=74000 n=1000
2026-03-05 13:57:04,730 INFO: GET mhc_export page=75 offset=75000 n=1000
2026-03-05 13:57:44,168 INFO: GET mhc_export page=76 offset=76000 n=1000
2026-03-05 13:58:23,635 INFO: GET mhc_export page=77 offset=77000 n=1000
2026-03-05 13:59:03,376 INFO: GET mhc_export page=78 offset=78000 n=1000
2026-03-05 13:59:44,054 INFO: GET mhc_export page=79 offset=79000 n=1000
2026-03-05 14:00:25,298 INFO: GET mhc_export page=80 offset=80000 n=1000
2026-03-05 14:01:06,817 INFO: GET mhc_export page=81 offset=81000 n=1000
2026-03-05 14:01:46,682 INFO: GET mhc_export page=82 offset=82000 n=1000
2026-03-05 14:02:26,872 INFO: GET mhc_export page=83 offset=83000 n=1000
2026-03-05 14:03:07,108 INFO: GET mhc_export page=84 offset=84000 n=1000
2026-03-05 14:03:46,504 INFO: GET mhc_export page=85 offset=85000 n=1000
2026-03-05 14:04:26,991 INFO: GET mhc_export page=86 offset=86000 n=1000
2026-03-05 14:05:06,890 INFO: GET mhc_export page=87 offset=87000 n=256
2026-03-05 14:05:45,088 INFO: GET mhc_export page=88 offset=88000 n=0
2026-03-05 14:05:51,952 INFO: mhc: unique_epitopes=41639 | unique_events=46647 | total_rows=87256
2026-03-05 14:05:52,196 INFO: === mouse mhc-I H2-K tcell ===
2026-03-05 14:06:00,795 INFO: GET tcell_export page=0 offset=0 n=1000
2026-03-05 14:06:03,109 INFO: GET tcell_export page=1 offset=1000 n=50
2026-03-05 14:06:04,593 INFO: GET tcell_export page=2 offset=2000 n=0
2026-03-05 14:06:04,780 INFO: tcell: unique_epitopes=410 | unique_events=439 | total_rows=1050
2026-03-05 14:06:05,146 INFO: MERGED unique epitopes -> /home/nap/lperez_nn/data/data_raw/mouse/mhc-I/H2-K/merged_unique_epitopes.csv (n=41760)
2026-03-05 14:06:05,147 INFO: === mouse mhc-I H2-D mhc ===
2026-03-05 14:06:45,646 INFO: GET mhc_export page=0 offset=0 n=1000
2026-03-05 14:07:25,778 INFO: GET mhc_export page=1 offset=1000 n=1000
2026-03-05 14:08:06,081 INFO: GET mhc_export page=2 offset=2000 n=1000
2026-03-05 14:08:45,628 INFO: GET mhc_export page=3 offset=3000 n=1000
2026-03-05 14:09:26,413 INFO: GET mhc_export page=4 offset=4000 n=1000
2026-03-05 14:10:06,693 INFO: GET mhc_export page=5 offset=5000 n=1000
2026-03-05 14:10:46,263 INFO: GET mhc_export page=6 offset=6000 n=1000
2026-03-05 14:11:25,542 INFO: GET mhc_export page=7 offset=7000 n=1000
2026-03-05 14:12:05,877 INFO: GET mhc_export page=8 offset=8000 n=1000
2026-03-05 14:12:45,342 INFO: GET mhc_export page=9 offset=9000 n=1000
2026-03-05 14:13:24,888 INFO: GET mhc_export page=10 offset=10000 n=1000
2026-03-05 14:14:04,479 INFO: GET mhc_export page=11 offset=11000 n=1000
2026-03-05 14:14:44,152 INFO: GET mhc_export page=12 offset=12000 n=1000
2026-03-05 14:15:24,177 INFO: GET mhc_export page=13 offset=13000 n=1000
2026-03-05 14:16:02,571 INFO: GET mhc_export page=14 offset=14000 n=1000
2026-03-05 14:16:42,169 INFO: GET mhc_export page=15 offset=15000 n=1000
2026-03-05 14:17:21,808 INFO: GET mhc_export page=16 offset=16000 n=1000
2026-03-05 14:18:00,523 INFO: GET mhc_export page=17 offset=17000 n=1000
2026-03-05 14:18:39,243 INFO: GET mhc_export page=18 offset=18000 n=1000
2026-03-05 14:19:19,562 INFO: GET mhc_export page=19 offset=19000 n=1000
2026-03-05 14:19:59,245 INFO: GET mhc_export page=20 offset=20000 n=1000
2026-03-05 14:20:38,079 INFO: GET mhc_export page=21 offset=21000 n=1000
2026-03-05 14:21:17,403 INFO: GET mhc_export page=22 offset=22000 n=1000
2026-03-05 14:21:57,673 INFO: GET mhc_export page=23 offset=23000 n=1000
2026-03-05 14:22:37,462 INFO: GET mhc_export page=24 offset=24000 n=1000
2026-03-05 14:23:15,936 INFO: GET mhc_export page=25 offset=25000 n=1000
2026-03-05 14:23:55,588 INFO: GET mhc_export page=26 offset=26000 n=1000
2026-03-05 14:24:35,335 INFO: GET mhc_export page=27 offset=27000 n=1000
2026-03-05 14:25:14,586 INFO: GET mhc_export page=28 offset=28000 n=1000
2026-03-05 14:25:53,103 INFO: GET mhc_export page=29 offset=29000 n=1000
2026-03-05 14:26:32,107 INFO: GET mhc_export page=30 offset=30000 n=1000
2026-03-05 14:27:12,304 INFO: GET mhc_export page=31 offset=31000 n=1000
2026-03-05 14:27:51,080 INFO: GET mhc_export page=32 offset=32000 n=1000
2026-03-05 14:28:30,145 INFO: GET mhc_export page=33 offset=33000 n=1000
2026-03-05 14:29:09,789 INFO: GET mhc_export page=34 offset=34000 n=1000
2026-03-05 14:29:50,255 INFO: GET mhc_export page=35 offset=35000 n=1000
2026-03-05 14:30:30,102 INFO: GET mhc_export page=36 offset=36000 n=1000
2026-03-05 14:31:09,652 INFO: GET mhc_export page=37 offset=37000 n=1000
2026-03-05 14:31:49,257 INFO: GET mhc_export page=38 offset=38000 n=1000
2026-03-05 14:32:29,175 INFO: GET mhc_export page=39 offset=39000 n=1000
2026-03-05 14:33:08,172 INFO: GET mhc_export page=40 offset=40000 n=1000
2026-03-05 14:33:48,291 INFO: GET mhc_export page=41 offset=41000 n=1000
2026-03-05 14:34:28,384 INFO: GET mhc_export page=42 offset=42000 n=1000
2026-03-05 14:35:08,314 INFO: GET mhc_export page=43 offset=43000 n=1000
2026-03-05 14:35:46,970 INFO: GET mhc_export page=44 offset=44000 n=1000
2026-03-05 14:36:25,370 INFO: GET mhc_export page=45 offset=45000 n=517
2026-03-05 14:37:04,279 INFO: GET mhc_export page=46 offset=46000 n=0
2026-03-05 14:37:08,879 INFO: mhc: unique_epitopes=19506 | unique_events=22445 | total_rows=45517
2026-03-05 14:37:09,026 INFO: === mouse mhc-I H2-D tcell ===
2026-03-05 14:37:13,892 INFO: GET tcell_export page=0 offset=0 n=519
2026-03-05 14:37:15,436 INFO: GET tcell_export page=1 offset=1000 n=0
2026-03-05 14:37:15,500 INFO: tcell: unique_epitopes=118 | unique_events=131 | total_rows=519
2026-03-05 14:37:15,709 INFO: MERGED unique epitopes -> /home/nap/lperez_nn/data/data_raw/mouse/mhc-I/H2-D/merged_unique_epitopes.csv (n=19567)
2026-03-05 14:37:15,709 INFO: === mouse mhc-I H2-L mhc ===
2026-03-05 14:37:54,029 INFO: GET mhc_export page=0 offset=0 n=44
2026-03-05 14:38:31,634 INFO: GET mhc_export page=1 offset=1000 n=0
2026-03-05 14:38:31,644 INFO: mhc: unique_epitopes=16 | unique_events=19 | total_rows=44
2026-03-05 14:38:31,645 INFO: === mouse mhc-I H2-L tcell ===
2026-03-05 14:38:34,100 INFO: GET tcell_export page=0 offset=0 n=114
2026-03-05 14:38:35,812 INFO: GET tcell_export page=1 offset=1000 n=0
2026-03-05 14:38:35,828 INFO: tcell: unique_epitopes=9 | unique_events=11 | total_rows=114
2026-03-05 14:38:35,833 INFO: MERGED unique epitopes -> /home/nap/lperez_nn/data/data_raw/mouse/mhc-I/H2-L/merged_unique_epitopes.csv (n=19)
2026-03-05 14:38:35,833 INFO: === mouse mhc-II H2-IA mhc ===
2026-03-05 14:39:14,378 INFO: GET mhc_export page=0 offset=0 n=1000
2026-03-05 14:39:52,649 INFO: GET mhc_export page=1 offset=1000 n=1000
2026-03-05 14:40:30,934 INFO: GET mhc_export page=2 offset=2000 n=1000
2026-03-05 14:41:08,239 INFO: GET mhc_export page=3 offset=3000 n=1000
2026-03-05 14:41:46,931 INFO: GET mhc_export page=4 offset=4000 n=1000
2026-03-05 14:42:26,094 INFO: GET mhc_export page=5 offset=5000 n=1000
2026-03-05 14:43:04,443 INFO: GET mhc_export page=6 offset=6000 n=1000
2026-03-05 14:43:42,660 INFO: GET mhc_export page=7 offset=7000 n=1000
2026-03-05 14:44:22,385 INFO: GET mhc_export page=8 offset=8000 n=1000
2026-03-05 14:45:00,498 INFO: GET mhc_export page=9 offset=9000 n=1000
2026-03-05 14:45:39,299 INFO: GET mhc_export page=10 offset=10000 n=1000
2026-03-05 14:46:17,879 INFO: GET mhc_export page=11 offset=11000 n=1000
2026-03-05 14:46:56,507 INFO: GET mhc_export page=12 offset=12000 n=1000
2026-03-05 14:47:36,183 INFO: GET mhc_export page=13 offset=13000 n=1000
2026-03-05 14:48:15,707 INFO: GET mhc_export page=14 offset=14000 n=1000
2026-03-05 14:48:54,690 INFO: GET mhc_export page=15 offset=15000 n=1000
2026-03-05 14:49:34,709 INFO: GET mhc_export page=16 offset=16000 n=1000
2026-03-05 14:50:14,594 INFO: GET mhc_export page=17 offset=17000 n=1000
2026-03-05 14:50:54,330 INFO: GET mhc_export page=18 offset=18000 n=1000
2026-03-05 14:51:32,843 INFO: GET mhc_export page=19 offset=19000 n=1000
2026-03-05 14:52:12,440 INFO: GET mhc_export page=20 offset=20000 n=679
2026-03-05 14:52:50,266 INFO: GET mhc_export page=21 offset=21000 n=0
2026-03-05 14:52:52,025 INFO: mhc: unique_epitopes=13504 | unique_events=16663 | total_rows=20679
2026-03-05 14:52:52,066 INFO: === mouse mhc-II H2-IA tcell ===
2026-03-05 14:52:56,798 INFO: GET tcell_export page=0 offset=0 n=1000
2026-03-05 14:53:00,798 INFO: GET tcell_export page=1 offset=1000 n=1000
2026-03-05 14:53:03,317 INFO: GET tcell_export page=2 offset=2000 n=101
2026-03-05 14:53:05,037 INFO: GET tcell_export page=3 offset=3000 n=0
2026-03-05 14:53:05,432 INFO: tcell: unique_epitopes=464 | unique_events=500 | total_rows=2101
2026-03-05 14:53:05,654 INFO: MERGED unique epitopes -> /home/nap/lperez_nn/data/data_raw/mouse/mhc-II/H2-IA/merged_unique_epitopes.csv (n=13823)
2026-03-05 14:53:05,654 INFO: === mouse mhc-II H2-IE mhc ===
2026-03-05 14:53:44,672 INFO: GET mhc_export page=0 offset=0 n=233
2026-03-05 14:54:23,095 INFO: GET mhc_export page=1 offset=1000 n=0
2026-03-05 14:54:23,119 INFO: mhc: unique_epitopes=191 | unique_events=195 | total_rows=233
2026-03-05 14:54:23,120 INFO: === mouse mhc-II H2-IE tcell ===
2026-03-05 14:54:25,942 INFO: GET tcell_export page=0 offset=0 n=173
2026-03-05 14:54:27,733 INFO: GET tcell_export page=1 offset=1000 n=0
2026-03-05 14:54:27,757 INFO: tcell: unique_epitopes=66 | unique_events=69 | total_rows=173
2026-03-05 14:54:27,763 INFO: MERGED unique epitopes -> /home/nap/lperez_nn/data/data_raw/mouse/mhc-II/H2-IE/merged_unique_epitopes.csv (n=224)
2026-03-05 14:54:27,763 INFO: === human mhc-I HLA-A mhc ===
2026-03-05 14:55:07,656 INFO: GET mhc_export page=0 offset=0 n=1000
2026-03-05 14:55:49,541 INFO: GET mhc_export page=1 offset=1000 n=1000
2026-03-05 14:56:35,977 INFO: GET mhc_export page=2 offset=2000 n=1000
2026-03-05 14:57:18,222 INFO: GET mhc_export page=3 offset=3000 n=1000
2026-03-05 14:58:00,029 INFO: GET mhc_export page=4 offset=4000 n=1000
2026-03-05 14:58:43,020 INFO: GET mhc_export page=5 offset=5000 n=1000
2026-03-05 14:59:25,047 INFO: GET mhc_export page=6 offset=6000 n=1000
2026-03-05 15:00:07,977 INFO: GET mhc_export page=7 offset=7000 n=1000
2026-03-05 15:00:50,182 INFO: GET mhc_export page=8 offset=8000 n=1000
2026-03-05 15:01:32,192 INFO: GET mhc_export page=9 offset=9000 n=1000
2026-03-05 15:02:14,327 INFO: GET mhc_export page=10 offset=10000 n=1000
2026-03-05 15:02:57,325 INFO: GET mhc_export page=11 offset=11000 n=1000
2026-03-05 15:03:39,327 INFO: GET mhc_export page=12 offset=12000 n=1000
2026-03-05 15:04:21,245 INFO: GET mhc_export page=13 offset=13000 n=1000
2026-03-05 15:05:03,903 INFO: GET mhc_export page=14 offset=14000 n=1000
2026-03-05 15:05:45,321 INFO: GET mhc_export page=15 offset=15000 n=1000
2026-03-05 15:06:26,939 INFO: GET mhc_export page=16 offset=16000 n=1000
2026-03-05 15:07:09,023 INFO: GET mhc_export page=17 offset=17000 n=1000
2026-03-05 15:07:50,011 INFO: GET mhc_export page=18 offset=18000 n=1000
2026-03-05 15:08:32,887 INFO: GET mhc_export page=19 offset=19000 n=1000
2026-03-05 15:09:14,595 INFO: GET mhc_export page=20 offset=20000 n=1000
2026-03-05 15:09:55,833 INFO: GET mhc_export page=21 offset=21000 n=1000
2026-03-05 15:10:37,330 INFO: GET mhc_export page=22 offset=22000 n=1000
2026-03-05 15:11:18,105 INFO: GET mhc_export page=23 offset=23000 n=1000
2026-03-05 15:11:58,599 INFO: GET mhc_export page=24 offset=24000 n=1000
2026-03-05 15:12:39,861 INFO: GET mhc_export page=25 offset=25000 n=1000
2026-03-05 15:13:21,824 INFO: GET mhc_export page=26 offset=26000 n=1000
2026-03-05 15:14:02,761 INFO: GET mhc_export page=27 offset=27000 n=1000
2026-03-05 15:14:45,549 INFO: GET mhc_export page=28 offset=28000 n=1000
2026-03-05 15:15:27,359 INFO: GET mhc_export page=29 offset=29000 n=1000
2026-03-05 15:16:09,653 INFO: GET mhc_export page=30 offset=30000 n=1000
2026-03-05 15:16:51,305 INFO: GET mhc_export page=31 offset=31000 n=1000
2026-03-05 15:17:32,539 INFO: GET mhc_export page=32 offset=32000 n=1000
2026-03-05 15:18:15,327 INFO: GET mhc_export page=33 offset=33000 n=1000
2026-03-05 15:18:56,579 INFO: GET mhc_export page=34 offset=34000 n=1000
2026-03-05 15:19:37,692 INFO: GET mhc_export page=35 offset=35000 n=1000
2026-03-05 15:20:19,905 INFO: GET mhc_export page=36 offset=36000 n=1000
2026-03-05 15:21:01,254 INFO: GET mhc_export page=37 offset=37000 n=1000
2026-03-05 15:21:42,971 INFO: GET mhc_export page=38 offset=38000 n=1000
2026-03-05 15:22:24,426 INFO: GET mhc_export page=39 offset=39000 n=1000
2026-03-05 15:23:05,828 INFO: GET mhc_export page=40 offset=40000 n=1000
2026-03-05 15:23:46,516 INFO: GET mhc_export page=41 offset=41000 n=1000
2026-03-05 15:24:28,221 INFO: GET mhc_export page=42 offset=42000 n=1000
2026-03-05 15:25:13,100 INFO: GET mhc_export page=43 offset=43000 n=1000
2026-03-05 15:25:56,245 INFO: GET mhc_export page=44 offset=44000 n=1000
2026-03-05 15:26:37,612 INFO: GET mhc_export page=45 offset=45000 n=1000
2026-03-05 15:27:19,435 INFO: GET mhc_export page=46 offset=46000 n=1000
2026-03-05 15:28:01,920 INFO: GET mhc_export page=47 offset=47000 n=1000
2026-03-05 15:28:44,031 INFO: GET mhc_export page=48 offset=48000 n=1000
2026-03-05 15:29:26,270 INFO: GET mhc_export page=49 offset=49000 n=1000
2026-03-05 15:30:08,003 INFO: GET mhc_export page=50 offset=50000 n=1000
2026-03-05 15:30:49,629 INFO: GET mhc_export page=51 offset=51000 n=1000
2026-03-05 15:31:31,309 INFO: GET mhc_export page=52 offset=52000 n=1000
2026-03-05 15:32:13,387 INFO: GET mhc_export page=53 offset=53000 n=1000
2026-03-05 15:32:56,084 INFO: GET mhc_export page=54 offset=54000 n=1000
2026-03-05 15:33:37,966 INFO: GET mhc_export page=55 offset=55000 n=1000
2026-03-05 15:34:20,393 INFO: GET mhc_export page=56 offset=56000 n=1000
2026-03-05 15:35:01,907 INFO: GET mhc_export page=57 offset=57000 n=1000
2026-03-05 15:35:43,988 INFO: GET mhc_export page=58 offset=58000 n=1000
2026-03-05 15:36:25,753 INFO: GET mhc_export page=59 offset=59000 n=1000
2026-03-05 15:37:08,999 INFO: GET mhc_export page=60 offset=60000 n=1000
2026-03-05 15:37:50,741 INFO: GET mhc_export page=61 offset=61000 n=1000
2026-03-05 15:38:32,400 INFO: GET mhc_export page=62 offset=62000 n=1000
2026-03-05 15:39:14,903 INFO: GET mhc_export page=63 offset=63000 n=1000
2026-03-05 15:39:57,391 INFO: GET mhc_export page=64 offset=64000 n=1000
2026-03-05 15:40:39,025 INFO: GET mhc_export page=65 offset=65000 n=1000
2026-03-05 15:41:22,566 INFO: GET mhc_export page=66 offset=66000 n=1000
2026-03-05 15:42:05,444 INFO: GET mhc_export page=67 offset=67000 n=1000
2026-03-05 15:42:48,128 INFO: GET mhc_export page=68 offset=68000 n=1000
2026-03-05 15:43:30,562 INFO: GET mhc_export page=69 offset=69000 n=1000
2026-03-05 15:44:11,946 INFO: GET mhc_export page=70 offset=70000 n=1000
2026-03-05 15:44:54,090 INFO: GET mhc_export page=71 offset=71000 n=1000
2026-03-05 15:45:36,201 INFO: GET mhc_export page=72 offset=72000 n=1000
2026-03-05 15:46:18,136 INFO: GET mhc_export page=73 offset=73000 n=1000
2026-03-05 15:47:01,322 INFO: GET mhc_export page=74 offset=74000 n=1000
2026-03-05 15:47:44,586 INFO: GET mhc_export page=75 offset=75000 n=1000
2026-03-05 15:48:32,705 INFO: GET mhc_export page=76 offset=76000 n=1000
2026-03-05 15:49:14,782 INFO: GET mhc_export page=77 offset=77000 n=1000
2026-03-05 15:49:57,168 INFO: GET mhc_export page=78 offset=78000 n=1000
2026-03-05 15:50:38,999 INFO: GET mhc_export page=79 offset=79000 n=1000
2026-03-05 15:51:20,457 INFO: GET mhc_export page=80 offset=80000 n=1000
2026-03-05 15:52:03,706 INFO: GET mhc_export page=81 offset=81000 n=1000
2026-03-05 15:52:46,302 INFO: GET mhc_export page=82 offset=82000 n=1000
2026-03-05 15:53:29,504 INFO: GET mhc_export page=83 offset=83000 n=1000
2026-03-05 15:54:13,440 INFO: GET mhc_export page=84 offset=84000 n=1000
2026-03-05 15:54:57,041 INFO: GET mhc_export page=85 offset=85000 n=1000
2026-03-05 15:55:40,553 INFO: GET mhc_export page=86 offset=86000 n=1000
2026-03-05 15:56:23,388 INFO: GET mhc_export page=87 offset=87000 n=1000
2026-03-05 15:57:06,096 INFO: GET mhc_export page=88 offset=88000 n=1000
2026-03-05 15:57:48,346 INFO: GET mhc_export page=89 offset=89000 n=1000
2026-03-05 15:58:31,064 INFO: GET mhc_export page=90 offset=90000 n=1000
2026-03-05 15:59:12,760 INFO: GET mhc_export page=91 offset=91000 n=1000
2026-03-05 15:59:54,466 INFO: GET mhc_export page=92 offset=92000 n=1000
2026-03-05 16:00:36,246 INFO: GET mhc_export page=93 offset=93000 n=1000
2026-03-05 16:01:17,962 INFO: GET mhc_export page=94 offset=94000 n=1000
2026-03-05 16:02:00,215 INFO: GET mhc_export page=95 offset=95000 n=1000
2026-03-05 16:02:43,649 INFO: GET mhc_export page=96 offset=96000 n=1000
2026-03-05 16:03:26,217 INFO: GET mhc_export page=97 offset=97000 n=1000
2026-03-05 16:04:07,675 INFO: GET mhc_export page=98 offset=98000 n=1000
2026-03-05 16:04:50,051 INFO: GET mhc_export page=99 offset=99000 n=1000
2026-03-05 16:05:31,953 INFO: GET mhc_export page=100 offset=100000 n=1000
2026-03-05 16:06:12,794 INFO: GET mhc_export page=101 offset=101000 n=1000
2026-03-05 16:06:55,184 INFO: GET mhc_export page=102 offset=102000 n=1000
2026-03-05 16:07:37,591 INFO: GET mhc_export page=103 offset=103000 n=1000
2026-03-05 16:08:20,572 INFO: GET mhc_export page=104 offset=104000 n=1000
2026-03-05 16:09:02,004 INFO: GET mhc_export page=105 offset=105000 n=1000
2026-03-05 16:09:44,035 INFO: GET mhc_export page=106 offset=106000 n=1000
2026-03-05 16:10:26,535 INFO: GET mhc_export page=107 offset=107000 n=1000
2026-03-05 16:11:08,946 INFO: GET mhc_export page=108 offset=108000 n=1000
2026-03-05 16:11:51,359 INFO: GET mhc_export page=109 offset=109000 n=1000
2026-03-05 16:12:33,422 INFO: GET mhc_export page=110 offset=110000 n=1000
2026-03-05 16:13:14,751 INFO: GET mhc_export page=111 offset=111000 n=1000
2026-03-05 16:13:56,461 INFO: GET mhc_export page=112 offset=112000 n=1000
2026-03-05 16:14:38,117 INFO: GET mhc_export page=113 offset=113000 n=1000
2026-03-05 16:15:19,665 INFO: GET mhc_export page=114 offset=114000 n=1000
2026-03-05 16:16:00,249 INFO: GET mhc_export page=115 offset=115000 n=1000
2026-03-05 16:16:40,745 INFO: GET mhc_export page=116 offset=116000 n=1000
2026-03-05 16:17:22,347 INFO: GET mhc_export page=117 offset=117000 n=1000
2026-03-05 16:18:03,129 INFO: GET mhc_export page=118 offset=118000 n=1000
2026-03-05 16:18:43,963 INFO: GET mhc_export page=119 offset=119000 n=1000
Traceback (most recent call last):
  File "/usr/lib/python3/dist-packages/urllib3/response.py", line 710, in _error_catcher
    yield
  File "/usr/lib/python3/dist-packages/urllib3/response.py", line 835, in _raw_read
    raise IncompleteRead(self._fp_bytes_read, self.length_remaining)
urllib3.exceptions.IncompleteRead: IncompleteRead(2522433 bytes read, 2755412 more expected)

The above exception was the direct cause of the following exception:

Traceback (most recent call last):
  File "/usr/lib/python3/dist-packages/requests/models.py", line 816, in generate
    yield from self.raw.stream(chunk_size, decode_content=True)
  File "/usr/lib/python3/dist-packages/urllib3/response.py", line 936, in stream
    data = self.read(amt=amt, decode_content=decode_content)
           ^^^^^^^^^^^^^^^^^^^^^^^^^^^^^^^^^^^^^^^^^^^^^^^^^
  File "/usr/lib/python3/dist-packages/urllib3/response.py", line 907, in read
    data = self._raw_read(amt)
           ^^^^^^^^^^^^^^^^^^^
  File "/usr/lib/python3/dist-packages/urllib3/response.py", line 813, in _raw_read
    with self._error_catcher():
  File "/usr/lib/python3.12/contextlib.py", line 158, in __exit__
    self.gen.throw(value)
  File "/usr/lib/python3/dist-packages/urllib3/response.py", line 727, in _error_catcher
    raise ProtocolError(f"Connection broken: {e!r}", e) from e
urllib3.exceptions.ProtocolError: ('Connection broken: IncompleteRead(2522433 bytes read, 2755412 more expected)', IncompleteRead(2522433 bytes read, 2755412 more expected))

During handling of the above exception, another exception occurred:

Traceback (most recent call last):
  File "/home/nap/lperez_nn/scripts/dump_mhc_tcell_mouse_human.py", line 235, in <module>
    main()
  File "/home/nap/lperez_nn/scripts/dump_mhc_tcell_mouse_human.py", line 200, in main
    fetch_pipeline(species, class_type, haplotype, "mhc", class_num, root)
  File "/home/nap/lperez_nn/scripts/dump_mhc_tcell_mouse_human.py", line 180, in fetch_pipeline
    rows = fetch_all(base_url, params=params)
           ^^^^^^^^^^^^^^^^^^^^^^^^^^^^^^^^^^
  File "/home/nap/lperez_nn/scripts/dump_mhc_tcell_mouse_human.py", line 70, in fetch_all
    r = requests.get(base_url, params=p, timeout=timeout)
        ^^^^^^^^^^^^^^^^^^^^^^^^^^^^^^^^^^^^^^^^^^^^^^^^^
  File "/usr/lib/python3/dist-packages/requests/api.py", line 73, in get
    return request("get", url, params=params, **kwargs)
           ^^^^^^^^^^^^^^^^^^^^^^^^^^^^^^^^^^^^^^^^^^^^
  File "/usr/lib/python3/dist-packages/requests/api.py", line 59, in request
    return session.request(method=method, url=url, **kwargs)
           ^^^^^^^^^^^^^^^^^^^^^^^^^^^^^^^^^^^^^^^^^^^^^^^^^
  File "/usr/lib/python3/dist-packages/requests/sessions.py", line 589, in request
    resp = self.send(prep, **send_kwargs)
           ^^^^^^^^^^^^^^^^^^^^^^^^^^^^^^
  File "/usr/lib/python3/dist-packages/requests/sessions.py", line 747, in send
    r.content
  File "/usr/lib/python3/dist-packages/requests/models.py", line 899, in content
    self._content = b"".join(self.iter_content(CONTENT_CHUNK_SIZE)) or b""
                    ^^^^^^^^^^^^^^^^^^^^^^^^^^^^^^^^^^^^^^^^^^^^^^^
  File "/usr/lib/python3/dist-packages/requests/models.py", line 818, in generate
    raise ChunkedEncodingError(e)
requests.exceptions.ChunkedEncodingError: ('Connection broken: IncompleteRead(2522433 bytes read, 2755412 more expected)', IncompleteRead(2522433 bytes read, 2755412 more expected))
